Component: ARM Compiler 5.05 update 1 (build 106) Tool: armlink [4d0efa]

==============================================================================

Section Cross References

    startup_stm32f40_41xxx.o(STACK) refers (Special) to heapauxi.o(.text) for __use_two_region_memory
    startup_stm32f40_41xxx.o(HEAP) refers (Special) to heapauxi.o(.text) for __use_two_region_memory
    startup_stm32f40_41xxx.o(RESET) refers (Special) to heapauxi.o(.text) for __use_two_region_memory
    startup_stm32f40_41xxx.o(RESET) refers to startup_stm32f40_41xxx.o(STACK) for __initial_sp
    startup_stm32f40_41xxx.o(RESET) refers to startup_stm32f40_41xxx.o(.text) for Reset_Handler
    startup_stm32f40_41xxx.o(RESET) refers to exti.o(i.EXTI3_IRQHandler) for EXTI3_IRQHandler
    startup_stm32f40_41xxx.o(RESET) refers to exti.o(i.EXTI9_5_IRQHandler) for EXTI9_5_IRQHandler
    startup_stm32f40_41xxx.o(RESET) refers to timer.o(i.TIM3_IRQHandler) for TIM3_IRQHandler
    startup_stm32f40_41xxx.o(RESET) refers to usart.o(i.USART1_IRQHandler) for USART1_IRQHandler
    startup_stm32f40_41xxx.o(.text) refers (Special) to heapauxi.o(.text) for __use_two_region_memory
    startup_stm32f40_41xxx.o(.text) refers to __main.o(!!!main) for __main
    startup_stm32f40_41xxx.o(.text) refers to startup_stm32f40_41xxx.o(HEAP) for Heap_Mem
    startup_stm32f40_41xxx.o(.text) refers to startup_stm32f40_41xxx.o(STACK) for Stack_Mem
    main.o(i.dynamic_check) refers to pic_process.o(i.CAMERA_Image_Cut_Compress_6080) for CAMERA_Image_Cut_Compress_6080
    main.o(i.dynamic_check) refers to pic_process.o(i.Image_Histeq) for Image_Histeq
    main.o(i.dynamic_check) refers to pic_process.o(i.Sobel_After) for Sobel_After
    main.o(i.dynamic_check) refers to pic_process.o(i.Water_Level_Dynamic) for Water_Level_Dynamic
    main.o(i.dynamic_check) refers to pic_process.o(i.Image_Send_Dynamic) for Image_Send_Dynamic
    main.o(i.dynamic_check) refers to exti.o(.data) for ov_sta
    main.o(i.dynamic_check) refers to pic_process.o(.data) for max_dynamic
    main.o(i.main) refers to pic_process.o(i.cameraSysInit) for cameraSysInit
    main.o(i.main) refers to pic_process.o(.data) for ThereIsACircle
    pic_process.o(i.CAMERA_Image_Cut_Compress_6080) refers to rt_memcpy_w.o(.text) for __aeabi_memcpy4
    pic_process.o(i.CAMERA_Image_Cut_Compress_6080) refers to pic_process.o(.bss) for Pic_Buff
    pic_process.o(i.CAMERA_Image_Cut_Compress_6080) refers to exti.o(.data) for ov_sta
    pic_process.o(i.Hough) refers to pic_process.o(i.HoughHelper) for HoughHelper
    pic_process.o(i.Hough) refers to rt_memclr_w.o(.text) for __aeabi_memclr4
    pic_process.o(i.Hough) refers to pic_process.o(.bss) for hough_space
    pic_process.o(i.Hough) refers to pic_process.o(.data) for x_circle
    pic_process.o(i.HoughAfter) refers to pic_process.o(i.HoughAfterHelper) for HoughAfterHelper
    pic_process.o(i.HoughAfter) refers to rt_memclr_w.o(.text) for __aeabi_memclr4
    pic_process.o(i.HoughAfter) refers to pic_process.o(.data) for r_circle
    pic_process.o(i.HoughAfter) refers to pic_process.o(.bss) for hough_space
    pic_process.o(i.HoughAfterHelper) refers to dflt_clz.o(x$fpl$dflt) for __aeabi_i2d
    pic_process.o(i.HoughAfterHelper) refers to dmul.o(x$fpl$dmul) for __aeabi_dmul
    pic_process.o(i.HoughAfterHelper) refers to ddiv.o(x$fpl$ddiv) for __aeabi_ddiv
    pic_process.o(i.HoughAfterHelper) refers to cos.o(i.__hardfp_cos) for __hardfp_cos
    pic_process.o(i.HoughAfterHelper) refers to daddsub_clz.o(x$fpl$dsub) for __aeabi_dsub
    pic_process.o(i.HoughAfterHelper) refers to dfix.o(x$fpl$dfix) for __aeabi_d2iz
    pic_process.o(i.HoughAfterHelper) refers to sin.o(i.__hardfp_sin) for __hardfp_sin
    pic_process.o(i.HoughAfterHelper) refers to pic_process.o(.data) for y_circle
    pic_process.o(i.HoughAfterHelper) refers to pic_process.o(.bss) for Pic_Buff
    pic_process.o(i.HoughHelper) refers to dflt_clz.o(x$fpl$dflt) for __aeabi_i2d
    pic_process.o(i.HoughHelper) refers to dmul.o(x$fpl$dmul) for __aeabi_dmul
    pic_process.o(i.HoughHelper) refers to ddiv.o(x$fpl$ddiv) for __aeabi_ddiv
    pic_process.o(i.HoughHelper) refers to cos.o(i.__hardfp_cos) for __hardfp_cos
    pic_process.o(i.HoughHelper) refers to daddsub_clz.o(x$fpl$dsub) for __aeabi_dsub
    pic_process.o(i.HoughHelper) refers to dfix.o(x$fpl$dfix) for __aeabi_d2iz
    pic_process.o(i.HoughHelper) refers to sin.o(i.__hardfp_sin) for __hardfp_sin
    pic_process.o(i.HoughHelper) refers to pic_process.o(.bss) for Pic_Buff
    pic_process.o(i.Image_Histeq) refers to f2d.o(x$fpl$f2d) for __aeabi_f2d
    pic_process.o(i.Image_Histeq) refers to dmul.o(x$fpl$dmul) for __aeabi_dmul
    pic_process.o(i.Image_Histeq) refers to daddsub_clz.o(x$fpl$dadd) for __aeabi_dadd
    pic_process.o(i.Image_Histeq) refers to dfixu.o(x$fpl$dfixu) for __aeabi_d2uiz
    pic_process.o(i.Image_Histeq) refers to pic_process.o(.bss) for gray_density_array
[...]
    sin_i.o(i.__kernel_sin) refers to daddsub_clz.o(x$fpl$drsb) for __aeabi_drsub
    sin_i.o(i.__kernel_sin) refers to daddsub_clz.o(x$fpl$dadd) for __aeabi_dadd
    sin_i.o(i.__kernel_sin) refers to sin_i.o(.constdata) for .constdata
    sin_i.o(.constdata) refers (Special) to usenofp.o(x$fpl$usenofp) for __I$use$fp
    sin_i_x.o(i.____kernel_sin$lsc) refers (Special) to usenofp.o(x$fpl$usenofp) for __I$use$fp
    sin_i_x.o(i.____kernel_sin$lsc) refers to dmul.o(x$fpl$dmul) for __aeabi_dmul
    sin_i_x.o(i.____kernel_sin$lsc) refers to poly.o(i.__kernel_poly) for __kernel_poly
    sin_i_x.o(i.____kernel_sin$lsc) refers to daddsub_clz.o(x$fpl$dsub) for __aeabi_dsub
    sin_i_x.o(i.____kernel_sin$lsc) refers to daddsub_clz.o(x$fpl$drsb) for __aeabi_drsub
    sin_i_x.o(i.____kernel_sin$lsc) refers to daddsub_clz.o(x$fpl$dadd) for __aeabi_dadd
    sin_i_x.o(i.____kernel_sin$lsc) refers to sin_i_x.o(.constdata) for .constdata
    sin_i_x.o(.constdata) refers (Special) to usenofp.o(x$fpl$usenofp) for __I$use$fp
    __rtentry2.o(.ARM.Collect$$rtentry$$00000008) refers to boardinit2.o(.text) for _platform_post_stackheap_init
    __rtentry2.o(.ARM.Collect$$rtentry$$0000000A) refers to libinit.o(.ARM.Collect$$libinit$$00000000) for __rt_lib_init
    __rtentry2.o(.ARM.Collect$$rtentry$$0000000B) refers to boardinit3.o(.text) for _platform_post_lib_init
    __rtentry2.o(.ARM.Collect$$rtentry$$0000000D) refers to main.o(i.main) for main
    __rtentry2.o(.ARM.Collect$$rtentry$$0000000D) refers to exit.o(.text) for exit
    __rtentry2.o(.ARM.exidx) refers to __rtentry2.o(.ARM.Collect$$rtentry$$00000001) for .ARM.Collect$$rtentry$$00000001
    __rtentry2.o(.ARM.exidx) refers to __rtentry2.o(.ARM.Collect$$rtentry$$00000008) for .ARM.Collect$$rtentry$$00000008
    __rtentry2.o(.ARM.exidx) refers to __rtentry2.o(.ARM.Collect$$rtentry$$0000000A) for .ARM.Collect$$rtentry$$0000000A
    __rtentry2.o(.ARM.exidx) refers to __rtentry2.o(.ARM.Collect$$rtentry$$0000000B) for .ARM.Collect$$rtentry$$0000000B
    __rtentry2.o(.ARM.exidx) refers to __rtentry2.o(.ARM.Collect$$rtentry$$0000000D) for .ARM.Collect$$rtentry$$0000000D
    __rtentry4.o(.ARM.Collect$$rtentry$$00000004) refers to sys_stackheap_outer.o(.text) for __user_setup_stackheap
    __rtentry4.o(.ARM.exidx) refers to __rtentry4.o(.ARM.Collect$$rtentry$$00000004) for .ARM.Collect$$rtentry$$00000004
    rt_errno_addr.o(.text) refers to rt_errno_addr.o(.bss) for __aeabi_errno_addr_data
    rt_errno_addr_intlibspace.o(.text) refers to libspace.o(.bss) for __libspace_start
    fabs.o(i.__hardfp_fabs) refers (Special) to usenofp.o(x$fpl$usenofp) for __I$use$fp
    fabs.o(i.__softfp_fabs) refers (Special) to usenofp.o(x$fpl$usenofp) for __I$use$fp
    fabs.o(i.fabs) refers (Special) to usenofp.o(x$fpl$usenofp) for __I$use$fp
    fpclassify.o(i.__ARM_fpclassify) refers (Special) to usenofp.o(x$fpl$usenofp) for __I$use$fp
    poly.o(i.__kernel_poly) refers (Special) to usenofp.o(x$fpl$usenofp) for __I$use$fp
    poly.o(i.__kernel_poly) refers to dmul.o(x$fpl$dmul) for __aeabi_dmul
    poly.o(i.__kernel_poly) refers to daddsub_clz.o(x$fpl$dadd) for __aeabi_dadd
    libspace.o(.text) refers to libspace.o(.bss) for __libspace_start
    sys_stackheap_outer.o(.text) refers to libspace.o(.text) for __user_perproc_libspace
    sys_stackheap_outer.o(.text) refers to startup_stm32f40_41xxx.o(.text) for __user_initial_stackheap
    exit.o(.text) refers to rtexit.o(.ARM.Collect$$rtexit$$00000000) for __rt_exit
    libinit.o(.ARM.Collect$$libinit$$00000000) refers (Special) to libinit2.o(.ARM.Collect$$libinit$$0000002E) for __rt_lib_init_alloca_1
    libinit.o(.ARM.Collect$$libinit$$00000000) refers (Special) to libinit2.o(.ARM.Collect$$libinit$$0000002C) for __rt_lib_init_argv_1
    libinit.o(.ARM.Collect$$libinit$$00000000) refers (Special) to libinit2.o(.ARM.Collect$$libinit$$0000001B) for __rt_lib_init_atexit_1
    libinit.o(.ARM.Collect$$libinit$$00000000) refers (Special) to libinit2.o(.ARM.Collect$$libinit$$00000021) for __rt_lib_init_clock_1
    libinit.o(.ARM.Collect$$libinit$$00000000) refers (Special) to libinit2.o(.ARM.Collect$$libinit$$00000032) for __rt_lib_init_cpp_1
    libinit.o(.ARM.Collect$$libinit$$00000000) refers (Special) to libinit2.o(.ARM.Collect$$libinit$$00000030) for __rt_lib_init_exceptions_1
    libinit.o(.ARM.Collect$$libinit$$00000000) refers (Special) to libinit2.o(.ARM.Collect$$libinit$$00000001) for __rt_lib_init_fp_1
    libinit.o(.ARM.Collect$$libinit$$00000000) refers (Special) to libinit2.o(.ARM.Collect$$libinit$$0000001F) for __rt_lib_init_fp_trap_1
    libinit.o(.ARM.Collect$$libinit$$00000000) refers (Special) to libinit2.o(.ARM.Collect$$libinit$$00000023) for __rt_lib_init_getenv_1
    libinit.o(.ARM.Collect$$libinit$$00000000) refers (Special) to libinit2.o(.ARM.Collect$$libinit$$0000000A) for __rt_lib_init_heap_1
    libinit.o(.ARM.Collect$$libinit$$00000000) refers (Special) to libinit2.o(.ARM.Collect$$libinit$$00000011) for __rt_lib_init_lc_collate_1
    libinit.o(.ARM.Collect$$libinit$$00000000) refers (Special) to libinit2.o(.ARM.Collect$$libinit$$00000013) for __rt_lib_init_lc_ctype_1
    libinit.o(.ARM.Collect$$libinit$$00000000) refers (Special) to libinit2.o(.ARM.Collect$$libinit$$00000015) for __rt_lib_init_lc_monetary_1
    libinit.o(.ARM.Collect$$libinit$$00000000) refers (Special) to libinit2.o(.ARM.Collect$$libinit$$00000017) for __rt_lib_init_lc_numeric_1
    libinit.o(.ARM.Collect$$libinit$$00000000) refers (Special) to libinit2.o(.ARM.Collect$$libinit$$00000019) for __rt_lib_init_lc_time_1
    libinit.o(.ARM.Collect$$libinit$$00000000) refers (Special) to libinit2.o(.ARM.Collect$$libinit$$00000004) for __rt_lib_init_preinit_1
    libinit.o(.ARM.Collect$$libinit$$00000000) refers (Special) to libinit2.o(.ARM.Collect$$libinit$$0000000E) for __rt_lib_init_rand_1
    libinit.o(.ARM.Collect$$libinit$$00000000) refers (Special) to libinit2.o(.ARM.Collect$$libinit$$00000033) for __rt_lib_init_return
    libinit.o(.ARM.Collect$$libinit$$00000000) refers (Special) to libinit2.o(.ARM.Collect$$libinit$$0000001D) for __rt_lib_init_signal_1
    libinit.o(.ARM.Collect$$libinit$$00000000) refers (Special) to libinit2.o(.ARM.Collect$$libinit$$00000025) for __rt_lib_init_stdio_1
    libinit.o(.ARM.Collect$$libinit$$00000000) refers (Special) to libinit2.o(.ARM.Collect$$libinit$$0000000C) for __rt_lib_init_user_alloc_1
    rtexit.o(.ARM.Collect$$rtexit$$00000000) refers (Special) to rtexit2.o(.ARM.Collect$$rtexit$$00000004) for __rt_exit_exit
    rtexit.o(.ARM.Collect$$rtexit$$00000000) refers (Special) to rtexit2.o(.ARM.Collect$$rtexit$$00000003) for __rt_exit_ls
    rtexit.o(.ARM.Collect$$rtexit$$00000000) refers (Special) to rtexit2.o(.ARM.Collect$$rtexit$$00000002) for __rt_exit_prels_1
    rtexit.o(.ARM.exidx) refers (Special) to rtexit2.o(.ARM.Collect$$rtexit$$00000004) for __rt_exit_exit
    rtexit.o(.ARM.exidx) refers (Special) to rtexit2.o(.ARM.Collect$$rtexit$$00000003) for __rt_exit_ls
    rtexit.o(.ARM.exidx) refers (Special) to rtexit2.o(.ARM.Collect$$rtexit$$00000002) for __rt_exit_prels_1
    rtexit.o(.ARM.exidx) refers to rtexit.o(.ARM.Collect$$rtexit$$00000000) for .ARM.Collect$$rtexit$$00000000
    libinit2.o(.ARM.Collect$$libinit$$00000001) refers to fpinit.o(x$fpl$fpinit) for _fp_init
    libinit2.o(.ARM.Collect$$libinit$$00000010) refers to libinit2.o(.ARM.Collect$$libinit$$0000000F) for .ARM.Collect$$libinit$$0000000F
    libinit2.o(.ARM.Collect$$libinit$$00000012) refers to libinit2.o(.ARM.Collect$$libinit$$0000000F) for .ARM.Collect$$libinit$$0000000F
    libinit2.o(.ARM.Collect$$libinit$$00000014) refers to libinit2.o(.ARM.Collect$$libinit$$0000000F) for .ARM.Collect$$libinit$$0000000F
    libinit2.o(.ARM.Collect$$libinit$$00000016) refers to libinit2.o(.ARM.Collect$$libinit$$0000000F) for .ARM.Collect$$libinit$$0000000F
    libinit2.o(.ARM.Collect$$libinit$$00000018) refers to libinit2.o(.ARM.Collect$$libinit$$0000000F) for .ARM.Collect$$libinit$$0000000F
    libinit2.o(.ARM.Collect$$libinit$$00000026) refers to argv_veneer.o(.emb_text) for __ARM_argv_veneer
    libinit2.o(.ARM.Collect$$libinit$$00000027) refers to argv_veneer.o(.emb_text) for __ARM_argv_veneer
    rtexit2.o(.ARM.Collect$$rtexit$$00000003) refers to libshutdown.o(.ARM.Collect$$libshutdown$$00000000) for __rt_lib_shutdown
    rtexit2.o(.ARM.Collect$$rtexit$$00000004) refers to usart.o(i._sys_exit) for _sys_exit
    rtexit2.o(.ARM.exidx) refers to rtexit2.o(.ARM.Collect$$rtexit$$00000001) for .ARM.Collect$$rtexit$$00000001
    rtexit2.o(.ARM.exidx) refers to rtexit2.o(.ARM.Collect$$rtexit$$00000003) for .ARM.Collect$$rtexit$$00000003
    rtexit2.o(.ARM.exidx) refers to rtexit2.o(.ARM.Collect$$rtexit$$00000004) for .ARM.Collect$$rtexit$$00000004
    argv_veneer.o(.emb_text) refers to no_argv.o(.text) for __ARM_get_argv
    _get_argv_nomalloc.o(.text) refers (Special) to hrguard.o(.text) for __heap_region$guard
    _get_argv_nomalloc.o(.text) refers to defsig_rtmem_outer.o(.text) for __rt_SIGRTMEM
    _get_argv_nomalloc.o(.text) refers to sys_command.o(.text) for _sys_command_string
    libshutdown.o(.ARM.Collect$$libshutdown$$00000000) refers (Special) to libshutdown2.o(.ARM.Collect$$libshutdown$$00000006) for __rt_lib_shutdown_fp_trap_1
    libshutdown.o(.ARM.Collect$$libshutdown$$00000000) refers (Special) to libshutdown2.o(.ARM.Collect$$libshutdown$$0000000E) for __rt_lib_shutdown_heap_1
    libshutdown.o(.ARM.Collect$$libshutdown$$00000000) refers (Special) to libshutdown2.o(.ARM.Collect$$libshutdown$$0000000F) for __rt_lib_shutdown_return
    libshutdown.o(.ARM.Collect$$libshutdown$$00000000) refers (Special) to libshutdown2.o(.ARM.Collect$$libshutdown$$00000009) for __rt_lib_shutdown_signal_1
    libshutdown.o(.ARM.Collect$$libshutdown$$00000000) refers (Special) to libshutdown2.o(.ARM.Collect$$libshutdown$$00000003) for __rt_lib_shutdown_stdio_1
    libshutdown.o(.ARM.Collect$$libshutdown$$00000000) refers (Special) to libshutdown2.o(.ARM.Collect$$libshutdown$$0000000B) for __rt_lib_shutdown_user_alloc_1
    sys_command.o(.text) refers (Special) to use_no_semi.o(.text) for __I$use$semihosting
    sys_command.o(.text) refers (Special) to indicate_semi.o(.text) for __semihosting_library_function
    defsig_rtmem_outer.o(.text) refers to defsig_rtmem_inner.o(.text) for __rt_SIGRTMEM_inner
    defsig_rtmem_outer.o(.text) refers to defsig_exit.o(.text) for __sig_exit
    defsig_rtmem_formal.o(.text) refers to rt_raise.o(.text) for __rt_raise
    rt_raise.o(.text) refers to __raise.o(.text) for __raise
    rt_raise.o(.text) refers to usart.o(i._sys_exit) for _sys_exit
    defsig_exit.o(.text) refers to usart.o(i._sys_exit) for _sys_exit
    defsig_rtmem_inner.o(.text) refers to defsig_general.o(.text) for __default_signal_display
    __raise.o(.text) refers to defsig.o(CL$$defsig) for __default_signal_handler
    defsig_general.o(.text) refers to sys_wrch.o(.text) for _ttywrch
    sys_wrch.o(.text) refers (Special) to use_no_semi.o(.text) for __I$use$semihosting
    sys_wrch.o(.text) refers (Special) to indicate_semi.o(.text) for __semihosting_library_function
    defsig.o(CL$$defsig) refers to defsig_rtmem_inner.o(.text) for __rt_SIGRTMEM_inner
    defsig_abrt_inner.o(.text) refers to defsig_general.o(.text) for __default_signal_display
    defsig_fpe_inner.o(.text) refers to defsig_general.o(.text) for __default_signal_display
    defsig_rtred_inner.o(.text) refers to defsig_general.o(.text) for __default_signal_display
    defsig_stak_inner.o(.text) refers to defsig_general.o(.text) for __default_signal_display
    defsig_pvfn_inner.o(.text) refers to defsig_general.o(.text) for __default_signal_display
    defsig_cppl_inner.o(.text) refers to defsig_general.o(.text) for __default_signal_display
    defsig_segv_inner.o(.text) refers to defsig_general.o(.text) for __default_signal_display
    defsig_other.o(.text) refers to defsig_general.o(.text) for __default_signal_display


==============================================================================

Removing Unused input sections from the image.

    Removing main.o(.rev16_text), (4 bytes).
    Removing main.o(.revsh_text), (4 bytes).
    Removing main.o(i.dynamic_check), (72 bytes).
    Removing pic_process.o(.rev16_text), (4 bytes).
    Removing pic_process.o(.revsh_text), (4 bytes).
    Removing pic_process.o(i.Image_Histeq), (632 bytes).
    Removing pic_process.o(i.Image_Send_After_Static), (60 bytes).
    Removing pic_process.o(i.Image_Send_Dynamic), (40 bytes).
    Removing pic_process.o(i.Sobel_After), (444 bytes).
    Removing pic_process.o(i.Water_Level_Dynamic), (116 bytes).
    Removing pic_process.o(i.Water_Level_Static), (336 bytes).
    Removing pic_process.o(i.water_Level_Helper), (452 bytes).
    Removing delay.o(.rev16_text), (4 bytes).
    Removing delay.o(.revsh_text), (4 bytes).
    Removing sys.o(.rev16_text), (4 bytes).
    Removing sys.o(.revsh_text), (4 bytes).
    Removing sys.o(.emb_text), (6 bytes).
    Removing sys.o(i.INTX_DISABLE), (4 bytes).
    Removing sys.o(i.INTX_ENABLE), (4 bytes).
    Removing sys.o(i.Sys_Standby), (76 bytes).
    Removing sys.o(i.WFI_SET), (4 bytes).
    Removing usart.o(.rev16_text), (4 bytes).
    Removing usart.o(.revsh_text), (4 bytes).
    Removing usart.o(i.USART_SendData), (8 bytes).
    Removing usart.o(i.fputc), (28 bytes).
    Removing usart.o(.bss), (200 bytes).
    Removing usart.o(.data), (6 bytes).
    Removing ov7670.o(.rev16_text), (4 bytes).
    Removing ov7670.o(.revsh_text), (4 bytes).
    Removing ov7670.o(i.OV7670_Brightness), (50 bytes).
    Removing ov7670.o(i.OV7670_Color_Saturation), (122 bytes).
    Removing ov7670.o(i.OV7670_Contrast), (50 bytes).
    Removing ov7670.o(i.OV7670_Special_Effects), (106 bytes).
    Removing sccb.o(.rev16_text), (4 bytes).
    Removing sccb.o(.revsh_text), (4 bytes).
    Removing timer.o(.rev16_text), (4 bytes).
    Removing timer.o(.revsh_text), (4 bytes).
    Removing exti.o(.rev16_text), (4 bytes).
    Removing exti.o(.revsh_text), (4 bytes).
    Removing dma.o(.rev16_text), (4 bytes).
    Removing dma.o(.revsh_text), (4 bytes).
    Removing gpio.o(.rev16_text), (4 bytes).
    Removing gpio.o(.revsh_text), (4 bytes).

43 unused section(s) (total 2904 bytes) removed from the image.

==============================================================================

Image Symbol Table

    Local Symbols

    Symbol Name                              Value     Ov Type        Size  Object(Section)

    ../clib/angel/boardlib.s                 0x00000000   Number         0  boardshut.o ABSOLUTE
    ../clib/angel/boardlib.s                 0x00000000   Number         0  boardinit3.o ABSOLUTE
    ../clib/angel/boardlib.s                 0x00000000   Number         0  boardinit2.o ABSOLUTE
    ../clib/angel/boardlib.s                 0x00000000   Number         0  boardinit1.o ABSOLUTE
    ../clib/angel/handlers.s                 0x00000000   Number         0  __scatter_copy.o ABSOLUTE
    ../clib/angel/handlers.s                 0x00000000   Number         0  __scatter_zi.o ABSOLUTE
    ../clib/angel/kernel.s                   0x00000000   Number         0  __rtentry4.o ABSOLUTE
    ../clib/angel/kernel.s                   0x00000000   Number         0  rtexit2.o ABSOLUTE
    ../clib/angel/kernel.s                   0x00000000   Number         0  __rtentry2.o ABSOLUTE
    ../clib/angel/kernel.s                   0x00000000   Number         0  __rtentry.o ABSOLUTE
    ../clib/angel/kernel.s                   0x00000000   Number         0  rtexit.o ABSOLUTE
    ../clib/angel/rt.s                       0x00000000   Number         0  rt_errno_addr_intlibspace.o ABSOLUTE
    ../clib/angel/rt.s                       0x00000000   Number         0  rt_raise.o ABSOLUTE
    ../clib/angel/rt.s                       0x00000000   Number         0  rt_errno_addr.o ABSOLUTE
    ../clib/angel/scatter.s                  0x00000000   Number         0  __scatter.o ABSOLUTE
    ../clib/angel/startup.s                  0x00000000   Number         0  __main.o ABSOLUTE
    ../clib/angel/sys.s                      0x00000000   Number         0  libspace.o ABSOLUTE
    ../clib/angel/sys.s                      0x00000000   Number         0  use_no_semi_2.o ABSOLUTE
    ../clib/angel/sys.s                      0x00000000   Number         0  use_no_semi.o ABSOLUTE
    ../clib/angel/sys.s                      0x00000000   Number         0  indicate_semi.o ABSOLUTE
    ../clib/angel/sys.s                      0x00000000   Number         0  sys_stackheap_outer.o ABSOLUTE
    ../clib/angel/sysapp.c                   0x00000000   Number         0  sys_command.o ABSOLUTE
    ../clib/angel/sysapp.c                   0x00000000   Number         0  sys_wrch.o ABSOLUTE
    ../clib/armsys.c                         0x00000000   Number         0  no_argv.o ABSOLUTE
    ../clib/armsys.c                         0x00000000   Number         0  _get_argv_nomalloc.o ABSOLUTE
    ../clib/armsys.c                         0x00000000   Number         0  argv_veneer.o ABSOLUTE
    ../clib/armsys.c                         0x00000000   Number         0  argv_veneer.o ABSOLUTE
    ../clib/fenv.c                           0x00000000   Number         0  _rserrno.o ABSOLUTE
    ../clib/heapalloc.c                      0x00000000   Number         0  hrguard.o ABSOLUTE
    ../clib/heapaux.c                        0x00000000   Number         0  heapauxi.o ABSOLUTE
    ../clib/libinit.s                        0x00000000   Number         0  libshutdown2.o ABSOLUTE
    ../clib/libinit.s                        0x00000000   Number         0  libshutdown.o ABSOLUTE
    ../clib/libinit.s                        0x00000000   Number         0  libinit.o ABSOLUTE
    ../clib/libinit.s                        0x00000000   Number         0  libinit2.o ABSOLUTE
    ../clib/memcpset.s                       0x00000000   Number         0  rt_memclr_w.o ABSOLUTE
    ../clib/memcpset.s                       0x00000000   Number         0  rt_memcpy_w.o ABSOLUTE
    ../clib/signal.c                         0x00000000   Number         0  defsig_general.o ABSOLUTE
    ../clib/signal.c                         0x00000000   Number         0  defsig_other.o ABSOLUTE
    ../clib/signal.c                         0x00000000   Number         0  defsig_segv_inner.o ABSOLUTE
    ../clib/signal.c                         0x00000000   Number         0  defsig_cppl_inner.o ABSOLUTE
    ../clib/signal.c                         0x00000000   Number         0  defsig_pvfn_inner.o ABSOLUTE
    ../clib/signal.c                         0x00000000   Number         0  defsig_stak_inner.o ABSOLUTE
    ../clib/signal.c                         0x00000000   Number         0  defsig_rtred_inner.o ABSOLUTE
    ../clib/signal.c                         0x00000000   Number         0  defsig_fpe_inner.o ABSOLUTE
    ../clib/signal.c                         0x00000000   Number         0  defsig_abrt_inner.o ABSOLUTE
    ../clib/signal.c                         0x00000000   Number         0  defsig_rtmem_outer.o ABSOLUTE
    ../clib/signal.c                         0x00000000   Number         0  __raise.o ABSOLUTE
    ../clib/signal.c                         0x00000000   Number         0  defsig_rtmem_inner.o ABSOLUTE
    ../clib/signal.c                         0x00000000   Number         0  defsig_exit.o ABSOLUTE
    ../clib/signal.c                         0x00000000   Number         0  defsig_rtmem_formal.o ABSOLUTE
    ../clib/signal.s                         0x00000000   Number         0  defsig.o ABSOLUTE
    ../clib/stdlib.c                         0x00000000   Number         0  exit.o ABSOLUTE
    ../fplib/basic.s                         0x00000000   Number         0  basic.o ABSOLUTE
    ../fplib/daddsub.s                       0x00000000   Number         0  daddsub_clz.o ABSOLUTE
    ../fplib/dcmpi.s                         0x00000000   Number         0  dcmpi.o ABSOLUTE
    ../fplib/ddiv.s                          0x00000000   Number         0  ddiv.o ABSOLUTE
    ../fplib/dfix.s                          0x00000000   Number         0  dfix.o ABSOLUTE
    ../fplib/dfixu.s                         0x00000000   Number         0  dfixu.o ABSOLUTE
    ../fplib/dflt.s                          0x00000000   Number         0  dflt_clz.o ABSOLUTE
    ../fplib/dleqf.s                         0x00000000   Number         0  dleqf.o ABSOLUTE
    ../fplib/dmul.s                          0x00000000   Number         0  dmul.o ABSOLUTE
    ../fplib/dnaninf.s                       0x00000000   Number         0  dnaninf.o ABSOLUTE
    ../fplib/dretinf.s                       0x00000000   Number         0  dretinf.o ABSOLUTE
    ../fplib/drleqf.s                        0x00000000   Number         0  drleqf.o ABSOLUTE
    ../fplib/f2d.s                           0x00000000   Number         0  f2d.o ABSOLUTE
    ../fplib/fnaninf.s                       0x00000000   Number         0  fnaninf.o ABSOLUTE
    ../fplib/fpinit.s                        0x00000000   Number         0  fpinit.o ABSOLUTE
    ../fplib/usenofp.s                       0x00000000   Number         0  usenofp.o ABSOLUTE
    ../mathlib/cos.c                         0x00000000   Number         0  cos_x.o ABSOLUTE
    ../mathlib/cos.c                         0x00000000   Number         0  cos.o ABSOLUTE
    ../mathlib/cos_i.c                       0x00000000   Number         0  cos_i.o ABSOLUTE
    ../mathlib/dunder.c                      0x00000000   Number         0  dunder.o ABSOLUTE
    ../mathlib/fabs.c                        0x00000000   Number         0  fabs.o ABSOLUTE
    ../mathlib/fpclassify.c                  0x00000000   Number         0  fpclassify.o ABSOLUTE
    ../mathlib/poly.c                        0x00000000   Number         0  poly.o ABSOLUTE
    ../mathlib/rred.c                        0x00000000   Number         0  rred.o ABSOLUTE
    ../mathlib/sin.c                         0x00000000   Number         0  sin.o ABSOLUTE
    ../mathlib/sin.c                         0x00000000   Number         0  sin_x.o ABSOLUTE
    ../mathlib/sin_i.c                       0x00000000   Number         0  sin_i_x.o ABSOLUTE
    ../mathlib/sin_i.c                       0x00000000   Number         0  sin_i.o ABSOLUTE
    ..\HARDWARE\DMA\dma.c                    0x00000000   Number         0  dma.o ABSOLUTE
    ..\HARDWARE\EXTI\exti.c                  0x00000000   Number         0  exti.o ABSOLUTE
    ..\HARDWARE\OV7670\ov7670.c              0x00000000   Number         0  ov7670.o ABSOLUTE
    ..\HARDWARE\OV7670\sccb.c                0x00000000   Number         0  sccb.o ABSOLUTE
    ..\HARDWARE\Picture\Pic_Process.c        0x00000000   Number         0  pic_process.o ABSOLUTE
    ..\HARDWARE\TIMER\timer.c                0x00000000   Number         0  timer.o ABSOLUTE
    ..\SYSTEM\delay\delay.c                  0x00000000   Number         0  delay.o ABSOLUTE
    ..\SYSTEM\sys\sys.c                      0x00000000   Number         0  sys.o ABSOLUTE
    ..\SYSTEM\usart\usart.c                  0x00000000   Number         0  usart.o ABSOLUTE
    ..\\HARDWARE\\DMA\\dma.c                 0x00000000   Number         0  dma.o ABSOLUTE
    ..\\HARDWARE\\EXTI\\exti.c               0x00000000   Number         0  exti.o ABSOLUTE
    ..\\HARDWARE\\OV7670\\ov7670.c           0x00000000   Number         0  ov7670.o ABSOLUTE
    ..\\HARDWARE\\OV7670\\sccb.c             0x00000000   Number         0  sccb.o ABSOLUTE
    ..\\HARDWARE\\Picture\\Pic_Process.c     0x00000000   Number         0  pic_process.o ABSOLUTE
    ..\\HARDWARE\\TIMER\\timer.c             0x00000000   Number         0  timer.o ABSOLUTE
    ..\\SYSTEM\\delay\\delay.c               0x00000000   Number         0  delay.o ABSOLUTE
    ..\\SYSTEM\\sys\\sys.c                   0x00000000   Number         0  sys.o ABSOLUTE
    ..\\SYSTEM\\usart\\usart.c               0x00000000   Number         0  usart.o ABSOLUTE
    dc.s                                     0x00000000   Number         0  dc.o ABSOLUTE
    gpio.c                                   0x00000000   Number         0  gpio.o ABSOLUTE
    gpio.c                                   0x00000000   Number         0  gpio.o ABSOLUTE
    main.c                                   0x00000000   Number         0  main.o ABSOLUTE
    main.c                                   0x00000000   Number         0  main.o ABSOLUTE
    startup_stm32f40_41xxx.s                 0x00000000   Number         0  startup_stm32f40_41xxx.o ABSOLUTE
    RESET                                    0x08000000   Section      392  startup_stm32f40_41xxx.o(RESET)
    !!!main                                  0x08000188   Section        8  __main.o(!!!main)
    !!!scatter                               0x08000190   Section       52  __scatter.o(!!!scatter)
    !!handler_copy                           0x080001c4   Section       26  __scatter_copy.o(!!handler_copy)
    !!handler_zi                             0x080001e0   Section       28  __scatter_zi.o(!!handler_zi)
    .ARM.Collect$$libinit$$00000000          0x080001fc   Section        2  libinit.o(.ARM.Collect$$libinit$$00000000)
    .ARM.Collect$$libinit$$00000001          0x080001fe   Section        4  libinit2.o(.ARM.Collect$$libinit$$00000001)
    .ARM.Collect$$libinit$$00000004          0x08000202   Section        0  libinit2.o(.ARM.Collect$$libinit$$00000004)
    .ARM.Collect$$libinit$$0000000A          0x08000202   Section        0  libinit2.o(.ARM.Collect$$libinit$$0000000A)
    .ARM.Collect$$libinit$$0000000C          0x08000202   Section        0  libinit2.o(.ARM.Collect$$libinit$$0000000C)
    .ARM.Collect$$libinit$$0000000E          0x08000202   Section        0  libinit2.o(.ARM.Collect$$libinit$$0000000E)
    .ARM.Collect$$libinit$$00000011          0x08000202   Section        0  libinit2.o(.ARM.Collect$$libinit$$00000011)
    .ARM.Collect$$libinit$$00000013          0x08000202   Section        0  libinit2.o(.ARM.Collect$$libinit$$00000013)
    .ARM.Collect$$libinit$$00000015          0x08000202   Section        0  libinit2.o(.ARM.Collect$$libinit$$00000015)
    .ARM.Collect$$libinit$$00000017          0x08000202   Section        0  libinit2.o(.ARM.Collect$$libinit$$00000017)
    .ARM.Collect$$libinit$$00000019          0x08000202   Section        0  libinit2.o(.ARM.Collect$$libinit$$00000019)
    .ARM.Collect$$libinit$$0000001B          0x08000202   Section        0  libinit2.o(.ARM.Collect$$libinit$$0000001B)
    .ARM.Collect$$libinit$$0000001D          0x08000202   Section        0  libinit2.o(.ARM.Collect$$libinit$$0000001D)
    .ARM.Collect$$libinit$$0000001F          0x08000202   Section        0  libinit2.o(.ARM.Collect$$libinit$$0000001F)
    .ARM.Collect$$libinit$$00000021          0x08000202   Section        0  libinit2.o(.ARM.Collect$$libinit$$00000021)
    .ARM.Collect$$libinit$$00000023          0x08000202   Section        0  libinit2.o(.ARM.Collect$$libinit$$00000023)
    .ARM.Collect$$libinit$$00000025          0x08000202   Section        0  libinit2.o(.ARM.Collect$$libinit$$00000025)
    .ARM.Collect$$libinit$$0000002C          0x08000202   Section        0  libinit2.o(.ARM.Collect$$libinit$$0000002C)
    .ARM.Collect$$libinit$$0000002E          0x08000202   Section        0  libinit2.o(.ARM.Collect$$libinit$$0000002E)
    .ARM.Collect$$libinit$$00000030          0x08000202   Section        0  libinit2.o(.ARM.Collect$$libinit$$00000030)
    .ARM.Collect$$libinit$$00000032          0x08000202   Section        0  libinit2.o(.ARM.Collect$$libinit$$00000032)
    .ARM.Collect$$libinit$$00000033          0x08000202   Section        2  libinit2.o(.ARM.Collect$$libinit$$00000033)
    .ARM.Collect$$libshutdown$$00000000      0x08000204   Section        2  libshutdown.o(.ARM.Collect$$libshutdown$$00000000)
    .ARM.Collect$$libshutdown$$00000003      0x08000206   Section        0  libshutdown2.o(.ARM.Collect$$libshutdown$$00000003)
    .ARM.Collect$$libshutdown$$00000006      0x08000206   Section        0  libshutdown2.o(.ARM.Collect$$libshutdown$$00000006)
    .ARM.Collect$$libshutdown$$00000009      0x08000206   Section        0  libshutdown2.o(.ARM.Collect$$libshutdown$$00000009)
    .ARM.Collect$$libshutdown$$0000000B      0x08000206   Section        0  libshutdown2.o(.ARM.Collect$$libshutdown$$0000000B)
    .ARM.Collect$$libshutdown$$0000000E      0x08000206   Section        0  libshutdown2.o(.ARM.Collect$$libshutdown$$0000000E)
    .ARM.Collect$$libshutdown$$0000000F      0x08000206   Section        2  libshutdown2.o(.ARM.Collect$$libshutdown$$0000000F)
    .ARM.Collect$$rtentry$$00000000          0x08000208   Section        0  __rtentry.o(.ARM.Collect$$rtentry$$00000000)
    .ARM.Collect$$rtentry$$00000002          0x08000208   Section        0  __rtentry2.o(.ARM.Collect$$rtentry$$00000002)
    .ARM.Collect$$rtentry$$00000004          0x08000208   Section        6  __rtentry4.o(.ARM.Collect$$rtentry$$00000004)
    .ARM.Collect$$rtentry$$00000009          0x0800020e   Section        0  __rtentry2.o(.ARM.Collect$$rtentry$$00000009)
    .ARM.Collect$$rtentry$$0000000A          0x0800020e   Section        4  __rtentry2.o(.ARM.Collect$$rtentry$$0000000A)
    .ARM.Collect$$rtentry$$0000000C          0x08000212   Section        0  __rtentry2.o(.ARM.Collect$$rtentry$$0000000C)
    .ARM.Collect$$rtentry$$0000000D          0x08000212   Section        8  __rtentry2.o(.ARM.Collect$$rtentry$$0000000D)
    .ARM.Collect$$rtexit$$00000000           0x0800021a   Section        2  rtexit.o(.ARM.Collect$$rtexit$$00000000)
    .ARM.Collect$$rtexit$$00000002           0x0800021c   Section        0  rtexit2.o(.ARM.Collect$$rtexit$$00000002)
    .ARM.Collect$$rtexit$$00000003           0x0800021c   Section        4  rtexit2.o(.ARM.Collect$$rtexit$$00000003)
    .ARM.Collect$$rtexit$$00000004           0x08000220   Section        6  rtexit2.o(.ARM.Collect$$rtexit$$00000004)
    .text                                    0x08000228   Section       68  startup_stm32f40_41xxx.o(.text)
    $v0                                      0x08000228   Number         0  startup_stm32f40_41xxx.o(.text)
    .text                                    0x0800026c   Section        2  use_no_semi_2.o(.text)
    .text                                    0x0800026e   Section      100  rt_memcpy_w.o(.text)
    .text                                    0x080002d2   Section       78  rt_memclr_w.o(.text)
    .text                                    0x08000320   Section        0  heapauxi.o(.text)
    .text                                    0x08000326   Section        2  use_no_semi.o(.text)
    .text                                    0x08000328   Section        0  _rserrno.o(.text)
    .text                                    0x08000340   Section        8  rt_errno_addr_intlibspace.o(.text)
    .text                                    0x08000348   Section        8  libspace.o(.text)
    .text                                    0x08000350   Section       74  sys_stackheap_outer.o(.text)
    .text                                    0x0800039a   Section        0  exit.o(.text)
    i.CAMERA_Image_Cut_Compress_6080         0x080003a8   Section        0  pic_process.o(i.CAMERA_Image_Cut_Compress_6080)
    i.EXTI3_IRQHandler                       0x080004ec   Section        0  exti.o(i.EXTI3_IRQHandler)
    i.EXTI9_5_IRQHandler                     0x08000548   Section        0  exti.o(i.EXTI9_5_IRQHandler)
    i.EXTI9_Init                             0x0800059c   Section        0  exti.o(i.EXTI9_Init)
    i.EXTIX_Init                             0x080005b6   Section        0  exti.o(i.EXTIX_Init)
    i.Ex_NVIC_Config                         0x080005d0   Section        0  sys.o(i.Ex_NVIC_Config)
    i.GPIO_AF_Set                            0x08000684   Section        0  sys.o(i.GPIO_AF_Set)
    i.GPIO_Set                               0x080006c4   Section        0  sys.o(i.GPIO_Set)
    i.GpioInit                               0x080007a4   Section        0  gpio.o(i.GpioInit)
    i.Hough                                  0x080007ec   Section        0  pic_process.o(i.Hough)
    i.HoughAfter                             0x080008d0   Section        0  pic_process.o(i.HoughAfter)
    i.HoughAfterHelper                       0x0800099c   Section        0  pic_process.o(i.HoughAfterHelper)
    i.HoughHelper                            0x08000b90   Section        0  pic_process.o(i.HoughHelper)
    i.Image_Send                             0x08000d20   Section        0  pic_process.o(i.Image_Send)
    i.Image_Sobel                            0x08000d54   Section        0  pic_process.o(i.Image_Sobel)
    i.MYDMA_Config                           0x08000efc   Section        0  dma.o(i.MYDMA_Config)
    i.MYDMA_Enable                           0x08001024   Section        0  dma.o(i.MYDMA_Enable)
    i.MY_NVIC_Init                           0x08001044   Section        0  sys.o(i.MY_NVIC_Init)
    i.MY_NVIC_PriorityGroupConfig            0x080010bc   Section        0  sys.o(i.MY_NVIC_PriorityGroupConfig)
    i.MY_NVIC_SetVectorTable                 0x080010e4   Section        0  sys.o(i.MY_NVIC_SetVectorTable)
    i.OV7670_Init                            0x080010f4   Section        0  ov7670.o(i.OV7670_Init)
    i.OV7670_Light_Mode                      0x08001240   Section        0  ov7670.o(i.OV7670_Light_Mode)
    i.OV7670_Window_Set                      0x0800129c   Section        0  ov7670.o(i.OV7670_Window_Set)
    i.SCCB_Init                              0x08001328   Section        0  sccb.o(i.SCCB_Init)
    i.SCCB_No_Ack                            0x08001374   Section        0  sccb.o(i.SCCB_No_Ack)
    i.SCCB_RD_Byte                           0x080013b4   Section        0  sccb.o(i.SCCB_RD_Byte)
    i.SCCB_RD_Reg                            0x08001424   Section        0  sccb.o(i.SCCB_RD_Reg)
    i.SCCB_Start                             0x08001474   Section        0  sccb.o(i.SCCB_Start)
    i.SCCB_Stop                              0x080014a8   Section        0  sccb.o(i.SCCB_Stop)
    i.SCCB_WR_Byte                           0x080014dc   Section        0  sccb.o(i.SCCB_WR_Byte)
    i.SCCB_WR_Reg                            0x08001584   Section        0  sccb.o(i.SCCB_WR_Reg)
    i.Stm32_Clock_Init                       0x080015c4   Section        0  sys.o(i.Stm32_Clock_Init)
    i.Sys_Clock_Set                          0x0800162c   Section        0  sys.o(i.Sys_Clock_Set)
    i.Sys_Soft_Reset                         0x08001738   Section        0  sys.o(i.Sys_Soft_Reset)
    i.TIM3_IRQHandler                        0x08001748   Section        0  timer.o(i.TIM3_IRQHandler)
    i.TIM3_Int_Init                          0x080017bc   Section        0  timer.o(i.TIM3_Int_Init)
    i.USART1_IRQHandler                      0x08001808   Section        0  usart.o(i.USART1_IRQHandler)
    i.__ARM_fpclassify                       0x08001828   Section        0  fpclassify.o(i.__ARM_fpclassify)
    i.__hardfp_cos                           0x08001858   Section        0  cos.o(i.__hardfp_cos)
    i.__hardfp_sin                           0x08001920   Section        0  sin.o(i.__hardfp_sin)
    i.__ieee754_rem_pio2                     0x080019e8   Section        0  rred.o(i.__ieee754_rem_pio2)
    i.__kernel_cos                           0x08001e20   Section        0  cos_i.o(i.__kernel_cos)
    i.__kernel_poly                          0x08001f90   Section        0  poly.o(i.__kernel_poly)
    i.__kernel_sin                           0x08002088   Section        0  sin_i.o(i.__kernel_sin)
    i.__mathlib_dbl_infnan                   0x080021b8   Section        0  dunder.o(i.__mathlib_dbl_infnan)
    i.__mathlib_dbl_invalid                  0x080021d0   Section        0  dunder.o(i.__mathlib_dbl_invalid)
    i.__mathlib_dbl_underflow                0x080021f0   Section        0  dunder.o(i.__mathlib_dbl_underflow)
    i._sys_exit                              0x08002210   Section        0  usart.o(i._sys_exit)
    i.cameraSysInit                          0x08002218   Section        0  pic_process.o(i.cameraSysInit)
    i.creatYuzhi                             0x0800227c   Section        0  pic_process.o(i.creatYuzhi)
    i.delay_init                             0x08002308   Section        0  delay.o(i.delay_init)
    i.delay_ms                               0x08002348   Section        0  delay.o(i.delay_ms)
    i.delay_us                               0x08002380   Section        0  delay.o(i.delay_us)
    i.delay_xms                              0x080023bc   Section        0  delay.o(i.delay_xms)
    i.fabs                                   0x080023f8   Section        0  fabs.o(i.fabs)
    i.main                                   0x08002410   Section        0  main.o(i.main)
    i.send_Image                             0x08002428   Section        0  pic_process.o(i.send_Image)
    i.uart_init                              0x080024a4   Section        0  usart.o(i.uart_init)
    x$fpl$basic                              0x080025a4   Section       24  basic.o(x$fpl$basic)
    $v0                                      0x080025a4   Number         0  basic.o(x$fpl$basic)
    x$fpl$dadd                               0x080025bc   Section      336  daddsub_clz.o(x$fpl$dadd)
    $v0                                      0x080025bc   Number         0  daddsub_clz.o(x$fpl$dadd)
    _dadd1                                   0x080025cd   Thumb Code     0  daddsub_clz.o(x$fpl$dadd)
    x$fpl$ddiv                               0x0800270c   Section      688  ddiv.o(x$fpl$ddiv)
    $v0                                      0x0800270c   Number         0  ddiv.o(x$fpl$ddiv)
    ddiv_entry                               0x08002713   Thumb Code     0  ddiv.o(x$fpl$ddiv)
    x$fpl$dfix                               0x080029bc   Section       94  dfix.o(x$fpl$dfix)
    $v0                                      0x080029bc   Number         0  dfix.o(x$fpl$dfix)
    x$fpl$dflt                               0x08002a1a   Section       46  dflt_clz.o(x$fpl$dflt)
    $v0                                      0x08002a1a   Number         0  dflt_clz.o(x$fpl$dflt)
    x$fpl$dfltu                              0x08002a48   Section       38  dflt_clz.o(x$fpl$dfltu)
    $v0                                      0x08002a48   Number         0  dflt_clz.o(x$fpl$dfltu)
    x$fpl$dmul                               0x08002a70   Section      340  dmul.o(x$fpl$dmul)
    $v0                                      0x08002a70   Number         0  dmul.o(x$fpl$dmul)
    x$fpl$dnaninf                            0x08002bc4   Section      156  dnaninf.o(x$fpl$dnaninf)
    $v0                                      0x08002bc4   Number         0  dnaninf.o(x$fpl$dnaninf)
    x$fpl$dretinf                            0x08002c60   Section       12  dretinf.o(x$fpl$dretinf)
    $v0                                      0x08002c60   Number         0  dretinf.o(x$fpl$dretinf)
    x$fpl$drsb                               0x08002c6c   Section       22  daddsub_clz.o(x$fpl$drsb)
    $v0                                      0x08002c6c   Number         0  daddsub_clz.o(x$fpl$drsb)
    x$fpl$dsub                               0x08002c84   Section      468  daddsub_clz.o(x$fpl$dsub)
    $v0                                      0x08002c84   Number         0  daddsub_clz.o(x$fpl$dsub)
    _dsub1                                   0x08002c95   Thumb Code     0  daddsub_clz.o(x$fpl$dsub)
    x$fpl$fpinit                             0x08002e58   Section       10  fpinit.o(x$fpl$fpinit)
    $v0                                      0x08002e58   Number         0  fpinit.o(x$fpl$fpinit)
    .constdata                               0x08002e62   Section      578  ov7670.o(.constdata)
    x$fpl$usenofp                            0x08002e62   Section        0  usenofp.o(x$fpl$usenofp)
    .constdata                               0x080030a8   Section       48  cos_i.o(.constdata)
    C                                        0x080030a8   Data          48  cos_i.o(.constdata)
    .constdata                               0x080030d8   Section      200  rred.o(.constdata)
    pio2s                                    0x080030d8   Data          48  rred.o(.constdata)
    twooverpi                                0x08003108   Data         152  rred.o(.constdata)
    .constdata                               0x080031a0   Section       40  sin_i.o(.constdata)
    S                                        0x080031a0   Data          40  sin_i.o(.constdata)
    .data                                    0x20000000   Section       29  pic_process.o(.data)
    .data                                    0x2000001e   Section        4  delay.o(.data)
    fac_us                                   0x2000001e   Data           1  delay.o(.data)
    fac_ms                                   0x20000020   Data           2  delay.o(.data)
    .data                                    0x20000022   Section        1  exti.o(.data)
    .bss                                     0x20000024   Section    74088  pic_process.o(.bss)
    .bss                                     0x2001218c   Section       96  libspace.o(.bss)
    HEAP                                     0x200121f0   Section        0  startup_stm32f40_41xxx.o(HEAP)
    STACK                                    0x200121f0   Section     1024  startup_stm32f40_41xxx.o(STACK)
    Heap_Mem                                 0x200121f0   Data           0  startup_stm32f40_41xxx.o(HEAP)
    Stack_Mem                                0x200121f0   Data        1024  startup_stm32f40_41xxx.o(STACK)
    __initial_sp                             0x200125f0   Data           0  startup_stm32f40_41xxx.o(STACK)

    Global Symbols

    Symbol Name                              Value     Ov Type        Size  Object(Section)

    BuildAttributes$$THM_ISAv4$E$P$D$K$B$S$7EM$VFPi3$EXTD16$VFPS$VFMA$PE$A:L22UL41UL21$X:L11$S22US41US21$IEEE1$IW$USESV6$~STKCKD$USESV7$~SHL$OTIME$ROPI$IEEEX$EBA8$UX$STANDARDLIB$REQ8$PRES8$EABIv2 0x00000000   Number         0  anon$$obj.o ABSOLUTE
    __ARM_use_no_argv                        0x00000000   Number         0  main.o ABSOLUTE
    __ARM_exceptions_init                     - Undefined Weak Reference
    __alloca_initialize                       - Undefined Weak Reference
    __arm_preinit_                            - Undefined Weak Reference
    __cpp_initialize__aeabi_                  - Undefined Weak Reference
    __cxa_finalize                            - Undefined Weak Reference
    __rt_locale                               - Undefined Weak Reference
    __sigvec_lookup                           - Undefined Weak Reference
    _atexit_init                              - Undefined Weak Reference
    _call_atexit_fns                          - Undefined Weak Reference
    _clock_init                               - Undefined Weak Reference
    _fp_trap_init                             - Undefined Weak Reference
    _fp_trap_shutdown                         - Undefined Weak Reference
    _get_lc_collate                           - Undefined Weak Reference
    _get_lc_ctype                             - Undefined Weak Reference
    _get_lc_monetary                          - Undefined Weak Reference
    _get_lc_numeric                           - Undefined Weak Reference
    _get_lc_time                              - Undefined Weak Reference
    _getenv_init                              - Undefined Weak Reference
    _handle_redirection                       - Undefined Weak Reference
    _init_alloc                               - Undefined Weak Reference
    _init_user_alloc                          - Undefined Weak Reference
    _initio                                   - Undefined Weak Reference
    _rand_init                                - Undefined Weak Reference
    _signal_finish                            - Undefined Weak Reference
    _signal_init                              - Undefined Weak Reference
    _terminate_alloc                          - Undefined Weak Reference
    _terminate_user_alloc                     - Undefined Weak Reference
    _terminateio                              - Undefined Weak Reference
    __Vectors_Size                           0x00000188   Number         0  startup_stm32f40_41xxx.o ABSOLUTE
    __Vectors                                0x08000000   Data           4  startup_stm32f40_41xxx.o(RESET)
    __Vectors_End                            0x08000188   Data           0  startup_stm32f40_41xxx.o(RESET)
    __main                                   0x08000189   Thumb Code     8  __main.o(!!!main)
    __scatterload                            0x08000191   Thumb Code     0  __scatter.o(!!!scatter)
    __scatterload_rt2                        0x08000191   Thumb Code    44  __scatter.o(!!!scatter)
    __scatterload_rt2_thumb_only             0x08000191   Thumb Code     0  __scatter.o(!!!scatter)
    __scatterload_null                       0x0800019f   Thumb Code     0  __scatter.o(!!!scatter)
    __scatterload_copy                       0x080001c5   Thumb Code    26  __scatter_copy.o(!!handler_copy)
    __scatterload_zeroinit                   0x080001e1   Thumb Code    28  __scatter_zi.o(!!handler_zi)
    __rt_lib_init                            0x080001fd   Thumb Code     0  libinit.o(.ARM.Collect$$libinit$$00000000)
    __rt_lib_init_fp_1                       0x080001ff   Thumb Code     0  libinit2.o(.ARM.Collect$$libinit$$00000001)
    __rt_lib_init_alloca_1                   0x08000203   Thumb Code     0  libinit2.o(.ARM.Collect$$libinit$$0000002E)
    __rt_lib_init_argv_1                     0x08000203   Thumb Code     0  libinit2.o(.ARM.Collect$$libinit$$0000002C)
    __rt_lib_init_atexit_1                   0x08000203   Thumb Code     0  libinit2.o(.ARM.Collect$$libinit$$0000001B)
    __rt_lib_init_clock_1                    0x08000203   Thumb Code     0  libinit2.o(.ARM.Collect$$libinit$$00000021)
    __rt_lib_init_cpp_1                      0x08000203   Thumb Code     0  libinit2.o(.ARM.Collect$$libinit$$00000032)
    __rt_lib_init_exceptions_1               0x08000203   Thumb Code     0  libinit2.o(.ARM.Collect$$libinit$$00000030)
    __rt_lib_init_fp_trap_1                  0x08000203   Thumb Code     0  libinit2.o(.ARM.Collect$$libinit$$0000001F)
    __rt_lib_init_getenv_1                   0x08000203   Thumb Code     0  libinit2.o(.ARM.Collect$$libinit$$00000023)
    __rt_lib_init_heap_1                     0x08000203   Thumb Code     0  libinit2.o(.ARM.Collect$$libinit$$0000000A)
    __rt_lib_init_lc_collate_1               0x08000203   Thumb Code     0  libinit2.o(.ARM.Collect$$libinit$$00000011)
    __rt_lib_init_lc_ctype_1                 0x08000203   Thumb Code     0  libinit2.o(.ARM.Collect$$libinit$$00000013)
    __rt_lib_init_lc_monetary_1              0x08000203   Thumb Code     0  libinit2.o(.ARM.Collect$$libinit$$00000015)
    __rt_lib_init_lc_numeric_1               0x08000203   Thumb Code     0  libinit2.o(.ARM.Collect$$libinit$$00000017)
    __rt_lib_init_lc_time_1                  0x08000203   Thumb Code     0  libinit2.o(.ARM.Collect$$libinit$$00000019)
    __rt_lib_init_preinit_1                  0x08000203   Thumb Code     0  libinit2.o(.ARM.Collect$$libinit$$00000004)
    __rt_lib_init_rand_1                     0x08000203   Thumb Code     0  libinit2.o(.ARM.Collect$$libinit$$0000000E)
    __rt_lib_init_return                     0x08000203   Thumb Code     0  libinit2.o(.ARM.Collect$$libinit$$00000033)
    __rt_lib_init_signal_1                   0x08000203   Thumb Code     0  libinit2.o(.ARM.Collect$$libinit$$0000001D)
    __rt_lib_init_stdio_1                    0x08000203   Thumb Code     0  libinit2.o(.ARM.Collect$$libinit$$00000025)
    __rt_lib_init_user_alloc_1               0x08000203   Thumb Code     0  libinit2.o(.ARM.Collect$$libinit$$0000000C)
    __rt_lib_shutdown                        0x08000205   Thumb Code     0  libshutdown.o(.ARM.Collect$$libshutdown$$00000000)
    __rt_lib_shutdown_fp_trap_1              0x08000207   Thumb Code     0  libshutdown2.o(.ARM.Collect$$libshutdown$$00000006)
    __rt_lib_shutdown_heap_1                 0x08000207   Thumb Code     0  libshutdown2.o(.ARM.Collect$$libshutdown$$0000000E)
    __rt_lib_shutdown_return                 0x08000207   Thumb Code     0  libshutdown2.o(.ARM.Collect$$libshutdown$$0000000F)
    __rt_lib_shutdown_signal_1               0x08000207   Thumb Code     0  libshutdown2.o(.ARM.Collect$$libshutdown$$00000009)
    __rt_lib_shutdown_stdio_1                0x08000207   Thumb Code     0  libshutdown2.o(.ARM.Collect$$libshutdown$$00000003)
    __rt_lib_shutdown_user_alloc_1           0x08000207   Thumb Code     0  libshutdown2.o(.ARM.Collect$$libshutdown$$0000000B)
    __rt_entry                               0x08000209   Thumb Code     0  __rtentry.o(.ARM.Collect$$rtentry$$00000000)
    __rt_entry_presh_1                       0x08000209   Thumb Code     0  __rtentry2.o(.ARM.Collect$$rtentry$$00000002)
    __rt_entry_sh                            0x08000209   Thumb Code     0  __rtentry4.o(.ARM.Collect$$rtentry$$00000004)
    __rt_entry_li                            0x0800020f   Thumb Code     0  __rtentry2.o(.ARM.Collect$$rtentry$$0000000A)
    __rt_entry_postsh_1                      0x0800020f   Thumb Code     0  __rtentry2.o(.ARM.Collect$$rtentry$$00000009)
    __rt_entry_main                          0x08000213   Thumb Code     0  __rtentry2.o(.ARM.Collect$$rtentry$$0000000D)
    __rt_entry_postli_1                      0x08000213   Thumb Code     0  __rtentry2.o(.ARM.Collect$$rtentry$$0000000C)
    __rt_exit                                0x0800021b   Thumb Code     0  rtexit.o(.ARM.Collect$$rtexit$$00000000)
    __rt_exit_ls                             0x0800021d   Thumb Code     0  rtexit2.o(.ARM.Collect$$rtexit$$00000003)
    __rt_exit_prels_1                        0x0800021d   Thumb Code     0  rtexit2.o(.ARM.Collect$$rtexit$$00000002)
    __rt_exit_exit                           0x08000221   Thumb Code     0  rtexit2.o(.ARM.Collect$$rtexit$$00000004)
    Reset_Handler                            0x08000229   Thumb Code    14  startup_stm32f40_41xxx.o(.text)
    NMI_Handler                              0x08000237   Thumb Code     2  startup_stm32f40_41xxx.o(.text)
    HardFault_Handler                        0x08000239   Thumb Code     2  startup_stm32f40_41xxx.o(.text)
    MemManage_Handler                        0x0800023b   Thumb Code     2  startup_stm32f40_41xxx.o(.text)
    BusFault_Handler                         0x0800023d   Thumb Code     2  startup_stm32f40_41xxx.o(.text)
    UsageFault_Handler                       0x0800023f   Thumb Code     2  startup_stm32f40_41xxx.o(.text)
    SVC_Handler                              0x08000241   Thumb Code     2  startup_stm32f40_41xxx.o(.text)
    DebugMon_Handler                         0x08000243   Thumb Code     2  startup_stm32f40_41xxx.o(.text)
    PendSV_Handler                           0x08000245   Thumb Code     2  startup_stm32f40_41xxx.o(.text)
    SysTick_Handler                          0x08000247   Thumb Code     2  startup_stm32f40_41xxx.o(.text)
    ADC_IRQHandler                           0x08000249   Thumb Code     0  startup_stm32f40_41xxx.o(.text)
    CAN1_RX0_IRQHandler                      0x08000249   Thumb Code     0  startup_stm32f40_41xxx.o(.text)
    CAN1_RX1_IRQHandler                      0x08000249   Thumb Code     0  startup_stm32f40_41xxx.o(.text)
    CAN1_SCE_IRQHandler                      0x08000249   Thumb Code     0  startup_stm32f40_41xxx.o(.text)
    CAN1_TX_IRQHandler                       0x08000249   Thumb Code     0  startup_stm32f40_41xxx.o(.text)
    CAN2_RX0_IRQHandler                      0x08000249   Thumb Code     0  startup_stm32f40_41xxx.o(.text)
    CAN2_RX1_IRQHandler                      0x08000249   Thumb Code     0  startup_stm32f40_41xxx.o(.text)
    CAN2_SCE_IRQHandler                      0x08000249   Thumb Code     0  startup_stm32f40_41xxx.o(.text)
    CAN2_TX_IRQHandler                       0x08000249   Thumb Code     0  startup_stm32f40_41xxx.o(.text)
    CRYP_IRQHandler                          0x08000249   Thumb Code     0  startup_stm32f40_41xxx.o(.text)
    DCMI_IRQHandler                          0x08000249   Thumb Code     0  startup_stm32f40_41xxx.o(.text)
    DMA1_Stream0_IRQHandler                  0x08000249   Thumb Code     0  startup_stm32f40_41xxx.o(.text)
    DMA1_Stream1_IRQHandler                  0x08000249   Thumb Code     0  startup_stm32f40_41xxx.o(.text)
    DMA1_Stream2_IRQHandler                  0x08000249   Thumb Code     0  startup_stm32f40_41xxx.o(.text)
    DMA1_Stream3_IRQHandler                  0x08000249   Thumb Code     0  startup_stm32f40_41xxx.o(.text)
    DMA1_Stream4_IRQHandler                  0x08000249   Thumb Code     0  startup_stm32f40_41xxx.o(.text)
    DMA1_Stream5_IRQHandler                  0x08000249   Thumb Code     0  startup_stm32f40_41xxx.o(.text)
    DMA1_Stream6_IRQHandler                  0x08000249   Thumb Code     0  startup_stm32f40_41xxx.o(.text)
    DMA1_Stream7_IRQHandler                  0x08000249   Thumb Code     0  startup_stm32f40_41xxx.o(.text)
    DMA2_Stream0_IRQHandler                  0x08000249   Thumb Code     0  startup_stm32f40_41xxx.o(.text)
    DMA2_Stream1_IRQHandler                  0x08000249   Thumb Code     0  startup_stm32f40_41xxx.o(.text)
    DMA2_Stream2_IRQHandler                  0x08000249   Thumb Code     0  startup_stm32f40_41xxx.o(.text)
    DMA2_Stream3_IRQHandler                  0x08000249   Thumb Code     0  startup_stm32f40_41xxx.o(.text)
    DMA2_Stream4_IRQHandler                  0x08000249   Thumb Code     0  startup_stm32f40_41xxx.o(.text)
    DMA2_Stream5_IRQHandler                  0x08000249   Thumb Code     0  startup_stm32f40_41xxx.o(.text)
    DMA2_Stream6_IRQHandler                  0x08000249   Thumb Code     0  startup_stm32f40_41xxx.o(.text)
    DMA2_Stream7_IRQHandler                  0x08000249   Thumb Code     0  startup_stm32f40_41xxx.o(.text)
    ETH_IRQHandler                           0x08000249   Thumb Code     0  startup_stm32f40_41xxx.o(.text)
    ETH_WKUP_IRQHandler                      0x08000249   Thumb Code     0  startup_stm32f40_41xxx.o(.text)
    EXTI0_IRQHandler                         0x08000249   Thumb Code     0  startup_stm32f40_41xxx.o(.text)
    EXTI15_10_IRQHandler                     0x08000249   Thumb Code     0  startup_stm32f40_41xxx.o(.text)
    EXTI1_IRQHandler                         0x08000249   Thumb Code     0  startup_stm32f40_41xxx.o(.text)
    EXTI2_IRQHandler                         0x08000249   Thumb Code     0  startup_stm32f40_41xxx.o(.text)
    EXTI4_IRQHandler                         0x08000249   Thumb Code     0  startup_stm32f40_41xxx.o(.text)
    FLASH_IRQHandler                         0x08000249   Thumb Code     0  startup_stm32f40_41xxx.o(.text)
    FPU_IRQHandler                           0x08000249   Thumb Code     0  startup_stm32f40_41xxx.o(.text)
    FSMC_IRQHandler                          0x08000249   Thumb Code     0  startup_stm32f40_41xxx.o(.text)
    HASH_RNG_IRQHandler                      0x08000249   Thumb Code     0  startup_stm32f40_41xxx.o(.text)
    I2C1_ER_IRQHandler                       0x08000249   Thumb Code     0  startup_stm32f40_41xxx.o(.text)
    I2C1_EV_IRQHandler                       0x08000249   Thumb Code     0  startup_stm32f40_41xxx.o(.text)
    I2C2_ER_IRQHandler                       0x08000249   Thumb Code     0  startup_stm32f40_41xxx.o(.text)
    I2C2_EV_IRQHandler                       0x08000249   Thumb Code     0  startup_stm32f40_41xxx.o(.text)
    I2C3_ER_IRQHandler                       0x08000249   Thumb Code     0  startup_stm32f40_41xxx.o(.text)
    I2C3_EV_IRQHandler                       0x08000249   Thumb Code     0  startup_stm32f40_41xxx.o(.text)
    OTG_FS_IRQHandler                        0x08000249   Thumb Code     0  startup_stm32f40_41xxx.o(.text)
    OTG_FS_WKUP_IRQHandler                   0x08000249   Thumb Code     0  startup_stm32f40_41xxx.o(.text)
    OTG_HS_EP1_IN_IRQHandler                 0x08000249   Thumb Code     0  startup_stm32f40_41xxx.o(.text)
    OTG_HS_EP1_OUT_IRQHandler                0x08000249   Thumb Code     0  startup_stm32f40_41xxx.o(.text)
    OTG_HS_IRQHandler                        0x08000249   Thumb Code     0  startup_stm32f40_41xxx.o(.text)
    OTG_HS_WKUP_IRQHandler                   0x08000249   Thumb Code     0  startup_stm32f40_41xxx.o(.text)
    PVD_IRQHandler                           0x08000249   Thumb Code     0  startup_stm32f40_41xxx.o(.text)
    RCC_IRQHandler                           0x08000249   Thumb Code     0  startup_stm32f40_41xxx.o(.text)
    RTC_Alarm_IRQHandler                     0x08000249   Thumb Code     0  startup_stm32f40_41xxx.o(.text)
    RTC_WKUP_IRQHandler                      0x08000249   Thumb Code     0  startup_stm32f40_41xxx.o(.text)
    SDIO_IRQHandler                          0x08000249   Thumb Code     0  startup_stm32f40_41xxx.o(.text)
    SPI1_IRQHandler                          0x08000249   Thumb Code     0  startup_stm32f40_41xxx.o(.text)
    SPI2_IRQHandler                          0x08000249   Thumb Code     0  startup_stm32f40_41xxx.o(.text)
    SPI3_IRQHandler                          0x08000249   Thumb Code     0  startup_stm32f40_41xxx.o(.text)
    TAMP_STAMP_IRQHandler                    0x08000249   Thumb Code     0  startup_stm32f40_41xxx.o(.text)
    TIM1_BRK_TIM9_IRQHandler                 0x08000249   Thumb Code     0  startup_stm32f40_41xxx.o(.text)
    TIM1_CC_IRQHandler                       0x08000249   Thumb Code     0  startup_stm32f40_41xxx.o(.text)
    TIM1_TRG_COM_TIM11_IRQHandler            0x08000249   Thumb Code     0  startup_stm32f40_41xxx.o(.text)
    TIM1_UP_TIM10_IRQHandler                 0x08000249   Thumb Code     0  startup_stm32f40_41xxx.o(.text)
    TIM2_IRQHandler                          0x08000249   Thumb Code     0  startup_stm32f40_41xxx.o(.text)
    TIM4_IRQHandler                          0x08000249   Thumb Code     0  startup_stm32f40_41xxx.o(.text)
    TIM5_IRQHandler                          0x08000249   Thumb Code     0  startup_stm32f40_41xxx.o(.text)
    TIM6_DAC_IRQHandler                      0x08000249   Thumb Code     0  startup_stm32f40_41xxx.o(.text)
    TIM7_IRQHandler                          0x08000249   Thumb Code     0  startup_stm32f40_41xxx.o(.text)
    TIM8_BRK_TIM12_IRQHandler                0x08000249   Thumb Code     0  startup_stm32f40_41xxx.o(.text)
    TIM8_CC_IRQHandler                       0x08000249   Thumb Code     0  startup_stm32f40_41xxx.o(.text)
    TIM8_TRG_COM_TIM14_IRQHandler            0x08000249   Thumb Code     0  startup_stm32f40_41xxx.o(.text)
    TIM8_UP_TIM13_IRQHandler                 0x08000249   Thumb Code     0  startup_stm32f40_41xxx.o(.text)
    UART4_IRQHandler                         0x08000249   Thumb Code     0  startup_stm32f40_41xxx.o(.text)
    UART5_IRQHandler                         0x08000249   Thumb Code     0  startup_stm32f40_41xxx.o(.text)
    USART2_IRQHandler                        0x08000249   Thumb Code     0  startup_stm32f40_41xxx.o(.text)
    USART3_IRQHandler                        0x08000249   Thumb Code     0  startup_stm32f40_41xxx.o(.text)
    USART6_IRQHandler                        0x08000249   Thumb Code     0  startup_stm32f40_41xxx.o(.text)
    WWDG_IRQHandler                          0x08000249   Thumb Code     0  startup_stm32f40_41xxx.o(.text)
    __user_initial_stackheap                 0x0800024d   Thumb Code     0  startup_stm32f40_41xxx.o(.text)
    __use_no_semihosting                     0x0800026d   Thumb Code     2  use_no_semi_2.o(.text)
    __aeabi_memcpy4                          0x0800026f   Thumb Code     0  rt_memcpy_w.o(.text)
    __aeabi_memcpy8                          0x0800026f   Thumb Code     0  rt_memcpy_w.o(.text)
    __rt_memcpy_w                            0x0800026f   Thumb Code   100  rt_memcpy_w.o(.text)
    _memcpy_lastbytes_aligned                0x080002b7   Thumb Code     0  rt_memcpy_w.o(.text)
    __aeabi_memclr4                          0x080002d3   Thumb Code     0  rt_memclr_w.o(.text)
    __aeabi_memclr8                          0x080002d3   Thumb Code     0  rt_memclr_w.o(.text)
    __rt_memclr_w                            0x080002d3   Thumb Code    78  rt_memclr_w.o(.text)
    _memset_w                                0x080002d7   Thumb Code     0  rt_memclr_w.o(.text)
    __use_two_region_memory                  0x08000321   Thumb Code     2  heapauxi.o(.text)
    __rt_heap_escrow$2region                 0x08000323   Thumb Code     2  heapauxi.o(.text)
    __rt_heap_expand$2region                 0x08000325   Thumb Code     2  heapauxi.o(.text)
    __I$use$semihosting                      0x08000327   Thumb Code     0  use_no_semi.o(.text)
    __use_no_semihosting_swi                 0x08000327   Thumb Code     2  use_no_semi.o(.text)
    __read_errno                             0x08000329   Thumb Code    10  _rserrno.o(.text)
    __set_errno                              0x08000333   Thumb Code    12  _rserrno.o(.text)
    __aeabi_errno_addr                       0x08000341   Thumb Code     8  rt_errno_addr_intlibspace.o(.text)
    __errno$intlibspace                      0x08000341   Thumb Code     0  rt_errno_addr_intlibspace.o(.text)
    __rt_errno_addr$intlibspace              0x08000341   Thumb Code     0  rt_errno_addr_intlibspace.o(.text)
    __user_libspace                          0x08000349   Thumb Code     8  libspace.o(.text)
    __user_perproc_libspace                  0x08000349   Thumb Code     0  libspace.o(.text)
    __user_perthread_libspace                0x08000349   Thumb Code     0  libspace.o(.text)
    __user_setup_stackheap                   0x08000351   Thumb Code    74  sys_stackheap_outer.o(.text)
    exit                                     0x0800039b   Thumb Code    12  exit.o(.text)
    CAMERA_Image_Cut_Compress_6080           0x080003a9   Thumb Code   292  pic_process.o(i.CAMERA_Image_Cut_Compress_6080)
    EXTI3_IRQHandler                         0x080004ed   Thumb Code    74  exti.o(i.EXTI3_IRQHandler)
    EXTI9_5_IRQHandler                       0x08000549   Thumb Code    64  exti.o(i.EXTI9_5_IRQHandler)
    EXTI9_Init                               0x0800059d   Thumb Code    26  exti.o(i.EXTI9_Init)
    EXTIX_Init                               0x080005b7   Thumb Code    26  exti.o(i.EXTIX_Init)
    Ex_NVIC_Config                           0x080005d1   Thumb Code   168  sys.o(i.Ex_NVIC_Config)
    GPIO_AF_Set                              0x08000685   Thumb Code    64  sys.o(i.GPIO_AF_Set)
    GPIO_Set                                 0x080006c5   Thumb Code   222  sys.o(i.GPIO_Set)
    GpioInit                                 0x080007a5   Thumb Code    60  gpio.o(i.GpioInit)
    Hough                                    0x080007ed   Thumb Code   206  pic_process.o(i.Hough)
    HoughAfter                               0x080008d1   Thumb Code   186  pic_process.o(i.HoughAfter)
    HoughAfterHelper                         0x0800099d   Thumb Code   456  pic_process.o(i.HoughAfterHelper)
    HoughHelper                              0x08000b91   Thumb Code   366  pic_process.o(i.HoughHelper)
    Image_Send                               0x08000d21   Thumb Code    30  pic_process.o(i.Image_Send)
    Image_Sobel                              0x08000d55   Thumb Code   410  pic_process.o(i.Image_Sobel)
    MYDMA_Config                             0x08000efd   Thumb Code   284  dma.o(i.MYDMA_Config)
    MYDMA_Enable                             0x08001025   Thumb Code    32  dma.o(i.MYDMA_Enable)
    MY_NVIC_Init                             0x08001045   Thumb Code   116  sys.o(i.MY_NVIC_Init)
    MY_NVIC_PriorityGroupConfig              0x080010bd   Thumb Code    32  sys.o(i.MY_NVIC_PriorityGroupConfig)
    MY_NVIC_SetVectorTable                   0x080010e5   Thumb Code    12  sys.o(i.MY_NVIC_SetVectorTable)
    OV7670_Init                              0x080010f5   Thumb Code   312  ov7670.o(i.OV7670_Init)
    OV7670_Light_Mode                        0x08001241   Thumb Code    92  ov7670.o(i.OV7670_Light_Mode)
    OV7670_Window_Set                        0x0800129d   Thumb Code   138  ov7670.o(i.OV7670_Window_Set)
    SCCB_Init                                0x08001329   Thumb Code    68  sccb.o(i.SCCB_Init)
    SCCB_No_Ack                              0x08001375   Thumb Code    56  sccb.o(i.SCCB_No_Ack)
    SCCB_RD_Byte                             0x080013b5   Thumb Code   100  sccb.o(i.SCCB_RD_Byte)
    SCCB_RD_Reg                              0x08001425   Thumb Code    78  sccb.o(i.SCCB_RD_Reg)
    SCCB_Start                               0x08001475   Thumb Code    42  sccb.o(i.SCCB_Start)
    SCCB_Stop                                0x080014a9   Thumb Code    42  sccb.o(i.SCCB_Stop)
    SCCB_WR_Byte                             0x080014dd   Thumb Code   154  sccb.o(i.SCCB_WR_Byte)
    SCCB_WR_Reg                              0x08001585   Thumb Code    62  sccb.o(i.SCCB_WR_Reg)
    Stm32_Clock_Init                         0x080015c5   Thumb Code    90  sys.o(i.Stm32_Clock_Init)
    Sys_Clock_Set                            0x0800162d   Thumb Code   254  sys.o(i.Sys_Clock_Set)
    Sys_Soft_Reset                           0x08001739   Thumb Code     8  sys.o(i.Sys_Soft_Reset)
    TIM3_IRQHandler                          0x08001749   Thumb Code   100  timer.o(i.TIM3_IRQHandler)
    TIM3_Int_Init                            0x080017bd   Thumb Code    68  timer.o(i.TIM3_Int_Init)
    USART1_IRQHandler                        0x08001809   Thumb Code    28  usart.o(i.USART1_IRQHandler)
    __ARM_fpclassify                         0x08001829   Thumb Code    48  fpclassify.o(i.__ARM_fpclassify)
    __hardfp_cos                             0x08001859   Thumb Code   180  cos.o(i.__hardfp_cos)
    __hardfp_sin                             0x08001921   Thumb Code   180  sin.o(i.__hardfp_sin)
    __ieee754_rem_pio2                       0x080019e9   Thumb Code   938  rred.o(i.__ieee754_rem_pio2)
    __kernel_cos                             0x08001e21   Thumb Code   322  cos_i.o(i.__kernel_cos)
    __kernel_poly                            0x08001f91   Thumb Code   248  poly.o(i.__kernel_poly)
    __kernel_sin                             0x08002089   Thumb Code   280  sin_i.o(i.__kernel_sin)
    __mathlib_dbl_infnan                     0x080021b9   Thumb Code    20  dunder.o(i.__mathlib_dbl_infnan)
    __mathlib_dbl_invalid                    0x080021d1   Thumb Code    24  dunder.o(i.__mathlib_dbl_invalid)
    __mathlib_dbl_underflow                  0x080021f1   Thumb Code    24  dunder.o(i.__mathlib_dbl_underflow)
    _sys_exit                                0x08002211   Thumb Code     6  usart.o(i._sys_exit)
    cameraSysInit                            0x08002219   Thumb Code    96  pic_process.o(i.cameraSysInit)
    creatYuzhi                               0x0800227d   Thumb Code   130  pic_process.o(i.creatYuzhi)
    delay_init                               0x08002309   Thumb Code    56  delay.o(i.delay_init)
    delay_ms                                 0x08002349   Thumb Code    56  delay.o(i.delay_ms)
    delay_us                                 0x08002381   Thumb Code    56  delay.o(i.delay_us)
    delay_xms                                0x080023bd   Thumb Code    56  delay.o(i.delay_xms)
    fabs                                     0x080023f9   Thumb Code    24  fabs.o(i.fabs)
    main                                     0x08002411   Thumb Code    20  main.o(i.main)
    send_Image                               0x08002429   Thumb Code   112  pic_process.o(i.send_Image)
    uart_init                                0x080024a5   Thumb Code   240  usart.o(i.uart_init)
    __aeabi_dneg                             0x080025a5   Thumb Code     0  basic.o(x$fpl$basic)
    _dneg                                    0x080025a5   Thumb Code     6  basic.o(x$fpl$basic)
    __aeabi_fneg                             0x080025ab   Thumb Code     0  basic.o(x$fpl$basic)
    _fneg                                    0x080025ab   Thumb Code     6  basic.o(x$fpl$basic)
    _dabs                                    0x080025b1   Thumb Code     6  basic.o(x$fpl$basic)
    _fabs                                    0x080025b7   Thumb Code     6  basic.o(x$fpl$basic)
    __aeabi_dadd                             0x080025bd   Thumb Code     0  daddsub_clz.o(x$fpl$dadd)
    _dadd                                    0x080025bd   Thumb Code   332  daddsub_clz.o(x$fpl$dadd)
    __aeabi_ddiv                             0x0800270d   Thumb Code     0  ddiv.o(x$fpl$ddiv)
    _ddiv                                    0x0800270d   Thumb Code   552  ddiv.o(x$fpl$ddiv)
    __aeabi_d2iz                             0x080029bd   Thumb Code     0  dfix.o(x$fpl$dfix)
    _dfix                                    0x080029bd   Thumb Code    94  dfix.o(x$fpl$dfix)
    __aeabi_i2d                              0x08002a1b   Thumb Code     0  dflt_clz.o(x$fpl$dflt)
    _dflt                                    0x08002a1b   Thumb Code    46  dflt_clz.o(x$fpl$dflt)
    __aeabi_ui2d                             0x08002a49   Thumb Code     0  dflt_clz.o(x$fpl$dfltu)
    _dfltu                                   0x08002a49   Thumb Code    38  dflt_clz.o(x$fpl$dfltu)
    __aeabi_dmul                             0x08002a71   Thumb Code     0  dmul.o(x$fpl$dmul)
    _dmul                                    0x08002a71   Thumb Code   332  dmul.o(x$fpl$dmul)
    __fpl_dnaninf                            0x08002bc5   Thumb Code   156  dnaninf.o(x$fpl$dnaninf)
    __fpl_dretinf                            0x08002c61   Thumb Code    12  dretinf.o(x$fpl$dretinf)
    __aeabi_drsub                            0x08002c6d   Thumb Code     0  daddsub_clz.o(x$fpl$drsb)
    _drsb                                    0x08002c6d   Thumb Code    22  daddsub_clz.o(x$fpl$drsb)
    __aeabi_dsub                             0x08002c85   Thumb Code     0  daddsub_clz.o(x$fpl$dsub)
    _dsub                                    0x08002c85   Thumb Code   464  daddsub_clz.o(x$fpl$dsub)
    _fp_init                                 0x08002e59   Thumb Code    10  fpinit.o(x$fpl$fpinit)
    __fplib_config_fpu_vfp                   0x08002e61   Thumb Code     0  fpinit.o(x$fpl$fpinit)
    __fplib_config_pureend_doubles           0x08002e61   Thumb Code     0  fpinit.o(x$fpl$fpinit)
    __I$use$fp                               0x08002e62   Number         0  usenofp.o(x$fpl$usenofp)
    ov7670_init_reg_tbl                      0x08002e62   Data         230  ov7670.o(.constdata)
    ov7670_init_reg_tbl_YUV                  0x08002f48   Data         348  ov7670.o(.constdata)
    Region$$Table$$Base                      0x080031c8   Number         0  anon$$obj.o(Region$$Table)
    Region$$Table$$Limit                     0x080031e8   Number         0  anon$$obj.o(Region$$Table)
    x_circle                                 0x20000000   Data           4  pic_process.o(.data)
    y_circle                                 0x20000004   Data           4  pic_process.o(.data)
    r_circle                                 0x20000008   Data           4  pic_process.o(.data)
    max                                      0x2000000c   Data           4  pic_process.o(.data)
    max_dynamic                              0x20000010   Data           4  pic_process.o(.data)
    static_flag1                             0x20000014   Data           4  pic_process.o(.data)
    static_flag2                             0x20000018   Data           4  pic_process.o(.data)
    ThereIsACircle                           0x2000001c   Data           1  pic_process.o(.data)
    ov_sta                                   0x20000022   Data           1  exti.o(.data)
    Pic_Buff_Dup                             0x20000024   Data        4800  pic_process.o(.bss)
    Pic_Buff_Temp                            0x200012e4   Data        4800  pic_process.o(.bss)
    Pic_Buff                                 0x200025a4   Data        4800  pic_process.o(.bss)
    SendBuff                                 0x20003864   Data        4804  pic_process.o(.bss)
    hough_space                              0x20004b28   Data       52800  pic_process.o(.bss)
    gray_density_array                       0x20011968   Data        1024  pic_process.o(.bss)
    gray_density_sum_array                   0x20011d68   Data        1024  pic_process.o(.bss)
    pixel_count                              0x20012168   Data          36  pic_process.o(.bss)
    __libspace_start                         0x2001218c   Data          96  libspace.o(.bss)
    __temporary_stack_top$libspace           0x200121ec   Data           0  libspace.o(.bss)



==============================================================================

Memory Map of the image

  Image Entry point : 0x08000189

  Load Region LR_IROM1 (Base: 0x08000000, Size: 0x0000320c, Max: 0x00100000, ABSOLUTE)

    Execution Region ER_IROM1 (Base: 0x08000000, Size: 0x000031e8, Max: 0x00100000, ABSOLUTE)

    Base Addr    Size         Type   Attr      Idx    E Section Name        Object

    0x08000000   0x00000188   Data   RO            3    RESET               startup_stm32f40_41xxx.o
    0x08000188   0x00000008   Code   RO          685  * !!!main             c_w.l(__main.o)
    0x08000190   0x00000034   Code   RO          951    !!!scatter          c_w.l(__scatter.o)
    0x080001c4   0x0000001a   Code   RO          953    !!handler_copy      c_w.l(__scatter_copy.o)
    0x080001de   0x00000002   PAD
    0x080001e0   0x0000001c   Code   RO          955    !!handler_zi        c_w.l(__scatter_zi.o)
    0x080001fc   0x00000002   Code   RO          829    .ARM.Collect$$libinit$$00000000  c_w.l(libinit.o)
    0x080001fe   0x00000004   Code   RO          832    .ARM.Collect$$libinit$$00000001  c_w.l(libinit2.o)
    0x08000202   0x00000000   Code   RO          835    .ARM.Collect$$libinit$$00000004  c_w.l(libinit2.o)
    0x08000202   0x00000000   Code   RO          838    .ARM.Collect$$libinit$$0000000A  c_w.l(libinit2.o)
    0x08000202   0x00000000   Code   RO          840    .ARM.Collect$$libinit$$0000000C  c_w.l(libinit2.o)
    0x08000202   0x00000000   Code   RO          842    .ARM.Collect$$libinit$$0000000E  c_w.l(libinit2.o)
    0x08000202   0x00000000   Code   RO          845    .ARM.Collect$$libinit$$00000011  c_w.l(libinit2.o)
    0x08000202   0x00000000   Code   RO          847    .ARM.Collect$$libinit$$00000013  c_w.l(libinit2.o)
    0x08000202   0x00000000   Code   RO          849    .ARM.Collect$$libinit$$00000015  c_w.l(libinit2.o)
    0x08000202   0x00000000   Code   RO          851    .ARM.Collect$$libinit$$00000017  c_w.l(libinit2.o)
    0x08000202   0x00000000   Code   RO          853    .ARM.Collect$$libinit$$00000019  c_w.l(libinit2.o)
    0x08000202   0x00000000   Code   RO          855    .ARM.Collect$$libinit$$0000001B  c_w.l(libinit2.o)
    0x08000202   0x00000000   Code   RO          857    .ARM.Collect$$libinit$$0000001D  c_w.l(libinit2.o)
    0x08000202   0x00000000   Code   RO          859    .ARM.Collect$$libinit$$0000001F  c_w.l(libinit2.o)
    0x08000202   0x00000000   Code   RO          861    .ARM.Collect$$libinit$$00000021  c_w.l(libinit2.o)
    0x08000202   0x00000000   Code   RO          863    .ARM.Collect$$libinit$$00000023  c_w.l(libinit2.o)
    0x08000202   0x00000000   Code   RO          865    .ARM.Collect$$libinit$$00000025  c_w.l(libinit2.o)
    0x08000202   0x00000000   Code   RO          869    .ARM.Collect$$libinit$$0000002C  c_w.l(libinit2.o)
    0x08000202   0x00000000   Code   RO          871    .ARM.Collect$$libinit$$0000002E  c_w.l(libinit2.o)
    0x08000202   0x00000000   Code   RO          873    .ARM.Collect$$libinit$$00000030  c_w.l(libinit2.o)
    0x08000202   0x00000000   Code   RO          875    .ARM.Collect$$libinit$$00000032  c_w.l(libinit2.o)
    0x08000202   0x00000002   Code   RO          876    .ARM.Collect$$libinit$$00000033  c_w.l(libinit2.o)
    0x08000204   0x00000002   Code   RO          894    .ARM.Collect$$libshutdown$$00000000  c_w.l(libshutdown.o)
    0x08000206   0x00000000   Code   RO          905    .ARM.Collect$$libshutdown$$00000003  c_w.l(libshutdown2.o)
    0x08000206   0x00000000   Code   RO          908    .ARM.Collect$$libshutdown$$00000006  c_w.l(libshutdown2.o)
    0x08000206   0x00000000   Code   RO          911    .ARM.Collect$$libshutdown$$00000009  c_w.l(libshutdown2.o)
    0x08000206   0x00000000   Code   RO          913    .ARM.Collect$$libshutdown$$0000000B  c_w.l(libshutdown2.o)
    0x08000206   0x00000000   Code   RO          916    .ARM.Collect$$libshutdown$$0000000E  c_w.l(libshutdown2.o)
    0x08000206   0x00000002   Code   RO          917    .ARM.Collect$$libshutdown$$0000000F  c_w.l(libshutdown2.o)
    0x08000208   0x00000000   Code   RO          745    .ARM.Collect$$rtentry$$00000000  c_w.l(__rtentry.o)
    0x08000208   0x00000000   Code   RO          788    .ARM.Collect$$rtentry$$00000002  c_w.l(__rtentry2.o)
    0x08000208   0x00000006   Code   RO          800    .ARM.Collect$$rtentry$$00000004  c_w.l(__rtentry4.o)
    0x0800020e   0x00000000   Code   RO          790    .ARM.Collect$$rtentry$$00000009  c_w.l(__rtentry2.o)
    0x0800020e   0x00000004   Code   RO          791    .ARM.Collect$$rtentry$$0000000A  c_w.l(__rtentry2.o)
    0x08000212   0x00000000   Code   RO          793    .ARM.Collect$$rtentry$$0000000C  c_w.l(__rtentry2.o)
    0x08000212   0x00000008   Code   RO          794    .ARM.Collect$$rtentry$$0000000D  c_w.l(__rtentry2.o)
    0x0800021a   0x00000002   Code   RO          830    .ARM.Collect$$rtexit$$00000000  c_w.l(rtexit.o)
    0x0800021c   0x00000000   Code   RO          878    .ARM.Collect$$rtexit$$00000002  c_w.l(rtexit2.o)
    0x0800021c   0x00000004   Code   RO          879    .ARM.Collect$$rtexit$$00000003  c_w.l(rtexit2.o)
    0x08000220   0x00000006   Code   RO          880    .ARM.Collect$$rtexit$$00000004  c_w.l(rtexit2.o)
    0x08000226   0x00000002   PAD
    0x08000228   0x00000044   Code   RO            4    .text               startup_stm32f40_41xxx.o
    0x0800026c   0x00000002   Code   RO          677    .text               c_w.l(use_no_semi_2.o)
    0x0800026e   0x00000064   Code   RO          679    .text               c_w.l(rt_memcpy_w.o)
    0x080002d2   0x0000004e   Code   RO          681    .text               c_w.l(rt_memclr_w.o)
    0x08000320   0x00000006   Code   RO          683    .text               c_w.l(heapauxi.o)
    0x08000326   0x00000002   Code   RO          743    .text               c_w.l(use_no_semi.o)
    0x08000328   0x00000016   Code   RO          746    .text               c_w.l(_rserrno.o)
    0x0800033e   0x00000002   PAD
    0x08000340   0x00000008   Code   RO          805    .text               c_w.l(rt_errno_addr_intlibspace.o)
    0x08000348   0x00000008   Code   RO          817    .text               c_w.l(libspace.o)
    0x08000350   0x0000004a   Code   RO          820    .text               c_w.l(sys_stackheap_outer.o)
    0x0800039a   0x0000000c   Code   RO          822    .text               c_w.l(exit.o)
    0x080003a6   0x00000002   PAD
    0x080003a8   0x00000144   Code   RO          100    i.CAMERA_Image_Cut_Compress_6080  pic_process.o
    0x080004ec   0x0000005c   Code   RO          586    i.EXTI3_IRQHandler  exti.o
    0x08000548   0x00000054   Code   RO          587    i.EXTI9_5_IRQHandler  exti.o
    0x0800059c   0x0000001a   Code   RO          588    i.EXTI9_Init        exti.o
    0x080005b6   0x0000001a   Code   RO          589    i.EXTIX_Init        exti.o
    0x080005d0   0x000000b4   Code   RO          282    i.Ex_NVIC_Config    sys.o
    0x08000684   0x00000040   Code   RO          283    i.GPIO_AF_Set       sys.o
    0x080006c4   0x000000de   Code   RO          284    i.GPIO_Set          sys.o
    0x080007a2   0x00000002   PAD
    0x080007a4   0x00000048   Code   RO          657    i.GpioInit          gpio.o
    0x080007ec   0x000000e4   Code   RO          101    i.Hough             pic_process.o
    0x080008d0   0x000000cc   Code   RO          102    i.HoughAfter        pic_process.o
    0x0800099c   0x000001f4   Code   RO          103    i.HoughAfterHelper  pic_process.o
    0x08000b90   0x00000190   Code   RO          104    i.HoughHelper       pic_process.o
    0x08000d20   0x00000034   Code   RO          106    i.Image_Send        pic_process.o
    0x08000d54   0x000001a8   Code   RO          109    i.Image_Sobel       pic_process.o
    0x08000efc   0x00000128   Code   RO          631    i.MYDMA_Config      dma.o
    0x08001024   0x00000020   Code   RO          632    i.MYDMA_Enable      dma.o
    0x08001044   0x00000078   Code   RO          287    i.MY_NVIC_Init      sys.o
    0x080010bc   0x00000028   Code   RO          288    i.MY_NVIC_PriorityGroupConfig  sys.o
    0x080010e4   0x00000010   Code   RO          289    i.MY_NVIC_SetVectorTable  sys.o
    0x080010f4   0x0000014c   Code   RO          435    i.OV7670_Init       ov7670.o
    0x08001240   0x0000005c   Code   RO          436    i.OV7670_Light_Mode  ov7670.o
    0x0800129c   0x0000008a   Code   RO          438    i.OV7670_Window_Set  ov7670.o
    0x08001326   0x00000002   PAD
    0x08001328   0x0000004c   Code   RO          497    i.SCCB_Init         sccb.o
    0x08001374   0x00000040   Code   RO          498    i.SCCB_No_Ack       sccb.o
    0x080013b4   0x00000070   Code   RO          499    i.SCCB_RD_Byte      sccb.o
    0x08001424   0x0000004e   Code   RO          500    i.SCCB_RD_Reg       sccb.o
    0x08001472   0x00000002   PAD
    0x08001474   0x00000034   Code   RO          501    i.SCCB_Start        sccb.o
    0x080014a8   0x00000034   Code   RO          502    i.SCCB_Stop         sccb.o
    0x080014dc   0x000000a8   Code   RO          503    i.SCCB_WR_Byte      sccb.o
    0x08001584   0x0000003e   Code   RO          504    i.SCCB_WR_Reg       sccb.o
    0x080015c2   0x00000002   PAD
    0x080015c4   0x00000068   Code   RO          290    i.Stm32_Clock_Init  sys.o
    0x0800162c   0x0000010c   Code   RO          291    i.Sys_Clock_Set     sys.o
    0x08001738   0x00000010   Code   RO          292    i.Sys_Soft_Reset    sys.o
    0x08001748   0x00000074   Code   RO          559    i.TIM3_IRQHandler   timer.o
    0x080017bc   0x0000004c   Code   RO          560    i.TIM3_Int_Init     timer.o
    0x08001808   0x00000020   Code   RO          377    i.USART1_IRQHandler  usart.o
    0x08001828   0x00000030   Code   RO          813    i.__ARM_fpclassify  m_wm.l(fpclassify.o)
    0x08001858   0x000000c8   Code   RO          719    i.__hardfp_cos      m_wm.l(cos.o)
    0x08001920   0x000000c8   Code   RO          731    i.__hardfp_sin      m_wm.l(sin.o)
    0x080019e8   0x00000438   Code   RO          776    i.__ieee754_rem_pio2  m_wm.l(rred.o)
    0x08001e20   0x00000170   Code   RO          759    i.__kernel_cos      m_wm.l(cos_i.o)
    0x08001f90   0x000000f8   Code   RO          815    i.__kernel_poly     m_wm.l(poly.o)
    0x08002088   0x00000130   Code   RO          781    i.__kernel_sin      m_wm.l(sin_i.o)
    0x080021b8   0x00000014   Code   RO          763    i.__mathlib_dbl_infnan  m_wm.l(dunder.o)
    0x080021cc   0x00000004   PAD
    0x080021d0   0x00000020   Code   RO          765    i.__mathlib_dbl_invalid  m_wm.l(dunder.o)
    0x080021f0   0x00000020   Code   RO          768    i.__mathlib_dbl_underflow  m_wm.l(dunder.o)
    0x08002210   0x00000006   Code   RO          379    i._sys_exit         usart.o
    0x08002216   0x00000002   PAD
    0x08002218   0x00000064   Code   RO          113    i.cameraSysInit     pic_process.o
    0x0800227c   0x0000008c   Code   RO          114    i.creatYuzhi        pic_process.o
    0x08002308   0x00000040   Code   RO          241    i.delay_init        delay.o
    0x08002348   0x00000038   Code   RO          242    i.delay_ms          delay.o
    0x08002380   0x0000003c   Code   RO          243    i.delay_us          delay.o
    0x080023bc   0x0000003c   Code   RO          244    i.delay_xms         delay.o
    0x080023f8   0x00000018   Code   RO          809    i.fabs              m_wm.l(fabs.o)
    0x08002410   0x00000018   Code   RO           13    i.main              main.o
    0x08002428   0x0000007c   Code   RO          115    i.send_Image        pic_process.o
    0x080024a4   0x00000100   Code   RO          381    i.uart_init         usart.o
    0x080025a4   0x00000018   Code   RO          748    x$fpl$basic         fz_wm.l(basic.o)
    0x080025bc   0x00000150   Code   RO          687    x$fpl$dadd          fz_wm.l(daddsub_clz.o)
    0x0800270c   0x000002b0   Code   RO          694    x$fpl$ddiv          fz_wm.l(ddiv.o)
    0x080029bc   0x0000005e   Code   RO          697    x$fpl$dfix          fz_wm.l(dfix.o)
    0x08002a1a   0x0000002e   Code   RO          706    x$fpl$dflt          fz_wm.l(dflt_clz.o)
    0x08002a48   0x00000026   Code   RO          705    x$fpl$dfltu         fz_wm.l(dflt_clz.o)
    0x08002a6e   0x00000002   PAD
    0x08002a70   0x00000154   Code   RO          713    x$fpl$dmul          fz_wm.l(dmul.o)
    0x08002bc4   0x0000009c   Code   RO          752    x$fpl$dnaninf       fz_wm.l(dnaninf.o)
    0x08002c60   0x0000000c   Code   RO          754    x$fpl$dretinf       fz_wm.l(dretinf.o)
    0x08002c6c   0x00000016   Code   RO          688    x$fpl$drsb          fz_wm.l(daddsub_clz.o)
    0x08002c82   0x00000002   PAD
    0x08002c84   0x000001d4   Code   RO          689    x$fpl$dsub          fz_wm.l(daddsub_clz.o)
    0x08002e58   0x0000000a   Code   RO          886    x$fpl$fpinit        fz_wm.l(fpinit.o)
    0x08002e62   0x00000000   Code   RO          758    x$fpl$usenofp       fz_wm.l(usenofp.o)
    0x08002e62   0x00000242   Data   RO          439    .constdata          ov7670.o
    0x080030a4   0x00000004   PAD
    0x080030a8   0x00000030   Data   RO          760    .constdata          m_wm.l(cos_i.o)
    0x080030d8   0x000000c8   Data   RO          778    .constdata          m_wm.l(rred.o)
    0x080031a0   0x00000028   Data   RO          782    .constdata          m_wm.l(sin_i.o)
    0x080031c8   0x00000020   Data   RO          949    Region$$Table       anon$$obj.o


    Execution Region RW_IRAM1 (Base: 0x20000000, Size: 0x000125f0, Max: 0x00020000, ABSOLUTE)

    Base Addr    Size         Type   Attr      Idx    E Section Name        Object

    0x20000000   0x0000001d   Data   RW          118    .data               pic_process.o
    0x2000001d   0x00000001   PAD
    0x2000001e   0x00000004   Data   RW          245    .data               delay.o
    0x20000022   0x00000001   Data   RW          590    .data               exti.o
    0x20000023   0x00000001   PAD
    0x20000024   0x00012168   Zero   RW          117    .bss                pic_process.o
    0x2001218c   0x00000060   Zero   RW          818    .bss                c_w.l(libspace.o)
    0x200121ec   0x00000004   PAD
    0x200121f0   0x00000000   Zero   RW            2    HEAP                startup_stm32f40_41xxx.o
    0x200121f0   0x00000400   Zero   RW            1    STACK               startup_stm32f40_41xxx.o


==============================================================================

Image component sizes


      Code (inc. data)   RO Data    RW Data    ZI Data      Debug   Object Name

       240         16          0          4          0       2355   delay.o
       328         12          0          0          0       1642   dma.o
       228         38          0          1          0       2167   exti.o
        72         12          0          0          0        439   gpio.o
        24          4          0          0          0     232423   main.o
       562         20        578          0          0       2744   ov7670.o
      2496        212          0         29      74088       8813   pic_process.o
       664         62          0          0          0       4501   sccb.o
        68         24        392          0       1024        860   startup_stm32f40_41xxx.o
      1030         64          0          0          0       5964   sys.o
       192         24          0          0          0       1130   timer.o
       294         20          0          0          0       1792   usart.o

    ----------------------------------------------------------------------
      6208        508       1006         36      75112     264830   Object Totals
         0          0         32          0          0          0   (incl. Generated)
        10          0          4          2          0          0   (incl. Padding)

    ----------------------------------------------------------------------

      Code (inc. data)   RO Data    RW Data    ZI Data      Debug   Library Member Name

         8          0          0          0          0         68   __main.o
         0          0          0          0          0          0   __rtentry.o
        12          0          0          0          0          0   __rtentry2.o
         6          0          0          0          0          0   __rtentry4.o
        52          8          0          0          0          0   __scatter.o
        26          0          0          0          0          0   __scatter_copy.o
        28          0          0          0          0          0   __scatter_zi.o
        22          0          0          0          0        100   _rserrno.o
        12          0          0          0          0         72   exit.o
         6          0          0          0          0        152   heapauxi.o
         2          0          0          0          0          0   libinit.o
         6          0          0          0          0          0   libinit2.o
         2          0          0          0          0          0   libshutdown.o
         2          0          0          0          0          0   libshutdown2.o
         8          4          0          0         96         68   libspace.o
         8          4          0          0          0         68   rt_errno_addr_intlibspace.o
        78          0          0          0          0         80   rt_memclr_w.o
       100          0          0          0          0         80   rt_memcpy_w.o
         2          0          0          0          0          0   rtexit.o
        10          0          0          0          0          0   rtexit2.o
        74          0          0          0          0         80   sys_stackheap_outer.o
         2          0          0          0          0         68   use_no_semi.o
         2          0          0          0          0         68   use_no_semi_2.o
        24          0          0          0          0        164   basic.o
       826         16          0          0          0        492   daddsub_clz.o
       688        140          0          0          0        256   ddiv.o
        94          4          0          0          0        140   dfix.o
        84          0          0          0          0        232   dflt_clz.o
       340         12          0          0          0        152   dmul.o
       156          4          0          0          0        140   dnaninf.o
        12          0          0          0          0        116   dretinf.o
        10          0          0          0          0        116   fpinit.o
         0          0          0          0          0          0   usenofp.o
       200         20          0          0          0        164   cos.o
       368         46         48          0          0        200   cos_i.o
        84         16          0          0          0        372   dunder.o
        24          0          0          0          0        124   fabs.o
        48          0          0          0          0        124   fpclassify.o
       248          0          0          0          0        152   poly.o
      1080        142        200          0          0        188   rred.o
       200         20          0          0          0        164   sin.o
       304         24         40          0          0        208   sin_i.o

    ----------------------------------------------------------------------
      5274        460        288          0        100       4408   Library Totals
        16          0          0          0          4          0   (incl. Padding)

    ----------------------------------------------------------------------

      Code (inc. data)   RO Data    RW Data    ZI Data      Debug   Library Name

       468         16          0          0         96        904   c_w.l
      2234        176          0          0          0       1808   fz_wm.l
      2556        268        288          0          0       1696   m_wm.l

    ----------------------------------------------------------------------
      5274        460        288          0        100       4408   Library Totals

    ----------------------------------------------------------------------

==============================================================================


      Code (inc. data)   RO Data    RW Data    ZI Data      Debug   

     11482        968       1294         36      75212     262474   Grand Totals
     11482        968       1294         36      75212     262474   ELF Image Totals
     11482        968       1294         36          0          0   ROM Totals

==============================================================================

    Total RO  Size (Code + RO Data)                12776 (  12.48kB)
    Total RW  Size (RW Data + ZI Data)             75248 (  73.48kB)
    Total ROM Size (Code + RO Data + RW Data)      12812 (  12.51kB)

==============================================================================

