Component: ARM Compiler 5.05 update 1 (build 106) Tool: armlink [4d0efa]

==============================================================================

Section Cross References

    startup_stm32f40_41xxx.o(STACK) refers (Special) to heapauxi.o(.text) for __use_two_region_memory
    startup_stm32f40_41xxx.o(HEAP) refers (Special) to heapauxi.o(.text) for __use_two_region_memory
    startup_stm32f40_41xxx.o(RESET) refers (Special) to heapauxi.o(.text) for __use_two_region_memory
    startup_stm32f40_41xxx.o(RESET) refers to startup_stm32f40_41xxx.o(STACK) for __initial_sp
    startup_stm32f40_41xxx.o(RESET) refers to startup_stm32f40_41xxx.o(.text) for Reset_Handler
    startup_stm32f40_41xxx.o(RESET) refers to exti.o(i.EXTI0_IRQHandler) for EXTI0_IRQHandler
    startup_stm32f40_41xxx.o(RESET) refers to exti.o(i.EXTI2_IRQHandler) for EXTI2_IRQHandler
    startup_stm32f40_41xxx.o(RESET) refers to exti.o(i.EXTI3_IRQHandler) for EXTI3_IRQHandler
    startup_stm32f40_41xxx.o(RESET) refers to exti.o(i.EXTI4_IRQHandler) for EXTI4_IRQHandler
    startup_stm32f40_41xxx.o(RESET) refers to exti.o(i.EXTI9_5_IRQHandler) for EXTI9_5_IRQHandler
    startup_stm32f40_41xxx.o(RESET) refers to timer.o(i.TIM3_IRQHandler) for TIM3_IRQHandler
    startup_stm32f40_41xxx.o(RESET) refers to usart.o(i.USART1_IRQHandler) for USART1_IRQHandler
    startup_stm32f40_41xxx.o(RESET) refers to timer.o(i.TIM5_IRQHandler) for TIM5_IRQHandler
    startup_stm32f40_41xxx.o(.text) refers (Special) to heapauxi.o(.text) for __use_two_region_memory
    startup_stm32f40_41xxx.o(.text) refers to __main.o(!!!main) for __main
    startup_stm32f40_41xxx.o(.text) refers to startup_stm32f40_41xxx.o(HEAP) for Heap_Mem
    startup_stm32f40_41xxx.o(.text) refers to startup_stm32f40_41xxx.o(STACK) for Stack_Mem
    main.o(i.dynamic_check) refers to pic_process.o(i.CAMERA_Image_Cut_Compress_6080) for CAMERA_Image_Cut_Compress_6080
    main.o(i.dynamic_check) refers to pic_process.o(i.Image_Histeq) for Image_Histeq
    main.o(i.dynamic_check) refers to pic_process.o(i.Sobel_After) for Sobel_After
    main.o(i.dynamic_check) refers to pic_process.o(i.Water_Level_Dynamic) for Water_Level_Dynamic
    main.o(i.dynamic_check) refers to pic_process.o(i.Image_Send_Dynamic) for Image_Send_Dynamic
    main.o(i.dynamic_check) refers to exti.o(.data) for ov_sta
    main.o(i.main) refers to pic_process.o(i.cameraSysInit) for cameraSysInit
    main.o(i.main) refers to pic_process.o(i.CAMERA_Image_Cut_Compress_6080) for CAMERA_Image_Cut_Compress_6080
    main.o(i.main) refers to pic_process.o(i.Image_Sobel) for Image_Sobel
    main.o(i.main) refers to pic_process.o(i.Hough) for Hough
    main.o(i.main) refers to pic_process.o(i.Image_Histeq) for Image_Histeq
    main.o(i.main) refers to pic_process.o(i.Sobel_After) for Sobel_After
    main.o(i.main) refers to pic_process.o(i.Water_Level_Static) for Water_Level_Static
    main.o(i.main) refers to pic_process.o(i.Image_Send_After_Static) for Image_Send_After_Static
    main.o(i.main) refers to exti.o(.data) for ov_sta
    main.o(i.main) refers to main.o(.data) for flag_onlyone
    pic_process.o(i.CAMERA_Image_Cut_Compress_6080) refers to rt_memcpy_w.o(.text) for __aeabi_memcpy4
    pic_process.o(i.CAMERA_Image_Cut_Compress_6080) refers to pic_process.o(.bss) for Pic_Buff
    pic_process.o(i.CAMERA_Image_Cut_Compress_6080) refers to exti.o(.data) for ov_sta
    pic_process.o(i.Hough) refers to dflt_clz.o(x$fpl$dflt) for __aeabi_i2d
    pic_process.o(i.Hough) refers to dmul.o(x$fpl$dmul) for __aeabi_dmul
    pic_process.o(i.Hough) refers to ddiv.o(x$fpl$ddiv) for __aeabi_ddiv
    pic_process.o(i.Hough) refers to cos.o(i.__hardfp_cos) for __hardfp_cos
    pic_process.o(i.Hough) refers to daddsub_clz.o(x$fpl$dsub) for __aeabi_dsub
    pic_process.o(i.Hough) refers to dfix.o(x$fpl$dfix) for __aeabi_d2iz
    pic_process.o(i.Hough) refers to sin.o(i.__hardfp_sin) for __hardfp_sin
    pic_process.o(i.Hough) refers to rt_memclr.o(.text) for __aeabi_memclr
    pic_process.o(i.Hough) refers to pic_process.o(.bss) for Pic_Buff
    pic_process.o(i.Hough) refers to pic_process.o(.data) for x_circle
    pic_process.o(i.Image_Histeq) refers to f2d.o(x$fpl$f2d) for __aeabi_f2d
    pic_process.o(i.Image_Histeq) refers to dmul.o(x$fpl$dmul) for __aeabi_dmul
    pic_process.o(i.Image_Histeq) refers to daddsub_clz.o(x$fpl$dadd) for __aeabi_dadd
    pic_process.o(i.Image_Histeq) refers to dfixu.o(x$fpl$dfixu) for __aeabi_d2uiz
    pic_process.o(i.Image_Histeq) refers to pic_process.o(.bss) for gray_density_array
    pic_process.o(i.Image_Histeq) refers to pic_process.o(.data) for y_circle
    pic_process.o(i.Image_Send) refers to pic_process.o(i.send_Image) for send_Image
    pic_process.o(i.Image_Send) refers to pic_process.o(.data) for x_circle
    pic_process.o(i.Image_Send) refers to pic_process.o(.bss) for SendBuff
    pic_process.o(i.Image_Send_After_Static) refers to pic_process.o(i.send_Image) for send_Image
[...]
    __rtentry2.o(.ARM.exidx) refers to __rtentry2.o(.ARM.Collect$$rtentry$$0000000A) for .ARM.Collect$$rtentry$$0000000A
    __rtentry2.o(.ARM.exidx) refers to __rtentry2.o(.ARM.Collect$$rtentry$$0000000B) for .ARM.Collect$$rtentry$$0000000B
    __rtentry2.o(.ARM.exidx) refers to __rtentry2.o(.ARM.Collect$$rtentry$$0000000D) for .ARM.Collect$$rtentry$$0000000D
    __rtentry4.o(.ARM.Collect$$rtentry$$00000004) refers to sys_stackheap_outer.o(.text) for __user_setup_stackheap
    __rtentry4.o(.ARM.exidx) refers to __rtentry4.o(.ARM.Collect$$rtentry$$00000004) for .ARM.Collect$$rtentry$$00000004
    rt_errno_addr.o(.text) refers to rt_errno_addr.o(.bss) for __aeabi_errno_addr_data
    rt_errno_addr_intlibspace.o(.text) refers to libspace.o(.bss) for __libspace_start
    fabs.o(i.__hardfp_fabs) refers (Special) to usenofp.o(x$fpl$usenofp) for __I$use$fp
    fabs.o(i.__softfp_fabs) refers (Special) to usenofp.o(x$fpl$usenofp) for __I$use$fp
    fabs.o(i.fabs) refers (Special) to usenofp.o(x$fpl$usenofp) for __I$use$fp
    fpclassify.o(i.__ARM_fpclassify) refers (Special) to usenofp.o(x$fpl$usenofp) for __I$use$fp
    poly.o(i.__kernel_poly) refers (Special) to usenofp.o(x$fpl$usenofp) for __I$use$fp
    poly.o(i.__kernel_poly) refers to dmul.o(x$fpl$dmul) for __aeabi_dmul
    poly.o(i.__kernel_poly) refers to daddsub_clz.o(x$fpl$dadd) for __aeabi_dadd
    libspace.o(.text) refers to libspace.o(.bss) for __libspace_start
    sys_stackheap_outer.o(.text) refers to libspace.o(.text) for __user_perproc_libspace
    sys_stackheap_outer.o(.text) refers to startup_stm32f40_41xxx.o(.text) for __user_initial_stackheap
    exit.o(.text) refers to rtexit.o(.ARM.Collect$$rtexit$$00000000) for __rt_exit
    libinit.o(.ARM.Collect$$libinit$$00000000) refers (Special) to libinit2.o(.ARM.Collect$$libinit$$0000002E) for __rt_lib_init_alloca_1
    libinit.o(.ARM.Collect$$libinit$$00000000) refers (Special) to libinit2.o(.ARM.Collect$$libinit$$0000002C) for __rt_lib_init_argv_1
    libinit.o(.ARM.Collect$$libinit$$00000000) refers (Special) to libinit2.o(.ARM.Collect$$libinit$$0000001B) for __rt_lib_init_atexit_1
    libinit.o(.ARM.Collect$$libinit$$00000000) refers (Special) to libinit2.o(.ARM.Collect$$libinit$$00000021) for __rt_lib_init_clock_1
    libinit.o(.ARM.Collect$$libinit$$00000000) refers (Special) to libinit2.o(.ARM.Collect$$libinit$$00000032) for __rt_lib_init_cpp_1
    libinit.o(.ARM.Collect$$libinit$$00000000) refers (Special) to libinit2.o(.ARM.Collect$$libinit$$00000030) for __rt_lib_init_exceptions_1
    libinit.o(.ARM.Collect$$libinit$$00000000) refers (Special) to libinit2.o(.ARM.Collect$$libinit$$00000001) for __rt_lib_init_fp_1
    libinit.o(.ARM.Collect$$libinit$$00000000) refers (Special) to libinit2.o(.ARM.Collect$$libinit$$0000001F) for __rt_lib_init_fp_trap_1
    libinit.o(.ARM.Collect$$libinit$$00000000) refers (Special) to libinit2.o(.ARM.Collect$$libinit$$00000023) for __rt_lib_init_getenv_1
    libinit.o(.ARM.Collect$$libinit$$00000000) refers (Special) to libinit2.o(.ARM.Collect$$libinit$$0000000A) for __rt_lib_init_heap_1
    libinit.o(.ARM.Collect$$libinit$$00000000) refers (Special) to libinit2.o(.ARM.Collect$$libinit$$00000011) for __rt_lib_init_lc_collate_1
    libinit.o(.ARM.Collect$$libinit$$00000000) refers (Special) to libinit2.o(.ARM.Collect$$libinit$$00000013) for __rt_lib_init_lc_ctype_1
    libinit.o(.ARM.Collect$$libinit$$00000000) refers (Special) to libinit2.o(.ARM.Collect$$libinit$$00000015) for __rt_lib_init_lc_monetary_1
    libinit.o(.ARM.Collect$$libinit$$00000000) refers (Special) to libinit2.o(.ARM.Collect$$libinit$$00000017) for __rt_lib_init_lc_numeric_1
    libinit.o(.ARM.Collect$$libinit$$00000000) refers (Special) to libinit2.o(.ARM.Collect$$libinit$$00000019) for __rt_lib_init_lc_time_1
    libinit.o(.ARM.Collect$$libinit$$00000000) refers (Special) to libinit2.o(.ARM.Collect$$libinit$$00000004) for __rt_lib_init_preinit_1
    libinit.o(.ARM.Collect$$libinit$$00000000) refers (Special) to libinit2.o(.ARM.Collect$$libinit$$0000000E) for __rt_lib_init_rand_1
    libinit.o(.ARM.Collect$$libinit$$00000000) refers (Special) to libinit2.o(.ARM.Collect$$libinit$$00000033) for __rt_lib_init_return
    libinit.o(.ARM.Collect$$libinit$$00000000) refers (Special) to libinit2.o(.ARM.Collect$$libinit$$0000001D) for __rt_lib_init_signal_1
    libinit.o(.ARM.Collect$$libinit$$00000000) refers (Special) to libinit2.o(.ARM.Collect$$libinit$$00000025) for __rt_lib_init_stdio_1
    libinit.o(.ARM.Collect$$libinit$$00000000) refers (Special) to libinit2.o(.ARM.Collect$$libinit$$0000000C) for __rt_lib_init_user_alloc_1
    rtexit.o(.ARM.Collect$$rtexit$$00000000) refers (Special) to rtexit2.o(.ARM.Collect$$rtexit$$00000004) for __rt_exit_exit
    rtexit.o(.ARM.Collect$$rtexit$$00000000) refers (Special) to rtexit2.o(.ARM.Collect$$rtexit$$00000003) for __rt_exit_ls
    rtexit.o(.ARM.Collect$$rtexit$$00000000) refers (Special) to rtexit2.o(.ARM.Collect$$rtexit$$00000002) for __rt_exit_prels_1
    rtexit.o(.ARM.exidx) refers (Special) to rtexit2.o(.ARM.Collect$$rtexit$$00000004) for __rt_exit_exit
    rtexit.o(.ARM.exidx) refers (Special) to rtexit2.o(.ARM.Collect$$rtexit$$00000003) for __rt_exit_ls
    rtexit.o(.ARM.exidx) refers (Special) to rtexit2.o(.ARM.Collect$$rtexit$$00000002) for __rt_exit_prels_1
    rtexit.o(.ARM.exidx) refers to rtexit.o(.ARM.Collect$$rtexit$$00000000) for .ARM.Collect$$rtexit$$00000000
    libinit2.o(.ARM.Collect$$libinit$$00000001) refers to fpinit.o(x$fpl$fpinit) for _fp_init
    libinit2.o(.ARM.Collect$$libinit$$00000010) refers to libinit2.o(.ARM.Collect$$libinit$$0000000F) for .ARM.Collect$$libinit$$0000000F
    libinit2.o(.ARM.Collect$$libinit$$00000012) refers to libinit2.o(.ARM.Collect$$libinit$$0000000F) for .ARM.Collect$$libinit$$0000000F
    libinit2.o(.ARM.Collect$$libinit$$00000014) refers to libinit2.o(.ARM.Collect$$libinit$$0000000F) for .ARM.Collect$$libinit$$0000000F
    libinit2.o(.ARM.Collect$$libinit$$00000016) refers to libinit2.o(.ARM.Collect$$libinit$$0000000F) for .ARM.Collect$$libinit$$0000000F
    libinit2.o(.ARM.Collect$$libinit$$00000018) refers to libinit2.o(.ARM.Collect$$libinit$$0000000F) for .ARM.Collect$$libinit$$0000000F
    libinit2.o(.ARM.Collect$$libinit$$00000026) refers to argv_veneer.o(.emb_text) for __ARM_argv_veneer
    libinit2.o(.ARM.Collect$$libinit$$00000027) refers to argv_veneer.o(.emb_text) for __ARM_argv_veneer
    rtexit2.o(.ARM.Collect$$rtexit$$00000003) refers to libshutdown.o(.ARM.Collect$$libshutdown$$00000000) for __rt_lib_shutdown
    rtexit2.o(.ARM.Collect$$rtexit$$00000004) refers to usart.o(i._sys_exit) for _sys_exit
    rtexit2.o(.ARM.exidx) refers to rtexit2.o(.ARM.Collect$$rtexit$$00000001) for .ARM.Collect$$rtexit$$00000001
    rtexit2.o(.ARM.exidx) refers to rtexit2.o(.ARM.Collect$$rtexit$$00000003) for .ARM.Collect$$rtexit$$00000003
    rtexit2.o(.ARM.exidx) refers to rtexit2.o(.ARM.Collect$$rtexit$$00000004) for .ARM.Collect$$rtexit$$00000004
    argv_veneer.o(.emb_text) refers to no_argv.o(.text) for __ARM_get_argv
    _get_argv_nomalloc.o(.text) refers (Special) to hrguard.o(.text) for __heap_region$guard
    _get_argv_nomalloc.o(.text) refers to defsig_rtmem_outer.o(.text) for __rt_SIGRTMEM
    _get_argv_nomalloc.o(.text) refers to sys_command.o(.text) for _sys_command_string
    libshutdown.o(.ARM.Collect$$libshutdown$$00000000) refers (Special) to libshutdown2.o(.ARM.Collect$$libshutdown$$00000006) for __rt_lib_shutdown_fp_trap_1
    libshutdown.o(.ARM.Collect$$libshutdown$$00000000) refers (Special) to libshutdown2.o(.ARM.Collect$$libshutdown$$0000000E) for __rt_lib_shutdown_heap_1
    libshutdown.o(.ARM.Collect$$libshutdown$$00000000) refers (Special) to libshutdown2.o(.ARM.Collect$$libshutdown$$0000000F) for __rt_lib_shutdown_return
    libshutdown.o(.ARM.Collect$$libshutdown$$00000000) refers (Special) to libshutdown2.o(.ARM.Collect$$libshutdown$$00000009) for __rt_lib_shutdown_signal_1
    libshutdown.o(.ARM.Collect$$libshutdown$$00000000) refers (Special) to libshutdown2.o(.ARM.Collect$$libshutdown$$00000003) for __rt_lib_shutdown_stdio_1
    libshutdown.o(.ARM.Collect$$libshutdown$$00000000) refers (Special) to libshutdown2.o(.ARM.Collect$$libshutdown$$0000000B) for __rt_lib_shutdown_user_alloc_1
    sys_command.o(.text) refers (Special) to use_no_semi.o(.text) for __I$use$semihosting
    sys_command.o(.text) refers (Special) to indicate_semi.o(.text) for __semihosting_library_function
    defsig_rtmem_outer.o(.text) refers to defsig_rtmem_inner.o(.text) for __rt_SIGRTMEM_inner
    defsig_rtmem_outer.o(.text) refers to defsig_exit.o(.text) for __sig_exit
    defsig_rtmem_formal.o(.text) refers to rt_raise.o(.text) for __rt_raise
    rt_raise.o(.text) refers to __raise.o(.text) for __raise
    rt_raise.o(.text) refers to usart.o(i._sys_exit) for _sys_exit
    defsig_exit.o(.text) refers to usart.o(i._sys_exit) for _sys_exit
    defsig_rtmem_inner.o(.text) refers to defsig_general.o(.text) for __default_signal_display
    __raise.o(.text) refers to defsig.o(CL$$defsig) for __default_signal_handler
    defsig_general.o(.text) refers to sys_wrch.o(.text) for _ttywrch
    sys_wrch.o(.text) refers (Special) to use_no_semi.o(.text) for __I$use$semihosting
    sys_wrch.o(.text) refers (Special) to indicate_semi.o(.text) for __semihosting_library_function
    defsig.o(CL$$defsig) refers to defsig_rtmem_inner.o(.text) for __rt_SIGRTMEM_inner
    defsig_abrt_inner.o(.text) refers to defsig_general.o(.text) for __default_signal_display
    defsig_fpe_inner.o(.text) refers to defsig_general.o(.text) for __default_signal_display
    defsig_rtred_inner.o(.text) refers to defsig_general.o(.text) for __default_signal_display
    defsig_stak_inner.o(.text) refers to defsig_general.o(.text) for __default_signal_display
    defsig_pvfn_inner.o(.text) refers to defsig_general.o(.text) for __default_signal_display
    defsig_cppl_inner.o(.text) refers to defsig_general.o(.text) for __default_signal_display
    defsig_segv_inner.o(.text) refers to defsig_general.o(.text) for __default_signal_display
    defsig_other.o(.text) refers to defsig_general.o(.text) for __default_signal_display


==============================================================================

Removing Unused input sections from the image.

    Removing main.o(.rev16_text), (4 bytes).
    Removing main.o(.revsh_text), (4 bytes).
    Removing main.o(i.dynamic_check), (44 bytes).
    Removing pic_process.o(.rev16_text), (4 bytes).
    Removing pic_process.o(.revsh_text), (4 bytes).
    Removing pic_process.o(i.Image_Send), (52 bytes).
    Removing pic_process.o(i.Image_Send_Dynamic), (60 bytes).
    Removing pic_process.o(i.Water_Level_Dynamic), (296 bytes).
    Removing delay.o(.rev16_text), (4 bytes).
    Removing delay.o(.revsh_text), (4 bytes).
    Removing sys.o(.rev16_text), (4 bytes).
    Removing sys.o(.revsh_text), (4 bytes).
    Removing sys.o(.emb_text), (6 bytes).
    Removing sys.o(i.INTX_DISABLE), (4 bytes).
    Removing sys.o(i.INTX_ENABLE), (4 bytes).
    Removing sys.o(i.Sys_Standby), (76 bytes).
    Removing sys.o(i.WFI_SET), (4 bytes).
    Removing usart.o(.rev16_text), (4 bytes).
    Removing usart.o(.revsh_text), (4 bytes).
    Removing usart.o(i.USART_SendData), (8 bytes).
    Removing usart.o(i.fputc), (28 bytes).
    Removing usart.o(.bss), (200 bytes).
    Removing usart.o(.data), (6 bytes).
    Removing ov7670.o(.rev16_text), (4 bytes).
    Removing ov7670.o(.revsh_text), (4 bytes).
    Removing ov7670.o(i.OV7670_Brightness), (50 bytes).
    Removing ov7670.o(i.OV7670_Color_Saturation), (122 bytes).
    Removing ov7670.o(i.OV7670_Contrast), (50 bytes).
    Removing ov7670.o(i.OV7670_Special_Effects), (106 bytes).
    Removing sccb.o(.rev16_text), (4 bytes).
    Removing sccb.o(.revsh_text), (4 bytes).
    Removing timer.o(.rev16_text), (4 bytes).
    Removing timer.o(.revsh_text), (4 bytes).
    Removing timer.o(i.TIM14_PWM_Init), (144 bytes).
    Removing timer.o(i.TIM3_Int_Init), (80 bytes).
    Removing timer.o(i.TIM5_CH1_Cap_Init), (200 bytes).
    Removing exti.o(.rev16_text), (4 bytes).
    Removing exti.o(.revsh_text), (4 bytes).
    Removing dma.o(.rev16_text), (4 bytes).
    Removing dma.o(.revsh_text), (4 bytes).

40 unused section(s) (total 1620 bytes) removed from the image.

==============================================================================

Image Symbol Table

    Local Symbols

    Symbol Name                              Value     Ov Type        Size  Object(Section)

    ../clib/angel/boardlib.s                 0x00000000   Number         0  boardinit2.o ABSOLUTE
    ../clib/angel/boardlib.s                 0x00000000   Number         0  boardinit3.o ABSOLUTE
    ../clib/angel/boardlib.s                 0x00000000   Number         0  boardshut.o ABSOLUTE
    ../clib/angel/boardlib.s                 0x00000000   Number         0  boardinit1.o ABSOLUTE
    ../clib/angel/handlers.s                 0x00000000   Number         0  __scatter_zi.o ABSOLUTE
    ../clib/angel/handlers.s                 0x00000000   Number         0  __scatter_copy.o ABSOLUTE
    ../clib/angel/kernel.s                   0x00000000   Number         0  rtexit.o ABSOLUTE
    ../clib/angel/kernel.s                   0x00000000   Number         0  __rtentry2.o ABSOLUTE
    ../clib/angel/kernel.s                   0x00000000   Number         0  __rtentry4.o ABSOLUTE
    ../clib/angel/kernel.s                   0x00000000   Number         0  rtexit2.o ABSOLUTE
    ../clib/angel/kernel.s                   0x00000000   Number         0  __rtentry.o ABSOLUTE
    ../clib/angel/rt.s                       0x00000000   Number         0  rt_errno_addr.o ABSOLUTE
    ../clib/angel/rt.s                       0x00000000   Number         0  rt_errno_addr_intlibspace.o ABSOLUTE
    ../clib/angel/rt.s                       0x00000000   Number         0  rt_raise.o ABSOLUTE
    ../clib/angel/scatter.s                  0x00000000   Number         0  __scatter.o ABSOLUTE
    ../clib/angel/startup.s                  0x00000000   Number         0  __main.o ABSOLUTE
    ../clib/angel/sys.s                      0x00000000   Number         0  sys_stackheap_outer.o ABSOLUTE
    ../clib/angel/sys.s                      0x00000000   Number         0  libspace.o ABSOLUTE
    ../clib/angel/sys.s                      0x00000000   Number         0  use_no_semi_2.o ABSOLUTE
    ../clib/angel/sys.s                      0x00000000   Number         0  indicate_semi.o ABSOLUTE
    ../clib/angel/sys.s                      0x00000000   Number         0  use_no_semi.o ABSOLUTE
    ../clib/angel/sysapp.c                   0x00000000   Number         0  sys_wrch.o ABSOLUTE
    ../clib/angel/sysapp.c                   0x00000000   Number         0  sys_command.o ABSOLUTE
    ../clib/armsys.c                         0x00000000   Number         0  argv_veneer.o ABSOLUTE
    ../clib/armsys.c                         0x00000000   Number         0  _get_argv_nomalloc.o ABSOLUTE
    ../clib/armsys.c                         0x00000000   Number         0  argv_veneer.o ABSOLUTE
    ../clib/armsys.c                         0x00000000   Number         0  no_argv.o ABSOLUTE
    ../clib/fenv.c                           0x00000000   Number         0  _rserrno.o ABSOLUTE
    ../clib/heapalloc.c                      0x00000000   Number         0  hrguard.o ABSOLUTE
    ../clib/heapaux.c                        0x00000000   Number         0  heapauxi.o ABSOLUTE
    ../clib/libinit.s                        0x00000000   Number         0  libshutdown.o ABSOLUTE
    ../clib/libinit.s                        0x00000000   Number         0  libshutdown2.o ABSOLUTE
    ../clib/libinit.s                        0x00000000   Number         0  libinit.o ABSOLUTE
    ../clib/libinit.s                        0x00000000   Number         0  libinit2.o ABSOLUTE
    ../clib/memcpset.s                       0x00000000   Number         0  rt_memclr.o ABSOLUTE
    ../clib/memcpset.s                       0x00000000   Number         0  rt_memclr_w.o ABSOLUTE
    ../clib/memcpset.s                       0x00000000   Number         0  rt_memcpy_w.o ABSOLUTE
    ../clib/signal.c                         0x00000000   Number         0  defsig_rtmem_inner.o ABSOLUTE
    ../clib/signal.c                         0x00000000   Number         0  __raise.o ABSOLUTE
    ../clib/signal.c                         0x00000000   Number         0  defsig_general.o ABSOLUTE
    ../clib/signal.c                         0x00000000   Number         0  defsig_rtmem_outer.o ABSOLUTE
    ../clib/signal.c                         0x00000000   Number         0  defsig_rtmem_formal.o ABSOLUTE
    ../clib/signal.c                         0x00000000   Number         0  defsig_abrt_inner.o ABSOLUTE
    ../clib/signal.c                         0x00000000   Number         0  defsig_fpe_inner.o ABSOLUTE
    ../clib/signal.c                         0x00000000   Number         0  defsig_rtred_inner.o ABSOLUTE
    ../clib/signal.c                         0x00000000   Number         0  defsig_stak_inner.o ABSOLUTE
    ../clib/signal.c                         0x00000000   Number         0  defsig_exit.o ABSOLUTE
    ../clib/signal.c                         0x00000000   Number         0  defsig_cppl_inner.o ABSOLUTE
    ../clib/signal.c                         0x00000000   Number         0  defsig_segv_inner.o ABSOLUTE
    ../clib/signal.c                         0x00000000   Number         0  defsig_other.o ABSOLUTE
    ../clib/signal.c                         0x00000000   Number         0  defsig_pvfn_inner.o ABSOLUTE
    ../clib/signal.s                         0x00000000   Number         0  defsig.o ABSOLUTE
    ../clib/stdlib.c                         0x00000000   Number         0  exit.o ABSOLUTE
    ../fplib/basic.s                         0x00000000   Number         0  basic.o ABSOLUTE
    ../fplib/daddsub.s                       0x00000000   Number         0  daddsub_clz.o ABSOLUTE
    ../fplib/ddiv.s                          0x00000000   Number         0  ddiv.o ABSOLUTE
    ../fplib/dfix.s                          0x00000000   Number         0  dfix.o ABSOLUTE
    ../fplib/dfixu.s                         0x00000000   Number         0  dfixu.o ABSOLUTE
    ../fplib/dflt.s                          0x00000000   Number         0  dflt_clz.o ABSOLUTE
    ../fplib/dmul.s                          0x00000000   Number         0  dmul.o ABSOLUTE
    ../fplib/dnaninf.s                       0x00000000   Number         0  dnaninf.o ABSOLUTE
    ../fplib/dretinf.s                       0x00000000   Number         0  dretinf.o ABSOLUTE
    ../fplib/f2d.s                           0x00000000   Number         0  f2d.o ABSOLUTE
    ../fplib/fnaninf.s                       0x00000000   Number         0  fnaninf.o ABSOLUTE
    ../fplib/fpinit.s                        0x00000000   Number         0  fpinit.o ABSOLUTE
    ../fplib/usenofp.s                       0x00000000   Number         0  usenofp.o ABSOLUTE
    ../mathlib/cos.c                         0x00000000   Number         0  cos_x.o ABSOLUTE
    ../mathlib/cos.c                         0x00000000   Number         0  cos.o ABSOLUTE
    ../mathlib/cos_i.c                       0x00000000   Number         0  cos_i.o ABSOLUTE
    ../mathlib/dunder.c                      0x00000000   Number         0  dunder.o ABSOLUTE
    ../mathlib/fabs.c                        0x00000000   Number         0  fabs.o ABSOLUTE
    ../mathlib/fpclassify.c                  0x00000000   Number         0  fpclassify.o ABSOLUTE
    ../mathlib/poly.c                        0x00000000   Number         0  poly.o ABSOLUTE
    ../mathlib/rred.c                        0x00000000   Number         0  rred.o ABSOLUTE
    ../mathlib/sin.c                         0x00000000   Number         0  sin.o ABSOLUTE
    ../mathlib/sin.c                         0x00000000   Number         0  sin_x.o ABSOLUTE
    ../mathlib/sin_i.c                       0x00000000   Number         0  sin_i_x.o ABSOLUTE
    ../mathlib/sin_i.c                       0x00000000   Number         0  sin_i.o ABSOLUTE
    ..\HARDWARE\DMA\dma.c                    0x00000000   Number         0  dma.o ABSOLUTE
    ..\HARDWARE\EXTI\exti.c                  0x00000000   Number         0  exti.o ABSOLUTE
    ..\HARDWARE\OV7670\ov7670.c              0x00000000   Number         0  ov7670.o ABSOLUTE
    ..\HARDWARE\OV7670\sccb.c                0x00000000   Number         0  sccb.o ABSOLUTE
    ..\HARDWARE\Picture\Pic_Process.c        0x00000000   Number         0  pic_process.o ABSOLUTE
    ..\HARDWARE\TIMER\timer.c                0x00000000   Number         0  timer.o ABSOLUTE
    ..\SYSTEM\delay\delay.c                  0x00000000   Number         0  delay.o ABSOLUTE
    ..\SYSTEM\sys\sys.c                      0x00000000   Number         0  sys.o ABSOLUTE
    ..\SYSTEM\usart\usart.c                  0x00000000   Number         0  usart.o ABSOLUTE
    ..\\HARDWARE\\DMA\\dma.c                 0x00000000   Number         0  dma.o ABSOLUTE
    ..\\HARDWARE\\EXTI\\exti.c               0x00000000   Number         0  exti.o ABSOLUTE
    ..\\HARDWARE\\OV7670\\ov7670.c           0x00000000   Number         0  ov7670.o ABSOLUTE
    ..\\HARDWARE\\OV7670\\sccb.c             0x00000000   Number         0  sccb.o ABSOLUTE
    ..\\HARDWARE\\Picture\\Pic_Process.c     0x00000000   Number         0  pic_process.o ABSOLUTE
    ..\\HARDWARE\\TIMER\\timer.c             0x00000000   Number         0  timer.o ABSOLUTE
    ..\\SYSTEM\\delay\\delay.c               0x00000000   Number         0  delay.o ABSOLUTE
    ..\\SYSTEM\\sys\\sys.c                   0x00000000   Number         0  sys.o ABSOLUTE
    ..\\SYSTEM\\usart\\usart.c               0x00000000   Number         0  usart.o ABSOLUTE
    dc.s                                     0x00000000   Number         0  dc.o ABSOLUTE
    main.c                                   0x00000000   Number         0  main.o ABSOLUTE
    main.c                                   0x00000000   Number         0  main.o ABSOLUTE
    startup_stm32f40_41xxx.s                 0x00000000   Number         0  startup_stm32f40_41xxx.o ABSOLUTE
    RESET                                    0x08000000   Section      392  startup_stm32f40_41xxx.o(RESET)
    !!!main                                  0x08000188   Section        8  __main.o(!!!main)
    !!!scatter                               0x08000190   Section       52  __scatter.o(!!!scatter)
    !!handler_copy                           0x080001c4   Section       26  __scatter_copy.o(!!handler_copy)
    !!handler_zi                             0x080001e0   Section       28  __scatter_zi.o(!!handler_zi)
    .ARM.Collect$$libinit$$00000000          0x080001fc   Section        2  libinit.o(.ARM.Collect$$libinit$$00000000)
    .ARM.Collect$$libinit$$00000001          0x080001fe   Section        4  libinit2.o(.ARM.Collect$$libinit$$00000001)
    .ARM.Collect$$libinit$$00000004          0x08000202   Section        0  libinit2.o(.ARM.Collect$$libinit$$00000004)
    .ARM.Collect$$libinit$$0000000A          0x08000202   Section        0  libinit2.o(.ARM.Collect$$libinit$$0000000A)
    .ARM.Collect$$libinit$$0000000C          0x08000202   Section        0  libinit2.o(.ARM.Collect$$libinit$$0000000C)
    .ARM.Collect$$libinit$$0000000E          0x08000202   Section        0  libinit2.o(.ARM.Collect$$libinit$$0000000E)
    .ARM.Collect$$libinit$$00000011          0x08000202   Section        0  libinit2.o(.ARM.Collect$$libinit$$00000011)
    .ARM.Collect$$libinit$$00000013          0x08000202   Section        0  libinit2.o(.ARM.Collect$$libinit$$00000013)
    .ARM.Collect$$libinit$$00000015          0x08000202   Section        0  libinit2.o(.ARM.Collect$$libinit$$00000015)
    .ARM.Collect$$libinit$$00000017          0x08000202   Section        0  libinit2.o(.ARM.Collect$$libinit$$00000017)
    .ARM.Collect$$libinit$$00000019          0x08000202   Section        0  libinit2.o(.ARM.Collect$$libinit$$00000019)
    .ARM.Collect$$libinit$$0000001B          0x08000202   Section        0  libinit2.o(.ARM.Collect$$libinit$$0000001B)
    .ARM.Collect$$libinit$$0000001D          0x08000202   Section        0  libinit2.o(.ARM.Collect$$libinit$$0000001D)
    .ARM.Collect$$libinit$$0000001F          0x08000202   Section        0  libinit2.o(.ARM.Collect$$libinit$$0000001F)
    .ARM.Collect$$libinit$$00000021          0x08000202   Section        0  libinit2.o(.ARM.Collect$$libinit$$00000021)
    .ARM.Collect$$libinit$$00000023          0x08000202   Section        0  libinit2.o(.ARM.Collect$$libinit$$00000023)
    .ARM.Collect$$libinit$$00000025          0x08000202   Section        0  libinit2.o(.ARM.Collect$$libinit$$00000025)
    .ARM.Collect$$libinit$$0000002C          0x08000202   Section        0  libinit2.o(.ARM.Collect$$libinit$$0000002C)
    .ARM.Collect$$libinit$$0000002E          0x08000202   Section        0  libinit2.o(.ARM.Collect$$libinit$$0000002E)
    .ARM.Collect$$libinit$$00000030          0x08000202   Section        0  libinit2.o(.ARM.Collect$$libinit$$00000030)
    .ARM.Collect$$libinit$$00000032          0x08000202   Section        0  libinit2.o(.ARM.Collect$$libinit$$00000032)
    .ARM.Collect$$libinit$$00000033          0x08000202   Section        2  libinit2.o(.ARM.Collect$$libinit$$00000033)
    .ARM.Collect$$libshutdown$$00000000      0x08000204   Section        2  libshutdown.o(.ARM.Collect$$libshutdown$$00000000)
    .ARM.Collect$$libshutdown$$00000003      0x08000206   Section        0  libshutdown2.o(.ARM.Collect$$libshutdown$$00000003)
    .ARM.Collect$$libshutdown$$00000006      0x08000206   Section        0  libshutdown2.o(.ARM.Collect$$libshutdown$$00000006)
    .ARM.Collect$$libshutdown$$00000009      0x08000206   Section        0  libshutdown2.o(.ARM.Collect$$libshutdown$$00000009)
    .ARM.Collect$$libshutdown$$0000000B      0x08000206   Section        0  libshutdown2.o(.ARM.Collect$$libshutdown$$0000000B)
    .ARM.Collect$$libshutdown$$0000000E      0x08000206   Section        0  libshutdown2.o(.ARM.Collect$$libshutdown$$0000000E)
    .ARM.Collect$$libshutdown$$0000000F      0x08000206   Section        2  libshutdown2.o(.ARM.Collect$$libshutdown$$0000000F)
    .ARM.Collect$$rtentry$$00000000          0x08000208   Section        0  __rtentry.o(.ARM.Collect$$rtentry$$00000000)
    .ARM.Collect$$rtentry$$00000002          0x08000208   Section        0  __rtentry2.o(.ARM.Collect$$rtentry$$00000002)
    .ARM.Collect$$rtentry$$00000004          0x08000208   Section        6  __rtentry4.o(.ARM.Collect$$rtentry$$00000004)
    .ARM.Collect$$rtentry$$00000009          0x0800020e   Section        0  __rtentry2.o(.ARM.Collect$$rtentry$$00000009)
    .ARM.Collect$$rtentry$$0000000A          0x0800020e   Section        4  __rtentry2.o(.ARM.Collect$$rtentry$$0000000A)
    .ARM.Collect$$rtentry$$0000000C          0x08000212   Section        0  __rtentry2.o(.ARM.Collect$$rtentry$$0000000C)
    .ARM.Collect$$rtentry$$0000000D          0x08000212   Section        8  __rtentry2.o(.ARM.Collect$$rtentry$$0000000D)
    .ARM.Collect$$rtexit$$00000000           0x0800021a   Section        2  rtexit.o(.ARM.Collect$$rtexit$$00000000)
    .ARM.Collect$$rtexit$$00000002           0x0800021c   Section        0  rtexit2.o(.ARM.Collect$$rtexit$$00000002)
    .ARM.Collect$$rtexit$$00000003           0x0800021c   Section        4  rtexit2.o(.ARM.Collect$$rtexit$$00000003)
    .ARM.Collect$$rtexit$$00000004           0x08000220   Section        6  rtexit2.o(.ARM.Collect$$rtexit$$00000004)
    .text                                    0x08000228   Section       68  startup_stm32f40_41xxx.o(.text)
    $v0                                      0x08000228   Number         0  startup_stm32f40_41xxx.o(.text)
    .text                                    0x0800026c   Section        2  use_no_semi_2.o(.text)
    .text                                    0x0800026e   Section      100  rt_memcpy_w.o(.text)
    .text                                    0x080002d2   Section       68  rt_memclr.o(.text)
    .text                                    0x08000316   Section       78  rt_memclr_w.o(.text)
    .text                                    0x08000364   Section        0  heapauxi.o(.text)
    .text                                    0x0800036a   Section        2  use_no_semi.o(.text)
    .text                                    0x0800036c   Section        0  _rserrno.o(.text)
    .text                                    0x08000384   Section        8  rt_errno_addr_intlibspace.o(.text)
    .text                                    0x0800038c   Section        8  libspace.o(.text)
    .text                                    0x08000394   Section       74  sys_stackheap_outer.o(.text)
    .text                                    0x080003de   Section        0  exit.o(.text)
    i.CAMERA_Image_Cut_Compress_6080         0x080003ec   Section        0  pic_process.o(i.CAMERA_Image_Cut_Compress_6080)
    i.EXTI0_IRQHandler                       0x0800052c   Section        0  exti.o(i.EXTI0_IRQHandler)
    i.EXTI2_IRQHandler                       0x08000560   Section        0  exti.o(i.EXTI2_IRQHandler)
    i.EXTI3_IRQHandler                       0x08000594   Section        0  exti.o(i.EXTI3_IRQHandler)
    i.EXTI4_IRQHandler                       0x080005c8   Section        0  exti.o(i.EXTI4_IRQHandler)
    i.EXTI9_5_IRQHandler                     0x08000614   Section        0  exti.o(i.EXTI9_5_IRQHandler)
    i.EXTI9_Init                             0x08000678   Section        0  exti.o(i.EXTI9_Init)
    i.Ex_NVIC_Config                         0x08000694   Section        0  sys.o(i.Ex_NVIC_Config)
    i.GPIO_AF_Set                            0x08000748   Section        0  sys.o(i.GPIO_AF_Set)
    i.GPIO_Set                               0x08000788   Section        0  sys.o(i.GPIO_Set)
    i.Hough                                  0x08000868   Section        0  pic_process.o(i.Hough)
    i.Image_Histeq                           0x08000a84   Section        0  pic_process.o(i.Image_Histeq)
    i.Image_Send_After_Static                0x08000cf0   Section        0  pic_process.o(i.Image_Send_After_Static)
    i.Image_Sobel                            0x08000d2c   Section        0  pic_process.o(i.Image_Sobel)
    i.MYDMA_Config                           0x08000ed4   Section        0  dma.o(i.MYDMA_Config)
    i.MYDMA_Enable                           0x08000ffc   Section        0  dma.o(i.MYDMA_Enable)
    i.MY_NVIC_Init                           0x0800101c   Section        0  sys.o(i.MY_NVIC_Init)
    i.MY_NVIC_PriorityGroupConfig            0x08001094   Section        0  sys.o(i.MY_NVIC_PriorityGroupConfig)
    i.MY_NVIC_SetVectorTable                 0x080010bc   Section        0  sys.o(i.MY_NVIC_SetVectorTable)
    i.OV7670_Init                            0x080010cc   Section        0  ov7670.o(i.OV7670_Init)
    i.OV7670_Light_Mode                      0x08001218   Section        0  ov7670.o(i.OV7670_Light_Mode)
    i.OV7670_Window_Set                      0x08001274   Section        0  ov7670.o(i.OV7670_Window_Set)
    i.SCCB_Init                              0x08001300   Section        0  sccb.o(i.SCCB_Init)
    i.SCCB_No_Ack                            0x0800134c   Section        0  sccb.o(i.SCCB_No_Ack)
    i.SCCB_RD_Byte                           0x0800138c   Section        0  sccb.o(i.SCCB_RD_Byte)
    i.SCCB_RD_Reg                            0x080013fc   Section        0  sccb.o(i.SCCB_RD_Reg)
    i.SCCB_Start                             0x0800144c   Section        0  sccb.o(i.SCCB_Start)
    i.SCCB_Stop                              0x08001480   Section        0  sccb.o(i.SCCB_Stop)
    i.SCCB_WR_Byte                           0x080014b4   Section        0  sccb.o(i.SCCB_WR_Byte)
    i.SCCB_WR_Reg                            0x0800155c   Section        0  sccb.o(i.SCCB_WR_Reg)
    i.Sobel_After                            0x0800159c   Section        0  pic_process.o(i.Sobel_After)
    i.Stm32_Clock_Init                       0x08001810   Section        0  sys.o(i.Stm32_Clock_Init)
    i.Sys_Clock_Set                          0x08001878   Section        0  sys.o(i.Sys_Clock_Set)
    i.Sys_Soft_Reset                         0x08001984   Section        0  sys.o(i.Sys_Soft_Reset)
    i.TIM3_IRQHandler                        0x08001994   Section        0  timer.o(i.TIM3_IRQHandler)
    i.TIM5_IRQHandler                        0x080019d0   Section        0  timer.o(i.TIM5_IRQHandler)
    i.USART1_IRQHandler                      0x08001ab4   Section        0  usart.o(i.USART1_IRQHandler)
    i.Water_Level_Static                     0x08001ad4   Section        0  pic_process.o(i.Water_Level_Static)
    i.__ARM_fpclassify                       0x08001afc   Section        0  fpclassify.o(i.__ARM_fpclassify)
    i.__hardfp_cos                           0x08001b30   Section        0  cos.o(i.__hardfp_cos)
    i.__hardfp_sin                           0x08001bf8   Section        0  sin.o(i.__hardfp_sin)
    i.__ieee754_rem_pio2                     0x08001cc0   Section        0  rred.o(i.__ieee754_rem_pio2)
    i.__kernel_cos                           0x080020f8   Section        0  cos_i.o(i.__kernel_cos)
    i.__kernel_poly                          0x08002268   Section        0  poly.o(i.__kernel_poly)
    i.__kernel_sin                           0x08002360   Section        0  sin_i.o(i.__kernel_sin)
    i.__mathlib_dbl_infnan                   0x08002490   Section        0  dunder.o(i.__mathlib_dbl_infnan)
    i.__mathlib_dbl_invalid                  0x080024a8   Section        0  dunder.o(i.__mathlib_dbl_invalid)
    i.__mathlib_dbl_underflow                0x080024c8   Section        0  dunder.o(i.__mathlib_dbl_underflow)
    i._sys_exit                              0x080024e8   Section        0  usart.o(i._sys_exit)
    i.cameraSysInit                          0x080024f0   Section        0  pic_process.o(i.cameraSysInit)
    i.creatYuzhi                             0x08002540   Section        0  pic_process.o(i.creatYuzhi)
    i.creatYuzhi_After                       0x080025cc   Section        0  pic_process.o(i.creatYuzhi_After)
    i.delay_init                             0x080026d8   Section        0  delay.o(i.delay_init)
    i.delay_ms                               0x08002718   Section        0  delay.o(i.delay_ms)
    i.delay_us                               0x08002750   Section        0  delay.o(i.delay_us)
    i.delay_xms                              0x0800278c   Section        0  delay.o(i.delay_xms)
    i.fabs                                   0x080027c8   Section        0  fabs.o(i.fabs)
    i.main                                   0x080027e0   Section        0  main.o(i.main)
    i.send_Image                             0x0800282c   Section        0  pic_process.o(i.send_Image)
    i.uart_init                              0x080028a8   Section        0  usart.o(i.uart_init)
    i.water_Level_Helper                     0x080029a8   Section        0  pic_process.o(i.water_Level_Helper)
    x$fpl$basic                              0x08002b18   Section       24  basic.o(x$fpl$basic)
    $v0                                      0x08002b18   Number         0  basic.o(x$fpl$basic)
    x$fpl$dadd                               0x08002b30   Section      336  daddsub_clz.o(x$fpl$dadd)
    $v0                                      0x08002b30   Number         0  daddsub_clz.o(x$fpl$dadd)
    _dadd1                                   0x08002b41   Thumb Code     0  daddsub_clz.o(x$fpl$dadd)
    x$fpl$ddiv                               0x08002c80   Section      688  ddiv.o(x$fpl$ddiv)
    $v0                                      0x08002c80   Number         0  ddiv.o(x$fpl$ddiv)
    ddiv_entry                               0x08002c87   Thumb Code     0  ddiv.o(x$fpl$ddiv)
    x$fpl$dfix                               0x08002f30   Section       94  dfix.o(x$fpl$dfix)
    $v0                                      0x08002f30   Number         0  dfix.o(x$fpl$dfix)
    x$fpl$dfixu                              0x08002f90   Section       90  dfixu.o(x$fpl$dfixu)
    $v0                                      0x08002f90   Number         0  dfixu.o(x$fpl$dfixu)
    x$fpl$dflt                               0x08002fea   Section       46  dflt_clz.o(x$fpl$dflt)
    $v0                                      0x08002fea   Number         0  dflt_clz.o(x$fpl$dflt)
    x$fpl$dfltu                              0x08003018   Section       38  dflt_clz.o(x$fpl$dfltu)
    $v0                                      0x08003018   Number         0  dflt_clz.o(x$fpl$dfltu)
    x$fpl$dmul                               0x08003040   Section      340  dmul.o(x$fpl$dmul)
    $v0                                      0x08003040   Number         0  dmul.o(x$fpl$dmul)
    x$fpl$dnaninf                            0x08003194   Section      156  dnaninf.o(x$fpl$dnaninf)
    $v0                                      0x08003194   Number         0  dnaninf.o(x$fpl$dnaninf)
    x$fpl$dretinf                            0x08003230   Section       12  dretinf.o(x$fpl$dretinf)
    $v0                                      0x08003230   Number         0  dretinf.o(x$fpl$dretinf)
    x$fpl$drsb                               0x0800323c   Section       22  daddsub_clz.o(x$fpl$drsb)
    $v0                                      0x0800323c   Number         0  daddsub_clz.o(x$fpl$drsb)
    x$fpl$dsub                               0x08003254   Section      468  daddsub_clz.o(x$fpl$dsub)
    $v0                                      0x08003254   Number         0  daddsub_clz.o(x$fpl$dsub)
    _dsub1                                   0x08003265   Thumb Code     0  daddsub_clz.o(x$fpl$dsub)
    x$fpl$f2d                                0x08003428   Section       86  f2d.o(x$fpl$f2d)
    $v0                                      0x08003428   Number         0  f2d.o(x$fpl$f2d)
    x$fpl$fnaninf                            0x0800347e   Section      140  fnaninf.o(x$fpl$fnaninf)
    $v0                                      0x0800347e   Number         0  fnaninf.o(x$fpl$fnaninf)
    x$fpl$fpinit                             0x0800350a   Section       10  fpinit.o(x$fpl$fpinit)
    $v0                                      0x0800350a   Number         0  fpinit.o(x$fpl$fpinit)
    .constdata                               0x08003514   Section      578  ov7670.o(.constdata)
    x$fpl$usenofp                            0x08003514   Section        0  usenofp.o(x$fpl$usenofp)
    .constdata                               0x08003758   Section       48  cos_i.o(.constdata)
    C                                        0x08003758   Data          48  cos_i.o(.constdata)
    .constdata                               0x08003788   Section      200  rred.o(.constdata)
    pio2s                                    0x08003788   Data          48  rred.o(.constdata)
    twooverpi                                0x080037b8   Data         152  rred.o(.constdata)
    .constdata                               0x08003850   Section       40  sin_i.o(.constdata)
    S                                        0x08003850   Data          40  sin_i.o(.constdata)
    .data                                    0x20000000   Section        4  main.o(.data)
    .data                                    0x20000004   Section       32  pic_process.o(.data)
    .data                                    0x20000024   Section        4  delay.o(.data)
    fac_us                                   0x20000024   Data           1  delay.o(.data)
    fac_ms                                   0x20000026   Data           2  delay.o(.data)
    .data                                    0x20000028   Section        8  timer.o(.data)
    .data                                    0x20000030   Section        1  exti.o(.data)
    .bss                                     0x20000034   Section    126888  pic_process.o(.bss)
    .bss                                     0x2001efdc   Section       96  libspace.o(.bss)
    HEAP                                     0x2001f040   Section        0  startup_stm32f40_41xxx.o(HEAP)
    STACK                                    0x2001f040   Section     1024  startup_stm32f40_41xxx.o(STACK)
    Heap_Mem                                 0x2001f040   Data           0  startup_stm32f40_41xxx.o(HEAP)
    Stack_Mem                                0x2001f040   Data        1024  startup_stm32f40_41xxx.o(STACK)
    __initial_sp                             0x2001f440   Data           0  startup_stm32f40_41xxx.o(STACK)

    Global Symbols

    Symbol Name                              Value     Ov Type        Size  Object(Section)

    BuildAttributes$$THM_ISAv4$E$P$D$K$B$S$7EM$VFPi3$EXTD16$VFPS$VFMA$PE$A:L22UL41UL21$X:L11$S22US41US21$IEEE1$IW$USESV6$~STKCKD$USESV7$~SHL$OTIME$ROPI$IEEEX$EBA8$UX$STANDARDLIB$REQ8$PRES8$EABIv2 0x00000000   Number         0  anon$$obj.o ABSOLUTE
    __ARM_use_no_argv                        0x00000000   Number         0  main.o ABSOLUTE
    __ARM_exceptions_init                     - Undefined Weak Reference
    __alloca_initialize                       - Undefined Weak Reference
    __arm_preinit_                            - Undefined Weak Reference
    __cpp_initialize__aeabi_                  - Undefined Weak Reference
    __cxa_finalize                            - Undefined Weak Reference
    __rt_locale                               - Undefined Weak Reference
    __sigvec_lookup                           - Undefined Weak Reference
    _atexit_init                              - Undefined Weak Reference
    _call_atexit_fns                          - Undefined Weak Reference
    _clock_init                               - Undefined Weak Reference
    _fp_trap_init                             - Undefined Weak Reference
    _fp_trap_shutdown                         - Undefined Weak Reference
    _get_lc_collate                           - Undefined Weak Reference
    _get_lc_ctype                             - Undefined Weak Reference
    _get_lc_monetary                          - Undefined Weak Reference
    _get_lc_numeric                           - Undefined Weak Reference
    _get_lc_time                              - Undefined Weak Reference
    _getenv_init                              - Undefined Weak Reference
    _handle_redirection                       - Undefined Weak Reference
    _init_alloc                               - Undefined Weak Reference
    _init_user_alloc                          - Undefined Weak Reference
    _initio                                   - Undefined Weak Reference
    _rand_init                                - Undefined Weak Reference
    _signal_finish                            - Undefined Weak Reference
    _signal_init                              - Undefined Weak Reference
    _terminate_alloc                          - Undefined Weak Reference
    _terminate_user_alloc                     - Undefined Weak Reference
    _terminateio                              - Undefined Weak Reference
    __Vectors_Size                           0x00000188   Number         0  startup_stm32f40_41xxx.o ABSOLUTE
    __Vectors                                0x08000000   Data           4  startup_stm32f40_41xxx.o(RESET)
    __Vectors_End                            0x08000188   Data           0  startup_stm32f40_41xxx.o(RESET)
    __main                                   0x08000189   Thumb Code     8  __main.o(!!!main)
    __scatterload                            0x08000191   Thumb Code     0  __scatter.o(!!!scatter)
    __scatterload_rt2                        0x08000191   Thumb Code    44  __scatter.o(!!!scatter)
    __scatterload_rt2_thumb_only             0x08000191   Thumb Code     0  __scatter.o(!!!scatter)
    __scatterload_null                       0x0800019f   Thumb Code     0  __scatter.o(!!!scatter)
    __scatterload_copy                       0x080001c5   Thumb Code    26  __scatter_copy.o(!!handler_copy)
    __scatterload_zeroinit                   0x080001e1   Thumb Code    28  __scatter_zi.o(!!handler_zi)
    __rt_lib_init                            0x080001fd   Thumb Code     0  libinit.o(.ARM.Collect$$libinit$$00000000)
    __rt_lib_init_fp_1                       0x080001ff   Thumb Code     0  libinit2.o(.ARM.Collect$$libinit$$00000001)
    __rt_lib_init_alloca_1                   0x08000203   Thumb Code     0  libinit2.o(.ARM.Collect$$libinit$$0000002E)
    __rt_lib_init_argv_1                     0x08000203   Thumb Code     0  libinit2.o(.ARM.Collect$$libinit$$0000002C)
    __rt_lib_init_atexit_1                   0x08000203   Thumb Code     0  libinit2.o(.ARM.Collect$$libinit$$0000001B)
    __rt_lib_init_clock_1                    0x08000203   Thumb Code     0  libinit2.o(.ARM.Collect$$libinit$$00000021)
    __rt_lib_init_cpp_1                      0x08000203   Thumb Code     0  libinit2.o(.ARM.Collect$$libinit$$00000032)
    __rt_lib_init_exceptions_1               0x08000203   Thumb Code     0  libinit2.o(.ARM.Collect$$libinit$$00000030)
    __rt_lib_init_fp_trap_1                  0x08000203   Thumb Code     0  libinit2.o(.ARM.Collect$$libinit$$0000001F)
    __rt_lib_init_getenv_1                   0x08000203   Thumb Code     0  libinit2.o(.ARM.Collect$$libinit$$00000023)
    __rt_lib_init_heap_1                     0x08000203   Thumb Code     0  libinit2.o(.ARM.Collect$$libinit$$0000000A)
    __rt_lib_init_lc_collate_1               0x08000203   Thumb Code     0  libinit2.o(.ARM.Collect$$libinit$$00000011)
    __rt_lib_init_lc_ctype_1                 0x08000203   Thumb Code     0  libinit2.o(.ARM.Collect$$libinit$$00000013)
    __rt_lib_init_lc_monetary_1              0x08000203   Thumb Code     0  libinit2.o(.ARM.Collect$$libinit$$00000015)
    __rt_lib_init_lc_numeric_1               0x08000203   Thumb Code     0  libinit2.o(.ARM.Collect$$libinit$$00000017)
    __rt_lib_init_lc_time_1                  0x08000203   Thumb Code     0  libinit2.o(.ARM.Collect$$libinit$$00000019)
    __rt_lib_init_preinit_1                  0x08000203   Thumb Code     0  libinit2.o(.ARM.Collect$$libinit$$00000004)
    __rt_lib_init_rand_1                     0x08000203   Thumb Code     0  libinit2.o(.ARM.Collect$$libinit$$0000000E)
    __rt_lib_init_return                     0x08000203   Thumb Code     0  libinit2.o(.ARM.Collect$$libinit$$00000033)
    __rt_lib_init_signal_1                   0x08000203   Thumb Code     0  libinit2.o(.ARM.Collect$$libinit$$0000001D)
    __rt_lib_init_stdio_1                    0x08000203   Thumb Code     0  libinit2.o(.ARM.Collect$$libinit$$00000025)
    __rt_lib_init_user_alloc_1               0x08000203   Thumb Code     0  libinit2.o(.ARM.Collect$$libinit$$0000000C)
    __rt_lib_shutdown                        0x08000205   Thumb Code     0  libshutdown.o(.ARM.Collect$$libshutdown$$00000000)
    __rt_lib_shutdown_fp_trap_1              0x08000207   Thumb Code     0  libshutdown2.o(.ARM.Collect$$libshutdown$$00000006)
    __rt_lib_shutdown_heap_1                 0x08000207   Thumb Code     0  libshutdown2.o(.ARM.Collect$$libshutdown$$0000000E)
    __rt_lib_shutdown_return                 0x08000207   Thumb Code     0  libshutdown2.o(.ARM.Collect$$libshutdown$$0000000F)
    __rt_lib_shutdown_signal_1               0x08000207   Thumb Code     0  libshutdown2.o(.ARM.Collect$$libshutdown$$00000009)
    __rt_lib_shutdown_stdio_1                0x08000207   Thumb Code     0  libshutdown2.o(.ARM.Collect$$libshutdown$$00000003)
    __rt_lib_shutdown_user_alloc_1           0x08000207   Thumb Code     0  libshutdown2.o(.ARM.Collect$$libshutdown$$0000000B)
    __rt_entry                               0x08000209   Thumb Code     0  __rtentry.o(.ARM.Collect$$rtentry$$00000000)
    __rt_entry_presh_1                       0x08000209   Thumb Code     0  __rtentry2.o(.ARM.Collect$$rtentry$$00000002)
    __rt_entry_sh                            0x08000209   Thumb Code     0  __rtentry4.o(.ARM.Collect$$rtentry$$00000004)
    __rt_entry_li                            0x0800020f   Thumb Code     0  __rtentry2.o(.ARM.Collect$$rtentry$$0000000A)
    __rt_entry_postsh_1                      0x0800020f   Thumb Code     0  __rtentry2.o(.ARM.Collect$$rtentry$$00000009)
    __rt_entry_main                          0x08000213   Thumb Code     0  __rtentry2.o(.ARM.Collect$$rtentry$$0000000D)
    __rt_entry_postli_1                      0x08000213   Thumb Code     0  __rtentry2.o(.ARM.Collect$$rtentry$$0000000C)
    __rt_exit                                0x0800021b   Thumb Code     0  rtexit.o(.ARM.Collect$$rtexit$$00000000)
    __rt_exit_ls                             0x0800021d   Thumb Code     0  rtexit2.o(.ARM.Collect$$rtexit$$00000003)
    __rt_exit_prels_1                        0x0800021d   Thumb Code     0  rtexit2.o(.ARM.Collect$$rtexit$$00000002)
    __rt_exit_exit                           0x08000221   Thumb Code     0  rtexit2.o(.ARM.Collect$$rtexit$$00000004)
    Reset_Handler                            0x08000229   Thumb Code    14  startup_stm32f40_41xxx.o(.text)
    NMI_Handler                              0x08000237   Thumb Code     2  startup_stm32f40_41xxx.o(.text)
    HardFault_Handler                        0x08000239   Thumb Code     2  startup_stm32f40_41xxx.o(.text)
    MemManage_Handler                        0x0800023b   Thumb Code     2  startup_stm32f40_41xxx.o(.text)
    BusFault_Handler                         0x0800023d   Thumb Code     2  startup_stm32f40_41xxx.o(.text)
    UsageFault_Handler                       0x0800023f   Thumb Code     2  startup_stm32f40_41xxx.o(.text)
    SVC_Handler                              0x08000241   Thumb Code     2  startup_stm32f40_41xxx.o(.text)
    DebugMon_Handler                         0x08000243   Thumb Code     2  startup_stm32f40_41xxx.o(.text)
    PendSV_Handler                           0x08000245   Thumb Code     2  startup_stm32f40_41xxx.o(.text)
    SysTick_Handler                          0x08000247   Thumb Code     2  startup_stm32f40_41xxx.o(.text)
    ADC_IRQHandler                           0x08000249   Thumb Code     0  startup_stm32f40_41xxx.o(.text)
    CAN1_RX0_IRQHandler                      0x08000249   Thumb Code     0  startup_stm32f40_41xxx.o(.text)
    CAN1_RX1_IRQHandler                      0x08000249   Thumb Code     0  startup_stm32f40_41xxx.o(.text)
    CAN1_SCE_IRQHandler                      0x08000249   Thumb Code     0  startup_stm32f40_41xxx.o(.text)
    CAN1_TX_IRQHandler                       0x08000249   Thumb Code     0  startup_stm32f40_41xxx.o(.text)
    CAN2_RX0_IRQHandler                      0x08000249   Thumb Code     0  startup_stm32f40_41xxx.o(.text)
    CAN2_RX1_IRQHandler                      0x08000249   Thumb Code     0  startup_stm32f40_41xxx.o(.text)
    CAN2_SCE_IRQHandler                      0x08000249   Thumb Code     0  startup_stm32f40_41xxx.o(.text)
    CAN2_TX_IRQHandler                       0x08000249   Thumb Code     0  startup_stm32f40_41xxx.o(.text)
    CRYP_IRQHandler                          0x08000249   Thumb Code     0  startup_stm32f40_41xxx.o(.text)
    DCMI_IRQHandler                          0x08000249   Thumb Code     0  startup_stm32f40_41xxx.o(.text)
    DMA1_Stream0_IRQHandler                  0x08000249   Thumb Code     0  startup_stm32f40_41xxx.o(.text)
    DMA1_Stream1_IRQHandler                  0x08000249   Thumb Code     0  startup_stm32f40_41xxx.o(.text)
    DMA1_Stream2_IRQHandler                  0x08000249   Thumb Code     0  startup_stm32f40_41xxx.o(.text)
    DMA1_Stream3_IRQHandler                  0x08000249   Thumb Code     0  startup_stm32f40_41xxx.o(.text)
    DMA1_Stream4_IRQHandler                  0x08000249   Thumb Code     0  startup_stm32f40_41xxx.o(.text)
    DMA1_Stream5_IRQHandler                  0x08000249   Thumb Code     0  startup_stm32f40_41xxx.o(.text)
    DMA1_Stream6_IRQHandler                  0x08000249   Thumb Code     0  startup_stm32f40_41xxx.o(.text)
    DMA1_Stream7_IRQHandler                  0x08000249   Thumb Code     0  startup_stm32f40_41xxx.o(.text)
    DMA2_Stream0_IRQHandler                  0x08000249   Thumb Code     0  startup_stm32f40_41xxx.o(.text)
    DMA2_Stream1_IRQHandler                  0x08000249   Thumb Code     0  startup_stm32f40_41xxx.o(.text)
    DMA2_Stream2_IRQHandler                  0x08000249   Thumb Code     0  startup_stm32f40_41xxx.o(.text)
    DMA2_Stream3_IRQHandler                  0x08000249   Thumb Code     0  startup_stm32f40_41xxx.o(.text)
    DMA2_Stream4_IRQHandler                  0x08000249   Thumb Code     0  startup_stm32f40_41xxx.o(.text)
    DMA2_Stream5_IRQHandler                  0x08000249   Thumb Code     0  startup_stm32f40_41xxx.o(.text)
    DMA2_Stream6_IRQHandler                  0x08000249   Thumb Code     0  startup_stm32f40_41xxx.o(.text)
    DMA2_Stream7_IRQHandler                  0x08000249   Thumb Code     0  startup_stm32f40_41xxx.o(.text)
    ETH_IRQHandler                           0x08000249   Thumb Code     0  startup_stm32f40_41xxx.o(.text)
    ETH_WKUP_IRQHandler                      0x08000249   Thumb Code     0  startup_stm32f40_41xxx.o(.text)
    EXTI15_10_IRQHandler                     0x08000249   Thumb Code     0  startup_stm32f40_41xxx.o(.text)
    EXTI1_IRQHandler                         0x08000249   Thumb Code     0  startup_stm32f40_41xxx.o(.text)
    FLASH_IRQHandler                         0x08000249   Thumb Code     0  startup_stm32f40_41xxx.o(.text)
    FPU_IRQHandler                           0x08000249   Thumb Code     0  startup_stm32f40_41xxx.o(.text)
    FSMC_IRQHandler                          0x08000249   Thumb Code     0  startup_stm32f40_41xxx.o(.text)
    HASH_RNG_IRQHandler                      0x08000249   Thumb Code     0  startup_stm32f40_41xxx.o(.text)
    I2C1_ER_IRQHandler                       0x08000249   Thumb Code     0  startup_stm32f40_41xxx.o(.text)
    I2C1_EV_IRQHandler                       0x08000249   Thumb Code     0  startup_stm32f40_41xxx.o(.text)
    I2C2_ER_IRQHandler                       0x08000249   Thumb Code     0  startup_stm32f40_41xxx.o(.text)
    I2C2_EV_IRQHandler                       0x08000249   Thumb Code     0  startup_stm32f40_41xxx.o(.text)
    I2C3_ER_IRQHandler                       0x08000249   Thumb Code     0  startup_stm32f40_41xxx.o(.text)
    I2C3_EV_IRQHandler                       0x08000249   Thumb Code     0  startup_stm32f40_41xxx.o(.text)
    OTG_FS_IRQHandler                        0x08000249   Thumb Code     0  startup_stm32f40_41xxx.o(.text)
    OTG_FS_WKUP_IRQHandler                   0x08000249   Thumb Code     0  startup_stm32f40_41xxx.o(.text)
    OTG_HS_EP1_IN_IRQHandler                 0x08000249   Thumb Code     0  startup_stm32f40_41xxx.o(.text)
    OTG_HS_EP1_OUT_IRQHandler                0x08000249   Thumb Code     0  startup_stm32f40_41xxx.o(.text)
    OTG_HS_IRQHandler                        0x08000249   Thumb Code     0  startup_stm32f40_41xxx.o(.text)
    OTG_HS_WKUP_IRQHandler                   0x08000249   Thumb Code     0  startup_stm32f40_41xxx.o(.text)
    PVD_IRQHandler                           0x08000249   Thumb Code     0  startup_stm32f40_41xxx.o(.text)
    RCC_IRQHandler                           0x08000249   Thumb Code     0  startup_stm32f40_41xxx.o(.text)
    RTC_Alarm_IRQHandler                     0x08000249   Thumb Code     0  startup_stm32f40_41xxx.o(.text)
    RTC_WKUP_IRQHandler                      0x08000249   Thumb Code     0  startup_stm32f40_41xxx.o(.text)
    SDIO_IRQHandler                          0x08000249   Thumb Code     0  startup_stm32f40_41xxx.o(.text)
    SPI1_IRQHandler                          0x08000249   Thumb Code     0  startup_stm32f40_41xxx.o(.text)
    SPI2_IRQHandler                          0x08000249   Thumb Code     0  startup_stm32f40_41xxx.o(.text)
    SPI3_IRQHandler                          0x08000249   Thumb Code     0  startup_stm32f40_41xxx.o(.text)
    TAMP_STAMP_IRQHandler                    0x08000249   Thumb Code     0  startup_stm32f40_41xxx.o(.text)
    TIM1_BRK_TIM9_IRQHandler                 0x08000249   Thumb Code     0  startup_stm32f40_41xxx.o(.text)
    TIM1_CC_IRQHandler                       0x08000249   Thumb Code     0  startup_stm32f40_41xxx.o(.text)
    TIM1_TRG_COM_TIM11_IRQHandler            0x08000249   Thumb Code     0  startup_stm32f40_41xxx.o(.text)
    TIM1_UP_TIM10_IRQHandler                 0x08000249   Thumb Code     0  startup_stm32f40_41xxx.o(.text)
    TIM2_IRQHandler                          0x08000249   Thumb Code     0  startup_stm32f40_41xxx.o(.text)
    TIM4_IRQHandler                          0x08000249   Thumb Code     0  startup_stm32f40_41xxx.o(.text)
    TIM6_DAC_IRQHandler                      0x08000249   Thumb Code     0  startup_stm32f40_41xxx.o(.text)
    TIM7_IRQHandler                          0x08000249   Thumb Code     0  startup_stm32f40_41xxx.o(.text)
    TIM8_BRK_TIM12_IRQHandler                0x08000249   Thumb Code     0  startup_stm32f40_41xxx.o(.text)
    TIM8_CC_IRQHandler                       0x08000249   Thumb Code     0  startup_stm32f40_41xxx.o(.text)
    TIM8_TRG_COM_TIM14_IRQHandler            0x08000249   Thumb Code     0  startup_stm32f40_41xxx.o(.text)
    TIM8_UP_TIM13_IRQHandler                 0x08000249   Thumb Code     0  startup_stm32f40_41xxx.o(.text)
    UART4_IRQHandler                         0x08000249   Thumb Code     0  startup_stm32f40_41xxx.o(.text)
    UART5_IRQHandler                         0x08000249   Thumb Code     0  startup_stm32f40_41xxx.o(.text)
    USART2_IRQHandler                        0x08000249   Thumb Code     0  startup_stm32f40_41xxx.o(.text)
    USART3_IRQHandler                        0x08000249   Thumb Code     0  startup_stm32f40_41xxx.o(.text)
    USART6_IRQHandler                        0x08000249   Thumb Code     0  startup_stm32f40_41xxx.o(.text)
    WWDG_IRQHandler                          0x08000249   Thumb Code     0  startup_stm32f40_41xxx.o(.text)
    __user_initial_stackheap                 0x0800024d   Thumb Code     0  startup_stm32f40_41xxx.o(.text)
    __use_no_semihosting                     0x0800026d   Thumb Code     2  use_no_semi_2.o(.text)
    __aeabi_memcpy4                          0x0800026f   Thumb Code     0  rt_memcpy_w.o(.text)
    __aeabi_memcpy8                          0x0800026f   Thumb Code     0  rt_memcpy_w.o(.text)
    __rt_memcpy_w                            0x0800026f   Thumb Code   100  rt_memcpy_w.o(.text)
    _memcpy_lastbytes_aligned                0x080002b7   Thumb Code     0  rt_memcpy_w.o(.text)
    __aeabi_memclr                           0x080002d3   Thumb Code     0  rt_memclr.o(.text)
    __rt_memclr                              0x080002d3   Thumb Code    68  rt_memclr.o(.text)
    _memset                                  0x080002d7   Thumb Code     0  rt_memclr.o(.text)
    __aeabi_memclr4                          0x08000317   Thumb Code     0  rt_memclr_w.o(.text)
    __aeabi_memclr8                          0x08000317   Thumb Code     0  rt_memclr_w.o(.text)
    __rt_memclr_w                            0x08000317   Thumb Code    78  rt_memclr_w.o(.text)
    _memset_w                                0x0800031b   Thumb Code     0  rt_memclr_w.o(.text)
    __use_two_region_memory                  0x08000365   Thumb Code     2  heapauxi.o(.text)
    __rt_heap_escrow$2region                 0x08000367   Thumb Code     2  heapauxi.o(.text)
    __rt_heap_expand$2region                 0x08000369   Thumb Code     2  heapauxi.o(.text)
    __I$use$semihosting                      0x0800036b   Thumb Code     0  use_no_semi.o(.text)
    __use_no_semihosting_swi                 0x0800036b   Thumb Code     2  use_no_semi.o(.text)
    __read_errno                             0x0800036d   Thumb Code    10  _rserrno.o(.text)
    __set_errno                              0x08000377   Thumb Code    12  _rserrno.o(.text)
    __aeabi_errno_addr                       0x08000385   Thumb Code     8  rt_errno_addr_intlibspace.o(.text)
    __errno$intlibspace                      0x08000385   Thumb Code     0  rt_errno_addr_intlibspace.o(.text)
    __rt_errno_addr$intlibspace              0x08000385   Thumb Code     0  rt_errno_addr_intlibspace.o(.text)
    __user_libspace                          0x0800038d   Thumb Code     8  libspace.o(.text)
    __user_perproc_libspace                  0x0800038d   Thumb Code     0  libspace.o(.text)
    __user_perthread_libspace                0x0800038d   Thumb Code     0  libspace.o(.text)
    __user_setup_stackheap                   0x08000395   Thumb Code    74  sys_stackheap_outer.o(.text)
    exit                                     0x080003df   Thumb Code    12  exit.o(.text)
    CAMERA_Image_Cut_Compress_6080           0x080003ed   Thumb Code   288  pic_process.o(i.CAMERA_Image_Cut_Compress_6080)
    EXTI0_IRQHandler                         0x0800052d   Thumb Code    40  exti.o(i.EXTI0_IRQHandler)
    EXTI2_IRQHandler                         0x08000561   Thumb Code    38  exti.o(i.EXTI2_IRQHandler)
    EXTI3_IRQHandler                         0x08000595   Thumb Code    38  exti.o(i.EXTI3_IRQHandler)
    EXTI4_IRQHandler                         0x080005c9   Thumb Code    58  exti.o(i.EXTI4_IRQHandler)
    EXTI9_5_IRQHandler                       0x08000615   Thumb Code    78  exti.o(i.EXTI9_5_IRQHandler)
    EXTI9_Init                               0x08000679   Thumb Code    26  exti.o(i.EXTI9_Init)
    Ex_NVIC_Config                           0x08000695   Thumb Code   168  sys.o(i.Ex_NVIC_Config)
    GPIO_AF_Set                              0x08000749   Thumb Code    64  sys.o(i.GPIO_AF_Set)
    GPIO_Set                                 0x08000789   Thumb Code   222  sys.o(i.GPIO_Set)
    Hough                                    0x08000869   Thumb Code   492  pic_process.o(i.Hough)
    Image_Histeq                             0x08000a85   Thumb Code   570  pic_process.o(i.Image_Histeq)
    Image_Send_After_Static                  0x08000cf1   Thumb Code    36  pic_process.o(i.Image_Send_After_Static)
    Image_Sobel                              0x08000d2d   Thumb Code   410  pic_process.o(i.Image_Sobel)
    MYDMA_Config                             0x08000ed5   Thumb Code   284  dma.o(i.MYDMA_Config)
    MYDMA_Enable                             0x08000ffd   Thumb Code    32  dma.o(i.MYDMA_Enable)
    MY_NVIC_Init                             0x0800101d   Thumb Code   116  sys.o(i.MY_NVIC_Init)
    MY_NVIC_PriorityGroupConfig              0x08001095   Thumb Code    32  sys.o(i.MY_NVIC_PriorityGroupConfig)
    MY_NVIC_SetVectorTable                   0x080010bd   Thumb Code    12  sys.o(i.MY_NVIC_SetVectorTable)
    OV7670_Init                              0x080010cd   Thumb Code   312  ov7670.o(i.OV7670_Init)
    OV7670_Light_Mode                        0x08001219   Thumb Code    92  ov7670.o(i.OV7670_Light_Mode)
    OV7670_Window_Set                        0x08001275   Thumb Code   138  ov7670.o(i.OV7670_Window_Set)
    SCCB_Init                                0x08001301   Thumb Code    68  sccb.o(i.SCCB_Init)
    SCCB_No_Ack                              0x0800134d   Thumb Code    56  sccb.o(i.SCCB_No_Ack)
    SCCB_RD_Byte                             0x0800138d   Thumb Code   100  sccb.o(i.SCCB_RD_Byte)
    SCCB_RD_Reg                              0x080013fd   Thumb Code    78  sccb.o(i.SCCB_RD_Reg)
    SCCB_Start                               0x0800144d   Thumb Code    42  sccb.o(i.SCCB_Start)
    SCCB_Stop                                0x08001481   Thumb Code    42  sccb.o(i.SCCB_Stop)
    SCCB_WR_Byte                             0x080014b5   Thumb Code   154  sccb.o(i.SCCB_WR_Byte)
    SCCB_WR_Reg                              0x0800155d   Thumb Code    62  sccb.o(i.SCCB_WR_Reg)
    Sobel_After                              0x0800159d   Thumb Code   600  pic_process.o(i.Sobel_After)
    Stm32_Clock_Init                         0x08001811   Thumb Code    90  sys.o(i.Stm32_Clock_Init)
    Sys_Clock_Set                            0x08001879   Thumb Code   254  sys.o(i.Sys_Clock_Set)
    Sys_Soft_Reset                           0x08001985   Thumb Code     8  sys.o(i.Sys_Soft_Reset)
    TIM3_IRQHandler                          0x08001995   Thumb Code    46  timer.o(i.TIM3_IRQHandler)
    TIM5_IRQHandler                          0x080019d1   Thumb Code   214  timer.o(i.TIM5_IRQHandler)
    USART1_IRQHandler                        0x08001ab5   Thumb Code    28  usart.o(i.USART1_IRQHandler)
    Water_Level_Static                       0x08001ad5   Thumb Code    32  pic_process.o(i.Water_Level_Static)
    __ARM_fpclassify                         0x08001afd   Thumb Code    48  fpclassify.o(i.__ARM_fpclassify)
    __hardfp_cos                             0x08001b31   Thumb Code   180  cos.o(i.__hardfp_cos)
    __hardfp_sin                             0x08001bf9   Thumb Code   180  sin.o(i.__hardfp_sin)
    __ieee754_rem_pio2                       0x08001cc1   Thumb Code   938  rred.o(i.__ieee754_rem_pio2)
    __kernel_cos                             0x080020f9   Thumb Code   322  cos_i.o(i.__kernel_cos)
    __kernel_poly                            0x08002269   Thumb Code   248  poly.o(i.__kernel_poly)
    __kernel_sin                             0x08002361   Thumb Code   280  sin_i.o(i.__kernel_sin)
    __mathlib_dbl_infnan                     0x08002491   Thumb Code    20  dunder.o(i.__mathlib_dbl_infnan)
    __mathlib_dbl_invalid                    0x080024a9   Thumb Code    24  dunder.o(i.__mathlib_dbl_invalid)
    __mathlib_dbl_underflow                  0x080024c9   Thumb Code    24  dunder.o(i.__mathlib_dbl_underflow)
    _sys_exit                                0x080024e9   Thumb Code     6  usart.o(i._sys_exit)
    cameraSysInit                            0x080024f1   Thumb Code    76  pic_process.o(i.cameraSysInit)
    creatYuzhi                               0x08002541   Thumb Code   130  pic_process.o(i.creatYuzhi)
    creatYuzhi_After                         0x080025cd   Thumb Code   250  pic_process.o(i.creatYuzhi_After)
    delay_init                               0x080026d9   Thumb Code    56  delay.o(i.delay_init)
    delay_ms                                 0x08002719   Thumb Code    56  delay.o(i.delay_ms)
    delay_us                                 0x08002751   Thumb Code    56  delay.o(i.delay_us)
    delay_xms                                0x0800278d   Thumb Code    56  delay.o(i.delay_xms)
    fabs                                     0x080027c9   Thumb Code    24  fabs.o(i.fabs)
    main                                     0x080027e1   Thumb Code    66  main.o(i.main)
    send_Image                               0x0800282d   Thumb Code   112  pic_process.o(i.send_Image)
    uart_init                                0x080028a9   Thumb Code   240  usart.o(i.uart_init)
    water_Level_Helper                       0x080029a9   Thumb Code   348  pic_process.o(i.water_Level_Helper)
    __aeabi_dneg                             0x08002b19   Thumb Code     0  basic.o(x$fpl$basic)
    _dneg                                    0x08002b19   Thumb Code     6  basic.o(x$fpl$basic)
    __aeabi_fneg                             0x08002b1f   Thumb Code     0  basic.o(x$fpl$basic)
    _fneg                                    0x08002b1f   Thumb Code     6  basic.o(x$fpl$basic)
    _dabs                                    0x08002b25   Thumb Code     6  basic.o(x$fpl$basic)
    _fabs                                    0x08002b2b   Thumb Code     6  basic.o(x$fpl$basic)
    __aeabi_dadd                             0x08002b31   Thumb Code     0  daddsub_clz.o(x$fpl$dadd)
    _dadd                                    0x08002b31   Thumb Code   332  daddsub_clz.o(x$fpl$dadd)
    __aeabi_ddiv                             0x08002c81   Thumb Code     0  ddiv.o(x$fpl$ddiv)
    _ddiv                                    0x08002c81   Thumb Code   552  ddiv.o(x$fpl$ddiv)
    __aeabi_d2iz                             0x08002f31   Thumb Code     0  dfix.o(x$fpl$dfix)
    _dfix                                    0x08002f31   Thumb Code    94  dfix.o(x$fpl$dfix)
    __aeabi_d2uiz                            0x08002f91   Thumb Code     0  dfixu.o(x$fpl$dfixu)
    _dfixu                                   0x08002f91   Thumb Code    90  dfixu.o(x$fpl$dfixu)
    __aeabi_i2d                              0x08002feb   Thumb Code     0  dflt_clz.o(x$fpl$dflt)
    _dflt                                    0x08002feb   Thumb Code    46  dflt_clz.o(x$fpl$dflt)
    __aeabi_ui2d                             0x08003019   Thumb Code     0  dflt_clz.o(x$fpl$dfltu)
    _dfltu                                   0x08003019   Thumb Code    38  dflt_clz.o(x$fpl$dfltu)
    __aeabi_dmul                             0x08003041   Thumb Code     0  dmul.o(x$fpl$dmul)
    _dmul                                    0x08003041   Thumb Code   332  dmul.o(x$fpl$dmul)
    __fpl_dnaninf                            0x08003195   Thumb Code   156  dnaninf.o(x$fpl$dnaninf)
    __fpl_dretinf                            0x08003231   Thumb Code    12  dretinf.o(x$fpl$dretinf)
    __aeabi_drsub                            0x0800323d   Thumb Code     0  daddsub_clz.o(x$fpl$drsb)
    _drsb                                    0x0800323d   Thumb Code    22  daddsub_clz.o(x$fpl$drsb)
    __aeabi_dsub                             0x08003255   Thumb Code     0  daddsub_clz.o(x$fpl$dsub)
    _dsub                                    0x08003255   Thumb Code   464  daddsub_clz.o(x$fpl$dsub)
    __aeabi_f2d                              0x08003429   Thumb Code     0  f2d.o(x$fpl$f2d)
    _f2d                                     0x08003429   Thumb Code    86  f2d.o(x$fpl$f2d)
    __fpl_fnaninf                            0x0800347f   Thumb Code   140  fnaninf.o(x$fpl$fnaninf)
    _fp_init                                 0x0800350b   Thumb Code    10  fpinit.o(x$fpl$fpinit)
    __fplib_config_fpu_vfp                   0x08003513   Thumb Code     0  fpinit.o(x$fpl$fpinit)
    __fplib_config_pureend_doubles           0x08003513   Thumb Code     0  fpinit.o(x$fpl$fpinit)
    __I$use$fp                               0x08003514   Number         0  usenofp.o(x$fpl$usenofp)
    ov7670_init_reg_tbl                      0x08003514   Data         230  ov7670.o(.constdata)
    ov7670_init_reg_tbl_YUV                  0x080035fa   Data         348  ov7670.o(.constdata)
    Region$$Table$$Base                      0x08003878   Number         0  anon$$obj.o(Region$$Table)
    Region$$Table$$Limit                     0x08003898   Number         0  anon$$obj.o(Region$$Table)
    flag_onlyone                             0x20000000   Data           4  main.o(.data)
    x_circle                                 0x20000004   Data           4  pic_process.o(.data)
    y_circle                                 0x20000008   Data           4  pic_process.o(.data)
    r_circle                                 0x2000000c   Data           4  pic_process.o(.data)
    max_level                                0x20000010   Data           4  pic_process.o(.data)
    max                                      0x20000014   Data           4  pic_process.o(.data)
    flag1                                    0x20000018   Data           4  pic_process.o(.data)
    flag2                                    0x2000001c   Data           4  pic_process.o(.data)
    flag                                     0x20000020   Data           4  pic_process.o(.data)
    ov_frame                                 0x20000028   Data           1  timer.o(.data)
    TIM5CH1_CAPTURE_STA                      0x20000029   Data           1  timer.o(.data)
    TIM5CH1_CAPTURE_VAL                      0x2000002c   Data           4  timer.o(.data)
    ov_sta                                   0x20000030   Data           1  exti.o(.data)
    Pic_Buff_Dup                             0x20000034   Data        4800  pic_process.o(.bss)
    Pic_Buff_Temp                            0x200012f4   Data        4800  pic_process.o(.bss)
    Pic_Buff                                 0x200025b4   Data        4800  pic_process.o(.bss)
    SendBuff                                 0x20003874   Data        4804  pic_process.o(.bss)
    hough_space                              0x20004b38   Data       105600  pic_process.o(.bss)
    gray_density_array                       0x2001e7b8   Data        1024  pic_process.o(.bss)
    gray_density_sum_array                   0x2001ebb8   Data        1024  pic_process.o(.bss)
    pixel_count                              0x2001efb8   Data          36  pic_process.o(.bss)
    __libspace_start                         0x2001efdc   Data          96  libspace.o(.bss)
    __temporary_stack_top$libspace           0x2001f03c   Data           0  libspace.o(.bss)



==============================================================================

Memory Map of the image

  Image Entry point : 0x08000189

  Load Region LR_IROM1 (Base: 0x08000000, Size: 0x000038cc, Max: 0x00100000, ABSOLUTE)

    Execution Region ER_IROM1 (Base: 0x08000000, Size: 0x00003898, Max: 0x00100000, ABSOLUTE)

    Base Addr    Size         Type   Attr      Idx    E Section Name        Object

    0x08000000   0x00000188   Data   RO            3    RESET               startup_stm32f40_41xxx.o
    0x08000188   0x00000008   Code   RO          688  * !!!main             c_w.l(__main.o)
    0x08000190   0x00000034   Code   RO          948    !!!scatter          c_w.l(__scatter.o)
    0x080001c4   0x0000001a   Code   RO          950    !!handler_copy      c_w.l(__scatter_copy.o)
    0x080001de   0x00000002   PAD
    0x080001e0   0x0000001c   Code   RO          952    !!handler_zi        c_w.l(__scatter_zi.o)
    0x080001fc   0x00000002   Code   RO          826    .ARM.Collect$$libinit$$00000000  c_w.l(libinit.o)
    0x080001fe   0x00000004   Code   RO          829    .ARM.Collect$$libinit$$00000001  c_w.l(libinit2.o)
    0x08000202   0x00000000   Code   RO          832    .ARM.Collect$$libinit$$00000004  c_w.l(libinit2.o)
    0x08000202   0x00000000   Code   RO          835    .ARM.Collect$$libinit$$0000000A  c_w.l(libinit2.o)
    0x08000202   0x00000000   Code   RO          837    .ARM.Collect$$libinit$$0000000C  c_w.l(libinit2.o)
    0x08000202   0x00000000   Code   RO          839    .ARM.Collect$$libinit$$0000000E  c_w.l(libinit2.o)
    0x08000202   0x00000000   Code   RO          842    .ARM.Collect$$libinit$$00000011  c_w.l(libinit2.o)
    0x08000202   0x00000000   Code   RO          844    .ARM.Collect$$libinit$$00000013  c_w.l(libinit2.o)
    0x08000202   0x00000000   Code   RO          846    .ARM.Collect$$libinit$$00000015  c_w.l(libinit2.o)
    0x08000202   0x00000000   Code   RO          848    .ARM.Collect$$libinit$$00000017  c_w.l(libinit2.o)
    0x08000202   0x00000000   Code   RO          850    .ARM.Collect$$libinit$$00000019  c_w.l(libinit2.o)
    0x08000202   0x00000000   Code   RO          852    .ARM.Collect$$libinit$$0000001B  c_w.l(libinit2.o)
    0x08000202   0x00000000   Code   RO          854    .ARM.Collect$$libinit$$0000001D  c_w.l(libinit2.o)
    0x08000202   0x00000000   Code   RO          856    .ARM.Collect$$libinit$$0000001F  c_w.l(libinit2.o)
    0x08000202   0x00000000   Code   RO          858    .ARM.Collect$$libinit$$00000021  c_w.l(libinit2.o)
    0x08000202   0x00000000   Code   RO          860    .ARM.Collect$$libinit$$00000023  c_w.l(libinit2.o)
    0x08000202   0x00000000   Code   RO          862    .ARM.Collect$$libinit$$00000025  c_w.l(libinit2.o)
    0x08000202   0x00000000   Code   RO          866    .ARM.Collect$$libinit$$0000002C  c_w.l(libinit2.o)
    0x08000202   0x00000000   Code   RO          868    .ARM.Collect$$libinit$$0000002E  c_w.l(libinit2.o)
    0x08000202   0x00000000   Code   RO          870    .ARM.Collect$$libinit$$00000030  c_w.l(libinit2.o)
    0x08000202   0x00000000   Code   RO          872    .ARM.Collect$$libinit$$00000032  c_w.l(libinit2.o)
    0x08000202   0x00000002   Code   RO          873    .ARM.Collect$$libinit$$00000033  c_w.l(libinit2.o)
    0x08000204   0x00000002   Code   RO          891    .ARM.Collect$$libshutdown$$00000000  c_w.l(libshutdown.o)
    0x08000206   0x00000000   Code   RO          902    .ARM.Collect$$libshutdown$$00000003  c_w.l(libshutdown2.o)
    0x08000206   0x00000000   Code   RO          905    .ARM.Collect$$libshutdown$$00000006  c_w.l(libshutdown2.o)
    0x08000206   0x00000000   Code   RO          908    .ARM.Collect$$libshutdown$$00000009  c_w.l(libshutdown2.o)
    0x08000206   0x00000000   Code   RO          910    .ARM.Collect$$libshutdown$$0000000B  c_w.l(libshutdown2.o)
    0x08000206   0x00000000   Code   RO          913    .ARM.Collect$$libshutdown$$0000000E  c_w.l(libshutdown2.o)
    0x08000206   0x00000002   Code   RO          914    .ARM.Collect$$libshutdown$$0000000F  c_w.l(libshutdown2.o)
    0x08000208   0x00000000   Code   RO          744    .ARM.Collect$$rtentry$$00000000  c_w.l(__rtentry.o)
    0x08000208   0x00000000   Code   RO          785    .ARM.Collect$$rtentry$$00000002  c_w.l(__rtentry2.o)
    0x08000208   0x00000006   Code   RO          797    .ARM.Collect$$rtentry$$00000004  c_w.l(__rtentry4.o)
    0x0800020e   0x00000000   Code   RO          787    .ARM.Collect$$rtentry$$00000009  c_w.l(__rtentry2.o)
    0x0800020e   0x00000004   Code   RO          788    .ARM.Collect$$rtentry$$0000000A  c_w.l(__rtentry2.o)
    0x08000212   0x00000000   Code   RO          790    .ARM.Collect$$rtentry$$0000000C  c_w.l(__rtentry2.o)
    0x08000212   0x00000008   Code   RO          791    .ARM.Collect$$rtentry$$0000000D  c_w.l(__rtentry2.o)
    0x0800021a   0x00000002   Code   RO          827    .ARM.Collect$$rtexit$$00000000  c_w.l(rtexit.o)
    0x0800021c   0x00000000   Code   RO          875    .ARM.Collect$$rtexit$$00000002  c_w.l(rtexit2.o)
    0x0800021c   0x00000004   Code   RO          876    .ARM.Collect$$rtexit$$00000003  c_w.l(rtexit2.o)
    0x08000220   0x00000006   Code   RO          877    .ARM.Collect$$rtexit$$00000004  c_w.l(rtexit2.o)
    0x08000226   0x00000002   PAD
    0x08000228   0x00000044   Code   RO            4    .text               startup_stm32f40_41xxx.o
    0x0800026c   0x00000002   Code   RO          678    .text               c_w.l(use_no_semi_2.o)
    0x0800026e   0x00000064   Code   RO          680    .text               c_w.l(rt_memcpy_w.o)
    0x080002d2   0x00000044   Code   RO          682    .text               c_w.l(rt_memclr.o)
    0x08000316   0x0000004e   Code   RO          684    .text               c_w.l(rt_memclr_w.o)
    0x08000364   0x00000006   Code   RO          686    .text               c_w.l(heapauxi.o)
    0x0800036a   0x00000002   Code   RO          742    .text               c_w.l(use_no_semi.o)
    0x0800036c   0x00000016   Code   RO          745    .text               c_w.l(_rserrno.o)
    0x08000382   0x00000002   PAD
    0x08000384   0x00000008   Code   RO          802    .text               c_w.l(rt_errno_addr_intlibspace.o)
    0x0800038c   0x00000008   Code   RO          814    .text               c_w.l(libspace.o)
    0x08000394   0x0000004a   Code   RO          817    .text               c_w.l(sys_stackheap_outer.o)
    0x080003de   0x0000000c   Code   RO          819    .text               c_w.l(exit.o)
    0x080003ea   0x00000002   PAD
    0x080003ec   0x00000140   Code   RO          109    i.CAMERA_Image_Cut_Compress_6080  pic_process.o
    0x0800052c   0x00000034   Code   RO          593    i.EXTI0_IRQHandler  exti.o
    0x08000560   0x00000034   Code   RO          594    i.EXTI2_IRQHandler  exti.o
    0x08000594   0x00000034   Code   RO          595    i.EXTI3_IRQHandler  exti.o
    0x080005c8   0x0000004c   Code   RO          596    i.EXTI4_IRQHandler  exti.o
    0x08000614   0x00000064   Code   RO          597    i.EXTI9_5_IRQHandler  exti.o
    0x08000678   0x0000001a   Code   RO          598    i.EXTI9_Init        exti.o
    0x08000692   0x00000002   PAD
    0x08000694   0x000000b4   Code   RO          269    i.Ex_NVIC_Config    sys.o
    0x08000748   0x00000040   Code   RO          270    i.GPIO_AF_Set       sys.o
    0x08000788   0x000000de   Code   RO          271    i.GPIO_Set          sys.o
    0x08000866   0x00000002   PAD
    0x08000868   0x0000021c   Code   RO          110    i.Hough             pic_process.o
    0x08000a84   0x0000026c   Code   RO          111    i.Image_Histeq      pic_process.o
    0x08000cf0   0x0000003c   Code   RO          113    i.Image_Send_After_Static  pic_process.o
    0x08000d2c   0x000001a8   Code   RO          115    i.Image_Sobel       pic_process.o
    0x08000ed4   0x00000128   Code   RO          652    i.MYDMA_Config      dma.o
    0x08000ffc   0x00000020   Code   RO          653    i.MYDMA_Enable      dma.o
    0x0800101c   0x00000078   Code   RO          274    i.MY_NVIC_Init      sys.o
    0x08001094   0x00000028   Code   RO          275    i.MY_NVIC_PriorityGroupConfig  sys.o
    0x080010bc   0x00000010   Code   RO          276    i.MY_NVIC_SetVectorTable  sys.o
    0x080010cc   0x0000014c   Code   RO          422    i.OV7670_Init       ov7670.o
    0x08001218   0x0000005c   Code   RO          423    i.OV7670_Light_Mode  ov7670.o
    0x08001274   0x0000008a   Code   RO          425    i.OV7670_Window_Set  ov7670.o
    0x080012fe   0x00000002   PAD
    0x08001300   0x0000004c   Code   RO          484    i.SCCB_Init         sccb.o
    0x0800134c   0x00000040   Code   RO          485    i.SCCB_No_Ack       sccb.o
    0x0800138c   0x00000070   Code   RO          486    i.SCCB_RD_Byte      sccb.o
    0x080013fc   0x0000004e   Code   RO          487    i.SCCB_RD_Reg       sccb.o
    0x0800144a   0x00000002   PAD
    0x0800144c   0x00000034   Code   RO          488    i.SCCB_Start        sccb.o
    0x08001480   0x00000034   Code   RO          489    i.SCCB_Stop         sccb.o
    0x080014b4   0x000000a8   Code   RO          490    i.SCCB_WR_Byte      sccb.o
    0x0800155c   0x0000003e   Code   RO          491    i.SCCB_WR_Reg       sccb.o
    0x0800159a   0x00000002   PAD
    0x0800159c   0x00000274   Code   RO          116    i.Sobel_After       pic_process.o
    0x08001810   0x00000068   Code   RO          277    i.Stm32_Clock_Init  sys.o
    0x08001878   0x0000010c   Code   RO          278    i.Sys_Clock_Set     sys.o
    0x08001984   0x00000010   Code   RO          279    i.Sys_Soft_Reset    sys.o
    0x08001994   0x0000003c   Code   RO          547    i.TIM3_IRQHandler   timer.o
    0x080019d0   0x000000e4   Code   RO          550    i.TIM5_IRQHandler   timer.o
    0x08001ab4   0x00000020   Code   RO          364    i.USART1_IRQHandler  usart.o
    0x08001ad4   0x00000028   Code   RO          118    i.Water_Level_Static  pic_process.o
    0x08001afc   0x00000030   Code   RO          810    i.__ARM_fpclassify  m_wm.l(fpclassify.o)
    0x08001b2c   0x00000004   PAD
    0x08001b30   0x000000c8   Code   RO          718    i.__hardfp_cos      m_wm.l(cos.o)
    0x08001bf8   0x000000c8   Code   RO          730    i.__hardfp_sin      m_wm.l(sin.o)
    0x08001cc0   0x00000438   Code   RO          773    i.__ieee754_rem_pio2  m_wm.l(rred.o)
    0x080020f8   0x00000170   Code   RO          756    i.__kernel_cos      m_wm.l(cos_i.o)
    0x08002268   0x000000f8   Code   RO          812    i.__kernel_poly     m_wm.l(poly.o)
    0x08002360   0x00000130   Code   RO          778    i.__kernel_sin      m_wm.l(sin_i.o)
    0x08002490   0x00000014   Code   RO          760    i.__mathlib_dbl_infnan  m_wm.l(dunder.o)
    0x080024a4   0x00000004   PAD
    0x080024a8   0x00000020   Code   RO          762    i.__mathlib_dbl_invalid  m_wm.l(dunder.o)
    0x080024c8   0x00000020   Code   RO          765    i.__mathlib_dbl_underflow  m_wm.l(dunder.o)
    0x080024e8   0x00000006   Code   RO          366    i._sys_exit         usart.o
    0x080024ee   0x00000002   PAD
    0x080024f0   0x00000050   Code   RO          119    i.cameraSysInit     pic_process.o
    0x08002540   0x0000008c   Code   RO          120    i.creatYuzhi        pic_process.o
    0x080025cc   0x0000010c   Code   RO          121    i.creatYuzhi_After  pic_process.o
    0x080026d8   0x00000040   Code   RO          228    i.delay_init        delay.o
    0x08002718   0x00000038   Code   RO          229    i.delay_ms          delay.o
    0x08002750   0x0000003c   Code   RO          230    i.delay_us          delay.o
    0x0800278c   0x0000003c   Code   RO          231    i.delay_xms         delay.o
    0x080027c8   0x00000018   Code   RO          806    i.fabs              m_wm.l(fabs.o)
    0x080027e0   0x0000004c   Code   RO           13    i.main              main.o
    0x0800282c   0x0000007c   Code   RO          122    i.send_Image        pic_process.o
    0x080028a8   0x00000100   Code   RO          368    i.uart_init         usart.o
    0x080029a8   0x00000170   Code   RO          123    i.water_Level_Helper  pic_process.o
    0x08002b18   0x00000018   Code   RO          747    x$fpl$basic         fz_wm.l(basic.o)
    0x08002b30   0x00000150   Code   RO          690    x$fpl$dadd          fz_wm.l(daddsub_clz.o)
    0x08002c80   0x000002b0   Code   RO          697    x$fpl$ddiv          fz_wm.l(ddiv.o)
    0x08002f30   0x0000005e   Code   RO          700    x$fpl$dfix          fz_wm.l(dfix.o)
    0x08002f8e   0x00000002   PAD
    0x08002f90   0x0000005a   Code   RO          704    x$fpl$dfixu         fz_wm.l(dfixu.o)
    0x08002fea   0x0000002e   Code   RO          709    x$fpl$dflt          fz_wm.l(dflt_clz.o)
    0x08003018   0x00000026   Code   RO          708    x$fpl$dfltu         fz_wm.l(dflt_clz.o)
    0x0800303e   0x00000002   PAD
    0x08003040   0x00000154   Code   RO          714    x$fpl$dmul          fz_wm.l(dmul.o)
    0x08003194   0x0000009c   Code   RO          749    x$fpl$dnaninf       fz_wm.l(dnaninf.o)
    0x08003230   0x0000000c   Code   RO          751    x$fpl$dretinf       fz_wm.l(dretinf.o)
    0x0800323c   0x00000016   Code   RO          691    x$fpl$drsb          fz_wm.l(daddsub_clz.o)
    0x08003252   0x00000002   PAD
    0x08003254   0x000001d4   Code   RO          692    x$fpl$dsub          fz_wm.l(daddsub_clz.o)
    0x08003428   0x00000056   Code   RO          716    x$fpl$f2d           fz_wm.l(f2d.o)
    0x0800347e   0x0000008c   Code   RO          753    x$fpl$fnaninf       fz_wm.l(fnaninf.o)
    0x0800350a   0x0000000a   Code   RO          883    x$fpl$fpinit        fz_wm.l(fpinit.o)
    0x08003514   0x00000000   Code   RO          755    x$fpl$usenofp       fz_wm.l(usenofp.o)
    0x08003514   0x00000242   Data   RO          426    .constdata          ov7670.o
    0x08003756   0x00000002   PAD
    0x08003758   0x00000030   Data   RO          757    .constdata          m_wm.l(cos_i.o)
    0x08003788   0x000000c8   Data   RO          775    .constdata          m_wm.l(rred.o)
    0x08003850   0x00000028   Data   RO          779    .constdata          m_wm.l(sin_i.o)
    0x08003878   0x00000020   Data   RO          946    Region$$Table       anon$$obj.o


    Execution Region RW_IRAM1 (Base: 0x20000000, Size: 0x0001f440, Max: 0x00020000, ABSOLUTE)

    Base Addr    Size         Type   Attr      Idx    E Section Name        Object

    0x20000000   0x00000004   Data   RW           14    .data               main.o
    0x20000004   0x00000020   Data   RW          125    .data               pic_process.o
    0x20000024   0x00000004   Data   RW          232    .data               delay.o
    0x20000028   0x00000008   Data   RW          551    .data               timer.o
    0x20000030   0x00000001   Data   RW          599    .data               exti.o
    0x20000031   0x00000003   PAD
    0x20000034   0x0001efa8   Zero   RW          124    .bss                pic_process.o
    0x2001efdc   0x00000060   Zero   RW          815    .bss                c_w.l(libspace.o)
    0x2001f03c   0x00000004   PAD
    0x2001f040   0x00000000   Zero   RW            2    HEAP                startup_stm32f40_41xxx.o
    0x2001f040   0x00000400   Zero   RW            1    STACK               startup_stm32f40_41xxx.o


==============================================================================

Image component sizes


      Code (inc. data)   RO Data    RW Data    ZI Data      Debug   Object Name

       240         16          0          4          0       2371   delay.o
       328         12          0          0          0       1650   dma.o
       358         80          0          1          0       3215   exti.o
        76         10          0          4          0     232674   main.o
       562         20        578          0          0       2756   ov7670.o
      3612        268          0         32     126888      10528   pic_process.o
       664         62          0          0          0       4517   sccb.o
        68         24        392          0       1024        860   startup_stm32f40_41xxx.o
      1030         64          0          0          0       5992   sys.o
       288         28          0          8          0       1383   timer.o
       294         20          0          0          0       1796   usart.o

    ----------------------------------------------------------------------
      7532        604       1004         52     127912     267742   Object Totals
         0          0         32          0          0          0   (incl. Generated)
        12          0          2          3          0          0   (incl. Padding)

    ----------------------------------------------------------------------

      Code (inc. data)   RO Data    RW Data    ZI Data      Debug   Library Member Name

         8          0          0          0          0         68   __main.o
         0          0          0          0          0          0   __rtentry.o
        12          0          0          0          0          0   __rtentry2.o
         6          0          0          0          0          0   __rtentry4.o
        52          8          0          0          0          0   __scatter.o
        26          0          0          0          0          0   __scatter_copy.o
        28          0          0          0          0          0   __scatter_zi.o
        22          0          0          0          0        100   _rserrno.o
        12          0          0          0          0         72   exit.o
         6          0          0          0          0        152   heapauxi.o
         2          0          0          0          0          0   libinit.o
         6          0          0          0          0          0   libinit2.o
         2          0          0          0          0          0   libshutdown.o
         2          0          0          0          0          0   libshutdown2.o
         8          4          0          0         96         68   libspace.o
         8          4          0          0          0         68   rt_errno_addr_intlibspace.o
        68          0          0          0          0         68   rt_memclr.o
        78          0          0          0          0         80   rt_memclr_w.o
       100          0          0          0          0         80   rt_memcpy_w.o
         2          0          0          0          0          0   rtexit.o
        10          0          0          0          0          0   rtexit2.o
        74          0          0          0          0         80   sys_stackheap_outer.o
         2          0          0          0          0         68   use_no_semi.o
         2          0          0          0          0         68   use_no_semi_2.o
        24          0          0          0          0        164   basic.o
       826         16          0          0          0        492   daddsub_clz.o
       688        140          0          0          0        256   ddiv.o
        94          4          0          0          0        140   dfix.o
        90          4          0          0          0        140   dfixu.o
        84          0          0          0          0        232   dflt_clz.o
       340         12          0          0          0        152   dmul.o
       156          4          0          0          0        140   dnaninf.o
        12          0          0          0          0        116   dretinf.o
        86          4          0          0          0        132   f2d.o
       140          4          0          0          0        132   fnaninf.o
        10          0          0          0          0        116   fpinit.o
         0          0          0          0          0          0   usenofp.o
       200         20          0          0          0        164   cos.o
       368         46         48          0          0        200   cos_i.o
        84         16          0          0          0        372   dunder.o
        24          0          0          0          0        124   fabs.o
        48          0          0          0          0        124   fpclassify.o
       248          0          0          0          0        152   poly.o
      1080        142        200          0          0        188   rred.o
       200         20          0          0          0        164   sin.o
       304         24         40          0          0        208   sin_i.o

    ----------------------------------------------------------------------
      5664        472        288          0        100       4880   Library Totals
        22          0          0          0          4          0   (incl. Padding)

    ----------------------------------------------------------------------

      Code (inc. data)   RO Data    RW Data    ZI Data      Debug   Library Name

       536         16          0          0         96        972   c_w.l
      2550        188          0          0          0       2212   fz_wm.l
      2556        268        288          0          0       1696   m_wm.l

    ----------------------------------------------------------------------
      5664        472        288          0        100       4880   Library Totals

    ----------------------------------------------------------------------

==============================================================================


      Code (inc. data)   RO Data    RW Data    ZI Data      Debug   

     13196       1076       1292         52     128012     265206   Grand Totals
     13196       1076       1292         52     128012     265206   ELF Image Totals
     13196       1076       1292         52          0          0   ROM Totals

==============================================================================

    Total RO  Size (Code + RO Data)                14488 (  14.15kB)
    Total RW  Size (RW Data + ZI Data)            128064 ( 125.06kB)
    Total ROM Size (Code + RO Data + RW Data)      14540 (  14.20kB)

==============================================================================

