<html>
<body>
<pre>
<h1>礦ision Build Log</h1>
<h2>Tool Versions:</h2>
IDE-Version: μVision V5.14.0.0
Copyright (C) 2015 ARM Ltd and ARM Germany GmbH. All rights reserved.
License Information: au li, Hewlett-Packard, LIC=P6F30-B2W7Y-IMZ9B-23YNN-79GMZ-ZFGW4
 
Tool Versions:
Toolchain:       MDK-ARM Professional  Version: 5.14.0.0
Toolchain Path:  C:\Keil_v5\ARM\ARMCC\Bin
C Compiler:      Armcc.exe V5.05 update 1 (build 106)
Assembler:       Armasm.exe V5.05 update 1 (build 106)
Linker/Locator:  ArmLink.exe V5.05 update 1 (build 106)
Library Manager: ArmAr.exe V5.05 update 1 (build 106)
Hex Converter:   FromElf.exe V5.05 update 1 (build 106)
CPU DLL:         SARMCM3.DLL V5.14.0.0
Dialog DLL:      DCM.DLL V1.13.1.0
Target DLL:      STLink\ST-LINKIII-KEIL_SWO.dll V2.0.14.0_KEIL
Dialog DLL:      TCM.DLL V1.14.4.0
 
<h2>Project:</h2>
C:\Users\惠普\Desktop\OV7670摄像头实验 - 2017-09-13\USER\TEST.uvprojx
Project File Date:  06/28/2017

<h2>Output:</h2>
Rebuild target 'camera'
assembling startup_stm32f40_41xxx.s...
compiling main.c...
compiling delay.c...
compiling sys.c...
compiling usart.c...
compiling led.c...
compiling ILI93xx.c...
compiling ov7670.c...
compiling sccb.c...
compiling timer.c...
compiling exti.c...
compiling Pic_Process.c...
..\HARDWARE\Picture\Pic_Process.c(270): warning:  #1035-D: single-precision operand implicitly converted to double-precision
                histEQU[n] = (u8)(gray_density_sum_array[n] * 255.0+0.5);
..\HARDWARE\Picture\Pic_Process.c: 1 warning, 0 errors
compiling dma.c...
linking...
Program Size: Code=8100 RO-data=1004 RW-data=48 ZI-data=128008  
FromELF: creating hex file...
"..\OBJ\cameraMain.axf" - 0 Error(s), 1 Warning(s).

<h2>Collection of Component include folders:</h2>
  C:\Users\惠普\Desktop\OV7670摄像头实验 - 2017-09-13\USER\RTE
  C:\Keil_v5\ARM\PACK\Keil\STM32F4xx_DFP\1.0.8\Device\Include

<h2>Collection of Component Files used:</h2>
</pre>
</body>
</html>
