Component: ARM Compiler 5.05 update 1 (build 106) Tool: armlink [4d0efa]

==============================================================================

Section Cross References

    startup_stm32f40_41xxx.o(STACK) refers (Special) to heapauxi.o(.text) for __use_two_region_memory
    startup_stm32f40_41xxx.o(HEAP) refers (Special) to heapauxi.o(.text) for __use_two_region_memory
    startup_stm32f40_41xxx.o(RESET) refers (Special) to heapauxi.o(.text) for __use_two_region_memory
    startup_stm32f40_41xxx.o(RESET) refers to startup_stm32f40_41xxx.o(STACK) for __initial_sp
    startup_stm32f40_41xxx.o(RESET) refers to startup_stm32f40_41xxx.o(.text) for Reset_Handler
    startup_stm32f40_41xxx.o(RESET) refers to exti.o(.text) for EXTI3_IRQHandler
    startup_stm32f40_41xxx.o(RESET) refers to timer.o(.text) for TIM2_IRQHandler
    startup_stm32f40_41xxx.o(RESET) refers to usart.o(.text) for USART1_IRQHandler
    startup_stm32f40_41xxx.o(.text) refers (Special) to heapauxi.o(.text) for __use_two_region_memory
    startup_stm32f40_41xxx.o(.text) refers to __main.o(!!!main) for __main
    startup_stm32f40_41xxx.o(.text) refers to startup_stm32f40_41xxx.o(HEAP) for Heap_Mem
    startup_stm32f40_41xxx.o(.text) refers to startup_stm32f40_41xxx.o(STACK) for Stack_Mem
    main.o(.text) refers to pic_process.o(.text) for CAMERA_Image_Cut_Compress_6080
    main.o(.text) refers to pic_process.o(.data) for max_dynamic
    main.o(.text) refers to main.o(.data) for processingTimeIsUp
    main.o(.text) refers to exti.o(.data) for isGlass
    pic_process.o(.text) refers to sys.o(.text) for Stm32_Clock_Init
    pic_process.o(.text) refers to delay.o(.text) for delay_init
    pic_process.o(.text) refers to usart.o(.text) for uart_init
    pic_process.o(.text) refers to ov7670.o(.text) for OV7670_Init
    pic_process.o(.text) refers to exti.o(.text) for EXTI9_Init
    pic_process.o(.text) refers to gpio.o(.text) for GpioInit
    pic_process.o(.text) refers to timer.o(.text) for TIM2_Init
    pic_process.o(.text) refers to rt_memcpy_w.o(.text) for __aeabi_memcpy4
    pic_process.o(.text) refers to pic_process.o(.bss) for Pic_Buff
    pic_process.o(.text) refers to exti.o(.data) for ov_sta
    pic_process.o(.text) refers to pic_process.o(.data) for y_circle
    pic_process.o(.text) refers to f2d.o(x$fpl$f2d) for __aeabi_f2d
    pic_process.o(.text) refers to dmul.o(x$fpl$dmul) for __aeabi_dmul
    pic_process.o(.text) refers to daddsub_clz.o(x$fpl$dadd) for __aeabi_dadd
    pic_process.o(.text) refers to dfixu.o(x$fpl$dfixu) for __aeabi_d2uiz
    pic_process.o(.text) refers to rt_memclr_w.o(.text) for __aeabi_memclr4
    pic_process.o(.text) refers to dflt_clz.o(x$fpl$dflt) for __aeabi_i2d
    pic_process.o(.text) refers to ddiv.o(x$fpl$ddiv) for __aeabi_ddiv
    pic_process.o(.text) refers to cos.o(i.__hardfp_cos) for __hardfp_cos
    pic_process.o(.text) refers to daddsub_clz.o(x$fpl$dsub) for __aeabi_dsub
    pic_process.o(.text) refers to dfix.o(x$fpl$dfix) for __aeabi_d2iz
    pic_process.o(.text) refers to sin.o(i.__hardfp_sin) for __hardfp_sin
    pic_process.o(.text) refers to rt_memclr.o(.text) for __aeabi_memclr
    pic_process.o(.text) refers to dma.o(.text) for MYDMA_Config
    pic_process.o(.text) refers to dleqf.o(x$fpl$dleqf) for __aeabi_cdcmple
    pic_process.o(.text) refers to drleqf.o(x$fpl$drleqf) for __aeabi_cdrcmple
    delay.o(.text) refers to delay.o(.data) for fac_us
    usart.o(.rev16_text) refers (Special) to use_no_semi_2.o(.text) for __use_no_semihosting
    usart.o(.revsh_text) refers (Special) to use_no_semi_2.o(.text) for __use_no_semihosting
    usart.o(.text) refers (Special) to use_no_semi_2.o(.text) for __use_no_semihosting
    usart.o(.text) refers to sys.o(.text) for Sys_Soft_Reset
    usart.o(.bss) refers (Special) to use_no_semi_2.o(.text) for __use_no_semihosting
    usart.o(.data) refers (Special) to use_no_semi_2.o(.text) for __use_no_semihosting
    ov7670.o(.text) refers to sys.o(.text) for GPIO_Set
    ov7670.o(.text) refers to sccb.o(.text) for SCCB_Init
    ov7670.o(.text) refers to delay.o(.text) for delay_ms
    ov7670.o(.text) refers to ov7670.o(.constdata) for ov7670_init_reg_tbl_YUV
    sccb.o(.text) refers to sys.o(.text) for GPIO_Set
    sccb.o(.text) refers to delay.o(.text) for delay_us
    timer.o(.text) refers to sys.o(.text) for MY_NVIC_Init
    timer.o(.text) refers to gpio.o(.text) for UltrasonicTrigger
    timer.o(.text) refers to dflt_clz.o(x$fpl$dfltu) for __aeabi_ui2d
    timer.o(.text) refers to dmul.o(x$fpl$dmul) for __aeabi_dmul
    timer.o(.text) refers to dfixu.o(x$fpl$dfixu) for __aeabi_d2uiz
    timer.o(.text) refers to noretval__2printf.o(.text) for __2printf
    timer.o(.text) refers to delay.o(.text) for delay_ms
    timer.o(.text) refers to pic_process.o(.text) for CAMERA_Image_Cut_Compress_6080
    timer.o(.text) refers to timer.o(.data) for TIM2CH1_CAPTURE_STA
[...]
    libinit.o(.ARM.Collect$$libinit$$00000000) refers (Special) to libinit2.o(.ARM.Collect$$libinit$$00000023) for __rt_lib_init_getenv_1
    libinit.o(.ARM.Collect$$libinit$$00000000) refers (Special) to libinit2.o(.ARM.Collect$$libinit$$0000000A) for __rt_lib_init_heap_1
    libinit.o(.ARM.Collect$$libinit$$00000000) refers (Special) to libinit2.o(.ARM.Collect$$libinit$$00000011) for __rt_lib_init_lc_collate_1
    libinit.o(.ARM.Collect$$libinit$$00000000) refers (Special) to libinit2.o(.ARM.Collect$$libinit$$00000013) for __rt_lib_init_lc_ctype_1
    libinit.o(.ARM.Collect$$libinit$$00000000) refers (Special) to libinit2.o(.ARM.Collect$$libinit$$00000015) for __rt_lib_init_lc_monetary_1
    libinit.o(.ARM.Collect$$libinit$$00000000) refers (Special) to libinit2.o(.ARM.Collect$$libinit$$00000017) for __rt_lib_init_lc_numeric_1
    libinit.o(.ARM.Collect$$libinit$$00000000) refers (Special) to libinit2.o(.ARM.Collect$$libinit$$00000019) for __rt_lib_init_lc_time_1
    libinit.o(.ARM.Collect$$libinit$$00000000) refers (Special) to libinit2.o(.ARM.Collect$$libinit$$00000004) for __rt_lib_init_preinit_1
    libinit.o(.ARM.Collect$$libinit$$00000000) refers (Special) to libinit2.o(.ARM.Collect$$libinit$$0000000E) for __rt_lib_init_rand_1
    libinit.o(.ARM.Collect$$libinit$$00000000) refers (Special) to libinit2.o(.ARM.Collect$$libinit$$00000033) for __rt_lib_init_return
    libinit.o(.ARM.Collect$$libinit$$00000000) refers (Special) to libinit2.o(.ARM.Collect$$libinit$$0000001D) for __rt_lib_init_signal_1
    libinit.o(.ARM.Collect$$libinit$$00000000) refers (Special) to libinit2.o(.ARM.Collect$$libinit$$00000025) for __rt_lib_init_stdio_1
    libinit.o(.ARM.Collect$$libinit$$00000000) refers (Special) to libinit2.o(.ARM.Collect$$libinit$$0000000C) for __rt_lib_init_user_alloc_1
    rtexit.o(.ARM.Collect$$rtexit$$00000000) refers (Special) to rtexit2.o(.ARM.Collect$$rtexit$$00000004) for __rt_exit_exit
    rtexit.o(.ARM.Collect$$rtexit$$00000000) refers (Special) to rtexit2.o(.ARM.Collect$$rtexit$$00000003) for __rt_exit_ls
    rtexit.o(.ARM.Collect$$rtexit$$00000000) refers (Special) to rtexit2.o(.ARM.Collect$$rtexit$$00000002) for __rt_exit_prels_1
    rtexit.o(.ARM.exidx) refers (Special) to rtexit2.o(.ARM.Collect$$rtexit$$00000004) for __rt_exit_exit
    rtexit.o(.ARM.exidx) refers (Special) to rtexit2.o(.ARM.Collect$$rtexit$$00000003) for __rt_exit_ls
    rtexit.o(.ARM.exidx) refers (Special) to rtexit2.o(.ARM.Collect$$rtexit$$00000002) for __rt_exit_prels_1
    rtexit.o(.ARM.exidx) refers to rtexit.o(.ARM.Collect$$rtexit$$00000000) for .ARM.Collect$$rtexit$$00000000
    libinit2.o(.ARM.Collect$$libinit$$00000001) refers to fpinit.o(x$fpl$fpinit) for _fp_init
    libinit2.o(.ARM.Collect$$libinit$$00000010) refers to libinit2.o(.ARM.Collect$$libinit$$0000000F) for .ARM.Collect$$libinit$$0000000F
    libinit2.o(.ARM.Collect$$libinit$$00000012) refers to libinit2.o(.ARM.Collect$$libinit$$0000000F) for .ARM.Collect$$libinit$$0000000F
    libinit2.o(.ARM.Collect$$libinit$$00000014) refers to libinit2.o(.ARM.Collect$$libinit$$0000000F) for .ARM.Collect$$libinit$$0000000F
    libinit2.o(.ARM.Collect$$libinit$$00000016) refers to libinit2.o(.ARM.Collect$$libinit$$0000000F) for .ARM.Collect$$libinit$$0000000F
    libinit2.o(.ARM.Collect$$libinit$$00000018) refers to libinit2.o(.ARM.Collect$$libinit$$0000000F) for .ARM.Collect$$libinit$$0000000F
    libinit2.o(.ARM.Collect$$libinit$$00000026) refers to argv_veneer.o(.emb_text) for __ARM_argv_veneer
    libinit2.o(.ARM.Collect$$libinit$$00000027) refers to argv_veneer.o(.emb_text) for __ARM_argv_veneer
    rtexit2.o(.ARM.Collect$$rtexit$$00000003) refers to libshutdown.o(.ARM.Collect$$libshutdown$$00000000) for __rt_lib_shutdown
    rtexit2.o(.ARM.Collect$$rtexit$$00000004) refers to usart.o(.text) for _sys_exit
    rtexit2.o(.ARM.exidx) refers to rtexit2.o(.ARM.Collect$$rtexit$$00000001) for .ARM.Collect$$rtexit$$00000001
    rtexit2.o(.ARM.exidx) refers to rtexit2.o(.ARM.Collect$$rtexit$$00000003) for .ARM.Collect$$rtexit$$00000003
    rtexit2.o(.ARM.exidx) refers to rtexit2.o(.ARM.Collect$$rtexit$$00000004) for .ARM.Collect$$rtexit$$00000004
    argv_veneer.o(.emb_text) refers to no_argv.o(.text) for __ARM_get_argv
    _get_argv_nomalloc.o(.text) refers (Special) to hrguard.o(.text) for __heap_region$guard
    _get_argv_nomalloc.o(.text) refers to defsig_rtmem_outer.o(.text) for __rt_SIGRTMEM
    _get_argv_nomalloc.o(.text) refers to sys_command.o(.text) for _sys_command_string
    libshutdown.o(.ARM.Collect$$libshutdown$$00000000) refers (Special) to libshutdown2.o(.ARM.Collect$$libshutdown$$00000006) for __rt_lib_shutdown_fp_trap_1
    libshutdown.o(.ARM.Collect$$libshutdown$$00000000) refers (Special) to libshutdown2.o(.ARM.Collect$$libshutdown$$0000000E) for __rt_lib_shutdown_heap_1
    libshutdown.o(.ARM.Collect$$libshutdown$$00000000) refers (Special) to libshutdown2.o(.ARM.Collect$$libshutdown$$0000000F) for __rt_lib_shutdown_return
    libshutdown.o(.ARM.Collect$$libshutdown$$00000000) refers (Special) to libshutdown2.o(.ARM.Collect$$libshutdown$$00000009) for __rt_lib_shutdown_signal_1
    libshutdown.o(.ARM.Collect$$libshutdown$$00000000) refers (Special) to libshutdown2.o(.ARM.Collect$$libshutdown$$00000003) for __rt_lib_shutdown_stdio_1
    libshutdown.o(.ARM.Collect$$libshutdown$$00000000) refers (Special) to libshutdown2.o(.ARM.Collect$$libshutdown$$0000000B) for __rt_lib_shutdown_user_alloc_1
    sys_command.o(.text) refers (Special) to use_no_semi.o(.text) for __I$use$semihosting
    sys_command.o(.text) refers (Special) to indicate_semi.o(.text) for __semihosting_library_function
    defsig_rtmem_outer.o(.text) refers to defsig_rtmem_inner.o(.text) for __rt_SIGRTMEM_inner
    defsig_rtmem_outer.o(.text) refers to defsig_exit.o(.text) for __sig_exit
    defsig_rtmem_formal.o(.text) refers to rt_raise.o(.text) for __rt_raise
    rt_raise.o(.text) refers to __raise.o(.text) for __raise
    rt_raise.o(.text) refers to usart.o(.text) for _sys_exit
    defsig_exit.o(.text) refers to usart.o(.text) for _sys_exit
    defsig_rtmem_inner.o(.text) refers to defsig_general.o(.text) for __default_signal_display
    __raise.o(.text) refers to defsig.o(CL$$defsig) for __default_signal_handler
    defsig_general.o(.text) refers to sys_wrch.o(.text) for _ttywrch
    sys_wrch.o(.text) refers (Special) to use_no_semi.o(.text) for __I$use$semihosting
    sys_wrch.o(.text) refers (Special) to indicate_semi.o(.text) for __semihosting_library_function
    defsig.o(CL$$defsig) refers to defsig_rtmem_inner.o(.text) for __rt_SIGRTMEM_inner
    defsig_abrt_inner.o(.text) refers to defsig_general.o(.text) for __default_signal_display
    defsig_fpe_inner.o(.text) refers to defsig_general.o(.text) for __default_signal_display
    defsig_rtred_inner.o(.text) refers to defsig_general.o(.text) for __default_signal_display
    defsig_stak_inner.o(.text) refers to defsig_general.o(.text) for __default_signal_display
    defsig_pvfn_inner.o(.text) refers to defsig_general.o(.text) for __default_signal_display
    defsig_cppl_inner.o(.text) refers to defsig_general.o(.text) for __default_signal_display
    defsig_segv_inner.o(.text) refers to defsig_general.o(.text) for __default_signal_display
    defsig_other.o(.text) refers to defsig_general.o(.text) for __default_signal_display


==============================================================================

Removing Unused input sections from the image.

    Removing main.o(.rev16_text), (4 bytes).
    Removing main.o(.revsh_text), (4 bytes).
    Removing pic_process.o(.rev16_text), (4 bytes).
    Removing pic_process.o(.revsh_text), (4 bytes).
    Removing delay.o(.rev16_text), (4 bytes).
    Removing delay.o(.revsh_text), (4 bytes).
    Removing sys.o(.rev16_text), (4 bytes).
    Removing sys.o(.revsh_text), (4 bytes).
    Removing sys.o(.emb_text), (6 bytes).
    Removing usart.o(.rev16_text), (4 bytes).
    Removing usart.o(.revsh_text), (4 bytes).
    Removing usart.o(.bss), (200 bytes).
    Removing ov7670.o(.rev16_text), (4 bytes).
    Removing ov7670.o(.revsh_text), (4 bytes).
    Removing sccb.o(.rev16_text), (4 bytes).
    Removing sccb.o(.revsh_text), (4 bytes).
    Removing timer.o(.rev16_text), (4 bytes).
    Removing timer.o(.revsh_text), (4 bytes).
    Removing exti.o(.rev16_text), (4 bytes).
    Removing exti.o(.revsh_text), (4 bytes).
    Removing dma.o(.rev16_text), (4 bytes).
    Removing dma.o(.revsh_text), (4 bytes).
    Removing gpio.o(.rev16_text), (4 bytes).
    Removing gpio.o(.revsh_text), (4 bytes).

24 unused section(s) (total 294 bytes) removed from the image.

==============================================================================

Image Symbol Table

    Local Symbols

    Symbol Name                              Value     Ov Type        Size  Object(Section)

    ../clib/angel/boardlib.s                 0x00000000   Number         0  boardinit3.o ABSOLUTE
    ../clib/angel/boardlib.s                 0x00000000   Number         0  boardinit2.o ABSOLUTE
    ../clib/angel/boardlib.s                 0x00000000   Number         0  boardinit1.o ABSOLUTE
    ../clib/angel/boardlib.s                 0x00000000   Number         0  boardshut.o ABSOLUTE
    ../clib/angel/handlers.s                 0x00000000   Number         0  __scatter_zi.o ABSOLUTE
    ../clib/angel/handlers.s                 0x00000000   Number         0  __scatter_copy.o ABSOLUTE
    ../clib/angel/kernel.s                   0x00000000   Number         0  __rtentry4.o ABSOLUTE
    ../clib/angel/kernel.s                   0x00000000   Number         0  __rtentry2.o ABSOLUTE
    ../clib/angel/kernel.s                   0x00000000   Number         0  rtexit.o ABSOLUTE
    ../clib/angel/kernel.s                   0x00000000   Number         0  __rtentry.o ABSOLUTE
    ../clib/angel/kernel.s                   0x00000000   Number         0  rtexit2.o ABSOLUTE
    ../clib/angel/rt.s                       0x00000000   Number         0  rt_errno_addr_intlibspace.o ABSOLUTE
    ../clib/angel/rt.s                       0x00000000   Number         0  rt_raise.o ABSOLUTE
    ../clib/angel/rt.s                       0x00000000   Number         0  rt_errno_addr.o ABSOLUTE
    ../clib/angel/scatter.s                  0x00000000   Number         0  __scatter.o ABSOLUTE
    ../clib/angel/startup.s                  0x00000000   Number         0  __main.o ABSOLUTE
    ../clib/angel/sys.s                      0x00000000   Number         0  libspace.o ABSOLUTE
    ../clib/angel/sys.s                      0x00000000   Number         0  sys_stackheap_outer.o ABSOLUTE
    ../clib/angel/sys.s                      0x00000000   Number         0  indicate_semi.o ABSOLUTE
    ../clib/angel/sys.s                      0x00000000   Number         0  use_no_semi.o ABSOLUTE
    ../clib/angel/sys.s                      0x00000000   Number         0  use_no_semi_2.o ABSOLUTE
    ../clib/angel/sysapp.c                   0x00000000   Number         0  sys_wrch.o ABSOLUTE
    ../clib/angel/sysapp.c                   0x00000000   Number         0  sys_command.o ABSOLUTE
    ../clib/armsys.c                         0x00000000   Number         0  argv_veneer.o ABSOLUTE
    ../clib/armsys.c                         0x00000000   Number         0  argv_veneer.o ABSOLUTE
    ../clib/armsys.c                         0x00000000   Number         0  _get_argv_nomalloc.o ABSOLUTE
    ../clib/armsys.c                         0x00000000   Number         0  no_argv.o ABSOLUTE
    ../clib/fenv.c                           0x00000000   Number         0  _rserrno.o ABSOLUTE
    ../clib/heapalloc.c                      0x00000000   Number         0  hrguard.o ABSOLUTE
    ../clib/heapaux.c                        0x00000000   Number         0  heapauxi.o ABSOLUTE
    ../clib/libinit.s                        0x00000000   Number         0  libinit.o ABSOLUTE
    ../clib/libinit.s                        0x00000000   Number         0  libinit2.o ABSOLUTE
    ../clib/libinit.s                        0x00000000   Number         0  libshutdown.o ABSOLUTE
    ../clib/libinit.s                        0x00000000   Number         0  libshutdown2.o ABSOLUTE
    ../clib/memcpset.s                       0x00000000   Number         0  rt_memcpy_w.o ABSOLUTE
    ../clib/memcpset.s                       0x00000000   Number         0  rt_memclr.o ABSOLUTE
    ../clib/memcpset.s                       0x00000000   Number         0  rt_memclr_w.o ABSOLUTE
    ../clib/printf.c                         0x00000000   Number         0  __printf_nopercent.o ABSOLUTE
    ../clib/printf.c                         0x00000000   Number         0  _printf_char_file.o ABSOLUTE
    ../clib/printf.c                         0x00000000   Number         0  noretval__2printf.o ABSOLUTE
    ../clib/printf.c                         0x00000000   Number         0  _printf_char_common.o ABSOLUTE
    ../clib/printf.c                         0x00000000   Number         0  __2printf.o ABSOLUTE
    ../clib/signal.c                         0x00000000   Number         0  defsig_abrt_inner.o ABSOLUTE
    ../clib/signal.c                         0x00000000   Number         0  defsig_exit.o ABSOLUTE
    ../clib/signal.c                         0x00000000   Number         0  defsig_rtmem_outer.o ABSOLUTE
    ../clib/signal.c                         0x00000000   Number         0  defsig_rtmem_formal.o ABSOLUTE
    ../clib/signal.c                         0x00000000   Number         0  defsig_rtmem_inner.o ABSOLUTE
    ../clib/signal.c                         0x00000000   Number         0  __raise.o ABSOLUTE
    ../clib/signal.c                         0x00000000   Number         0  defsig_other.o ABSOLUTE
    ../clib/signal.c                         0x00000000   Number         0  defsig_general.o ABSOLUTE
    ../clib/signal.c                         0x00000000   Number         0  defsig_segv_inner.o ABSOLUTE
    ../clib/signal.c                         0x00000000   Number         0  defsig_cppl_inner.o ABSOLUTE
    ../clib/signal.c                         0x00000000   Number         0  defsig_pvfn_inner.o ABSOLUTE
    ../clib/signal.c                         0x00000000   Number         0  defsig_stak_inner.o ABSOLUTE
    ../clib/signal.c                         0x00000000   Number         0  defsig_rtred_inner.o ABSOLUTE
    ../clib/signal.c                         0x00000000   Number         0  defsig_fpe_inner.o ABSOLUTE
    ../clib/signal.s                         0x00000000   Number         0  defsig.o ABSOLUTE
    ../clib/stdio.c                          0x00000000   Number         0  ferror_locked.o ABSOLUTE
    ../clib/stdio.c                          0x00000000   Number         0  ferror.o ABSOLUTE
    ../clib/stdlib.c                         0x00000000   Number         0  exit.o ABSOLUTE
    ../fplib/basic.s                         0x00000000   Number         0  basic.o ABSOLUTE
    ../fplib/daddsub.s                       0x00000000   Number         0  daddsub_clz.o ABSOLUTE
    ../fplib/dcmpi.s                         0x00000000   Number         0  dcmpi.o ABSOLUTE
    ../fplib/ddiv.s                          0x00000000   Number         0  ddiv.o ABSOLUTE
    ../fplib/dfix.s                          0x00000000   Number         0  dfix.o ABSOLUTE
    ../fplib/dfixu.s                         0x00000000   Number         0  dfixu.o ABSOLUTE
    ../fplib/dflt.s                          0x00000000   Number         0  dflt_clz.o ABSOLUTE
    ../fplib/dleqf.s                         0x00000000   Number         0  dleqf.o ABSOLUTE
    ../fplib/dmul.s                          0x00000000   Number         0  dmul.o ABSOLUTE
    ../fplib/dnaninf.s                       0x00000000   Number         0  dnaninf.o ABSOLUTE
    ../fplib/dretinf.s                       0x00000000   Number         0  dretinf.o ABSOLUTE
    ../fplib/drleqf.s                        0x00000000   Number         0  drleqf.o ABSOLUTE
    ../fplib/f2d.s                           0x00000000   Number         0  f2d.o ABSOLUTE
    ../fplib/fnaninf.s                       0x00000000   Number         0  fnaninf.o ABSOLUTE
    ../fplib/fpinit.s                        0x00000000   Number         0  fpinit.o ABSOLUTE
    ../fplib/usenofp.s                       0x00000000   Number         0  usenofp.o ABSOLUTE
    ../mathlib/cos.c                         0x00000000   Number         0  cos_x.o ABSOLUTE
    ../mathlib/cos.c                         0x00000000   Number         0  cos.o ABSOLUTE
    ../mathlib/cos_i.c                       0x00000000   Number         0  cos_i.o ABSOLUTE
    ../mathlib/dunder.c                      0x00000000   Number         0  dunder.o ABSOLUTE
    ../mathlib/fabs.c                        0x00000000   Number         0  fabs.o ABSOLUTE
    ../mathlib/fpclassify.c                  0x00000000   Number         0  fpclassify.o ABSOLUTE
    ../mathlib/poly.c                        0x00000000   Number         0  poly.o ABSOLUTE
    ../mathlib/rred.c                        0x00000000   Number         0  rred.o ABSOLUTE
    ../mathlib/sin.c                         0x00000000   Number         0  sin_x.o ABSOLUTE
    ../mathlib/sin.c                         0x00000000   Number         0  sin.o ABSOLUTE
    ../mathlib/sin_i.c                       0x00000000   Number         0  sin_i_x.o ABSOLUTE
    ../mathlib/sin_i.c                       0x00000000   Number         0  sin_i.o ABSOLUTE
    ..\HARDWARE\DMA\dma.c                    0x00000000   Number         0  dma.o ABSOLUTE
    ..\HARDWARE\EXTI\exti.c                  0x00000000   Number         0  exti.o ABSOLUTE
    ..\HARDWARE\OV7670\ov7670.c              0x00000000   Number         0  ov7670.o ABSOLUTE
    ..\HARDWARE\OV7670\sccb.c                0x00000000   Number         0  sccb.o ABSOLUTE
    ..\HARDWARE\Picture\Pic_Process.c        0x00000000   Number         0  pic_process.o ABSOLUTE
    ..\HARDWARE\TIMER\timer.c                0x00000000   Number         0  timer.o ABSOLUTE
    ..\SYSTEM\delay\delay.c                  0x00000000   Number         0  delay.o ABSOLUTE
    ..\SYSTEM\sys\sys.c                      0x00000000   Number         0  sys.o ABSOLUTE
    ..\SYSTEM\usart\usart.c                  0x00000000   Number         0  usart.o ABSOLUTE
    ..\\HARDWARE\\DMA\\dma.c                 0x00000000   Number         0  dma.o ABSOLUTE
    ..\\HARDWARE\\EXTI\\exti.c               0x00000000   Number         0  exti.o ABSOLUTE
    ..\\HARDWARE\\OV7670\\ov7670.c           0x00000000   Number         0  ov7670.o ABSOLUTE
    ..\\HARDWARE\\OV7670\\sccb.c             0x00000000   Number         0  sccb.o ABSOLUTE
    ..\\HARDWARE\\Picture\\Pic_Process.c     0x00000000   Number         0  pic_process.o ABSOLUTE
    ..\\HARDWARE\\TIMER\\timer.c             0x00000000   Number         0  timer.o ABSOLUTE
    ..\\SYSTEM\\delay\\delay.c               0x00000000   Number         0  delay.o ABSOLUTE
    ..\\SYSTEM\\sys\\sys.c                   0x00000000   Number         0  sys.o ABSOLUTE
    ..\\SYSTEM\\usart\\usart.c               0x00000000   Number         0  usart.o ABSOLUTE
    dc.s                                     0x00000000   Number         0  dc.o ABSOLUTE
    gpio.c                                   0x00000000   Number         0  gpio.o ABSOLUTE
    gpio.c                                   0x00000000   Number         0  gpio.o ABSOLUTE
    main.c                                   0x00000000   Number         0  main.o ABSOLUTE
    main.c                                   0x00000000   Number         0  main.o ABSOLUTE
    startup_stm32f40_41xxx.s                 0x00000000   Number         0  startup_stm32f40_41xxx.o ABSOLUTE
    RESET                                    0x08000000   Section      392  startup_stm32f40_41xxx.o(RESET)
    !!!main                                  0x08000188   Section        8  __main.o(!!!main)
    !!!scatter                               0x08000190   Section       52  __scatter.o(!!!scatter)
    !!handler_copy                           0x080001c4   Section       26  __scatter_copy.o(!!handler_copy)
    !!handler_zi                             0x080001e0   Section       28  __scatter_zi.o(!!handler_zi)
    .ARM.Collect$$libinit$$00000000          0x080001fc   Section        2  libinit.o(.ARM.Collect$$libinit$$00000000)
    .ARM.Collect$$libinit$$00000001          0x080001fe   Section        4  libinit2.o(.ARM.Collect$$libinit$$00000001)
    .ARM.Collect$$libinit$$00000004          0x08000202   Section        0  libinit2.o(.ARM.Collect$$libinit$$00000004)
    .ARM.Collect$$libinit$$0000000A          0x08000202   Section        0  libinit2.o(.ARM.Collect$$libinit$$0000000A)
    .ARM.Collect$$libinit$$0000000C          0x08000202   Section        0  libinit2.o(.ARM.Collect$$libinit$$0000000C)
    .ARM.Collect$$libinit$$0000000E          0x08000202   Section        0  libinit2.o(.ARM.Collect$$libinit$$0000000E)
    .ARM.Collect$$libinit$$00000011          0x08000202   Section        0  libinit2.o(.ARM.Collect$$libinit$$00000011)
    .ARM.Collect$$libinit$$00000013          0x08000202   Section        0  libinit2.o(.ARM.Collect$$libinit$$00000013)
    .ARM.Collect$$libinit$$00000015          0x08000202   Section        0  libinit2.o(.ARM.Collect$$libinit$$00000015)
    .ARM.Collect$$libinit$$00000017          0x08000202   Section        0  libinit2.o(.ARM.Collect$$libinit$$00000017)
    .ARM.Collect$$libinit$$00000019          0x08000202   Section        0  libinit2.o(.ARM.Collect$$libinit$$00000019)
    .ARM.Collect$$libinit$$0000001B          0x08000202   Section        0  libinit2.o(.ARM.Collect$$libinit$$0000001B)
    .ARM.Collect$$libinit$$0000001D          0x08000202   Section        0  libinit2.o(.ARM.Collect$$libinit$$0000001D)
    .ARM.Collect$$libinit$$0000001F          0x08000202   Section        0  libinit2.o(.ARM.Collect$$libinit$$0000001F)
    .ARM.Collect$$libinit$$00000021          0x08000202   Section        0  libinit2.o(.ARM.Collect$$libinit$$00000021)
    .ARM.Collect$$libinit$$00000023          0x08000202   Section        0  libinit2.o(.ARM.Collect$$libinit$$00000023)
    .ARM.Collect$$libinit$$00000025          0x08000202   Section        0  libinit2.o(.ARM.Collect$$libinit$$00000025)
    .ARM.Collect$$libinit$$0000002C          0x08000202   Section        0  libinit2.o(.ARM.Collect$$libinit$$0000002C)
    .ARM.Collect$$libinit$$0000002E          0x08000202   Section        0  libinit2.o(.ARM.Collect$$libinit$$0000002E)
    .ARM.Collect$$libinit$$00000030          0x08000202   Section        0  libinit2.o(.ARM.Collect$$libinit$$00000030)
    .ARM.Collect$$libinit$$00000032          0x08000202   Section        0  libinit2.o(.ARM.Collect$$libinit$$00000032)
    .ARM.Collect$$libinit$$00000033          0x08000202   Section        2  libinit2.o(.ARM.Collect$$libinit$$00000033)
    .ARM.Collect$$libshutdown$$00000000      0x08000204   Section        2  libshutdown.o(.ARM.Collect$$libshutdown$$00000000)
    .ARM.Collect$$libshutdown$$00000003      0x08000206   Section        0  libshutdown2.o(.ARM.Collect$$libshutdown$$00000003)
    .ARM.Collect$$libshutdown$$00000006      0x08000206   Section        0  libshutdown2.o(.ARM.Collect$$libshutdown$$00000006)
    .ARM.Collect$$libshutdown$$00000009      0x08000206   Section        0  libshutdown2.o(.ARM.Collect$$libshutdown$$00000009)
    .ARM.Collect$$libshutdown$$0000000B      0x08000206   Section        0  libshutdown2.o(.ARM.Collect$$libshutdown$$0000000B)
    .ARM.Collect$$libshutdown$$0000000E      0x08000206   Section        0  libshutdown2.o(.ARM.Collect$$libshutdown$$0000000E)
    .ARM.Collect$$libshutdown$$0000000F      0x08000206   Section        2  libshutdown2.o(.ARM.Collect$$libshutdown$$0000000F)
    .ARM.Collect$$rtentry$$00000000          0x08000208   Section        0  __rtentry.o(.ARM.Collect$$rtentry$$00000000)
    .ARM.Collect$$rtentry$$00000002          0x08000208   Section        0  __rtentry2.o(.ARM.Collect$$rtentry$$00000002)
    .ARM.Collect$$rtentry$$00000004          0x08000208   Section        6  __rtentry4.o(.ARM.Collect$$rtentry$$00000004)
    .ARM.Collect$$rtentry$$00000009          0x0800020e   Section        0  __rtentry2.o(.ARM.Collect$$rtentry$$00000009)
    .ARM.Collect$$rtentry$$0000000A          0x0800020e   Section        4  __rtentry2.o(.ARM.Collect$$rtentry$$0000000A)
    .ARM.Collect$$rtentry$$0000000C          0x08000212   Section        0  __rtentry2.o(.ARM.Collect$$rtentry$$0000000C)
    .ARM.Collect$$rtentry$$0000000D          0x08000212   Section        8  __rtentry2.o(.ARM.Collect$$rtentry$$0000000D)
    .ARM.Collect$$rtexit$$00000000           0x0800021a   Section        2  rtexit.o(.ARM.Collect$$rtexit$$00000000)
    .ARM.Collect$$rtexit$$00000002           0x0800021c   Section        0  rtexit2.o(.ARM.Collect$$rtexit$$00000002)
    .ARM.Collect$$rtexit$$00000003           0x0800021c   Section        4  rtexit2.o(.ARM.Collect$$rtexit$$00000003)
    .ARM.Collect$$rtexit$$00000004           0x08000220   Section        6  rtexit2.o(.ARM.Collect$$rtexit$$00000004)
    .text                                    0x08000228   Section       68  startup_stm32f40_41xxx.o(.text)
    $v0                                      0x08000228   Number         0  startup_stm32f40_41xxx.o(.text)
    .text                                    0x0800026c   Section        0  main.o(.text)
    .text                                    0x08000458   Section        0  pic_process.o(.text)
    .text                                    0x08002b24   Section        0  delay.o(.text)
    .text                                    0x08002c0c   Section        0  sys.o(.text)
    .text                                    0x08003070   Section        0  usart.o(.text)
    .text                                    0x080031b0   Section        0  ov7670.o(.text)
    .text                                    0x0800352c   Section        0  sccb.o(.text)
    .text                                    0x0800379c   Section        0  timer.o(.text)
    .text                                    0x08003da8   Section        0  exti.o(.text)
    .text                                    0x08003ef0   Section        0  dma.o(.text)
    .text                                    0x08004038   Section        0  gpio.o(.text)
    .text                                    0x0800419c   Section        2  use_no_semi_2.o(.text)
    .text                                    0x080041a0   Section        0  noretval__2printf.o(.text)
    .text                                    0x080041b8   Section      100  rt_memcpy_w.o(.text)
    .text                                    0x0800421c   Section       68  rt_memclr.o(.text)
    .text                                    0x08004260   Section       78  rt_memclr_w.o(.text)
    .text                                    0x080042ae   Section        0  heapauxi.o(.text)
    .text                                    0x080042b4   Section        2  use_no_semi.o(.text)
    .text                                    0x080042b6   Section        0  _rserrno.o(.text)
    .text                                    0x080042cc   Section        0  _printf_char_file.o(.text)
    .text                                    0x080042f0   Section        8  rt_errno_addr_intlibspace.o(.text)
    .text                                    0x080042f8   Section        0  _printf_char_common.o(.text)
    _printf_input_char                       0x080042f9   Thumb Code    10  _printf_char_common.o(.text)
    .text                                    0x08004328   Section        0  ferror.o(.text)
    .text                                    0x08004330   Section        8  libspace.o(.text)
    .text                                    0x08004338   Section       74  sys_stackheap_outer.o(.text)
    .text                                    0x08004382   Section        0  __printf_nopercent.o(.text)
    .text                                    0x080043aa   Section        0  exit.o(.text)
    i.__ARM_fpclassify                       0x080043b6   Section        0  fpclassify.o(i.__ARM_fpclassify)
    i.__hardfp_cos                           0x080043e8   Section        0  cos.o(i.__hardfp_cos)
    i.__hardfp_sin                           0x080044b0   Section        0  sin.o(i.__hardfp_sin)
    i.__ieee754_rem_pio2                     0x08004578   Section        0  rred.o(i.__ieee754_rem_pio2)
    i.__kernel_cos                           0x080049b0   Section        0  cos_i.o(i.__kernel_cos)
    i.__kernel_poly                          0x08004b20   Section        0  poly.o(i.__kernel_poly)
    i.__kernel_sin                           0x08004c18   Section        0  sin_i.o(i.__kernel_sin)
    i.__mathlib_dbl_infnan                   0x08004d48   Section        0  dunder.o(i.__mathlib_dbl_infnan)
    i.__mathlib_dbl_invalid                  0x08004d60   Section        0  dunder.o(i.__mathlib_dbl_invalid)
    i.__mathlib_dbl_underflow                0x08004d80   Section        0  dunder.o(i.__mathlib_dbl_underflow)
    i.fabs                                   0x08004da0   Section        0  fabs.o(i.fabs)
    x$fpl$basic                              0x08004db8   Section       24  basic.o(x$fpl$basic)
    $v0                                      0x08004db8   Number         0  basic.o(x$fpl$basic)
    x$fpl$dadd                               0x08004dd0   Section      336  daddsub_clz.o(x$fpl$dadd)
    $v0                                      0x08004dd0   Number         0  daddsub_clz.o(x$fpl$dadd)
    _dadd1                                   0x08004de1   Thumb Code     0  daddsub_clz.o(x$fpl$dadd)
    x$fpl$dcmpinf                            0x08004f20   Section       24  dcmpi.o(x$fpl$dcmpinf)
    $v0                                      0x08004f20   Number         0  dcmpi.o(x$fpl$dcmpinf)
    x$fpl$ddiv                               0x08004f38   Section      688  ddiv.o(x$fpl$ddiv)
    $v0                                      0x08004f38   Number         0  ddiv.o(x$fpl$ddiv)
    ddiv_entry                               0x08004f3f   Thumb Code     0  ddiv.o(x$fpl$ddiv)
    x$fpl$dfix                               0x080051e8   Section       94  dfix.o(x$fpl$dfix)
    $v0                                      0x080051e8   Number         0  dfix.o(x$fpl$dfix)
    x$fpl$dfixu                              0x08005248   Section       90  dfixu.o(x$fpl$dfixu)
    $v0                                      0x08005248   Number         0  dfixu.o(x$fpl$dfixu)
    x$fpl$dflt                               0x080052a2   Section       46  dflt_clz.o(x$fpl$dflt)
    $v0                                      0x080052a2   Number         0  dflt_clz.o(x$fpl$dflt)
    x$fpl$dfltu                              0x080052d0   Section       38  dflt_clz.o(x$fpl$dfltu)
    $v0                                      0x080052d0   Number         0  dflt_clz.o(x$fpl$dfltu)
    x$fpl$dleqf                              0x080052f8   Section      120  dleqf.o(x$fpl$dleqf)
    $v0                                      0x080052f8   Number         0  dleqf.o(x$fpl$dleqf)
    x$fpl$dmul                               0x08005370   Section      340  dmul.o(x$fpl$dmul)
    $v0                                      0x08005370   Number         0  dmul.o(x$fpl$dmul)
    x$fpl$dnaninf                            0x080054c4   Section      156  dnaninf.o(x$fpl$dnaninf)
    $v0                                      0x080054c4   Number         0  dnaninf.o(x$fpl$dnaninf)
    x$fpl$dretinf                            0x08005560   Section       12  dretinf.o(x$fpl$dretinf)
    $v0                                      0x08005560   Number         0  dretinf.o(x$fpl$dretinf)
    x$fpl$drleqf                             0x0800556c   Section      108  drleqf.o(x$fpl$drleqf)
    $v0                                      0x0800556c   Number         0  drleqf.o(x$fpl$drleqf)
    x$fpl$drsb                               0x080055d8   Section       22  daddsub_clz.o(x$fpl$drsb)
    $v0                                      0x080055d8   Number         0  daddsub_clz.o(x$fpl$drsb)
    x$fpl$dsub                               0x080055f0   Section      468  daddsub_clz.o(x$fpl$dsub)
    $v0                                      0x080055f0   Number         0  daddsub_clz.o(x$fpl$dsub)
    _dsub1                                   0x08005601   Thumb Code     0  daddsub_clz.o(x$fpl$dsub)
    x$fpl$f2d                                0x080057c4   Section       86  f2d.o(x$fpl$f2d)
    $v0                                      0x080057c4   Number         0  f2d.o(x$fpl$f2d)
    x$fpl$fnaninf                            0x0800581a   Section      140  fnaninf.o(x$fpl$fnaninf)
    $v0                                      0x0800581a   Number         0  fnaninf.o(x$fpl$fnaninf)
    x$fpl$fpinit                             0x080058a6   Section       10  fpinit.o(x$fpl$fpinit)
    $v0                                      0x080058a6   Number         0  fpinit.o(x$fpl$fpinit)
    .constdata                               0x080058b0   Section      578  ov7670.o(.constdata)
    x$fpl$usenofp                            0x080058b0   Section        0  usenofp.o(x$fpl$usenofp)
    .constdata                               0x08005af8   Section       48  cos_i.o(.constdata)
    C                                        0x08005af8   Data          48  cos_i.o(.constdata)
    .constdata                               0x08005b28   Section      200  rred.o(.constdata)
    pio2s                                    0x08005b28   Data          48  rred.o(.constdata)
    twooverpi                                0x08005b58   Data         152  rred.o(.constdata)
    .constdata                               0x08005bf0   Section       40  sin_i.o(.constdata)
    S                                        0x08005bf0   Data          40  sin_i.o(.constdata)
    .data                                    0x20000000   Section        4  main.o(.data)
    .data                                    0x20000004   Section       29  pic_process.o(.data)
    .data                                    0x20000022   Section        4  delay.o(.data)
    fac_us                                   0x20000022   Data           1  delay.o(.data)
    fac_ms                                   0x20000024   Data           2  delay.o(.data)
    .data                                    0x20000028   Section        6  usart.o(.data)
    .data                                    0x2000002e   Section       12  timer.o(.data)
    .data                                    0x2000003c   Section       20  exti.o(.data)
    .bss                                     0x20000050   Section    78640  pic_process.o(.bss)
    .bss                                     0x20013380   Section       96  libspace.o(.bss)
    HEAP                                     0x200133e0   Section        0  startup_stm32f40_41xxx.o(HEAP)
    STACK                                    0x200133e0   Section     1024  startup_stm32f40_41xxx.o(STACK)
    Heap_Mem                                 0x200133e0   Data           0  startup_stm32f40_41xxx.o(HEAP)
    Stack_Mem                                0x200133e0   Data        1024  startup_stm32f40_41xxx.o(STACK)
    __initial_sp                             0x200137e0   Data           0  startup_stm32f40_41xxx.o(STACK)

    Global Symbols

    Symbol Name                              Value     Ov Type        Size  Object(Section)

    BuildAttributes$$THM_ISAv4$E$P$D$K$B$S$7EM$VFPi3$EXTD16$VFPS$VFMA$PE$A:L22UL41UL21$X:L11$S22US41US21$IEEE1$IW$USESV6$~STKCKD$USESV7$~SHL$OTIME$ROPI$IEEEX$EBA8$UX$STANDARDLIB$REQ8$PRES8$EABIv2 0x00000000   Number         0  anon$$obj.o ABSOLUTE
    __ARM_use_no_argv                        0x00000000   Number         0  main.o ABSOLUTE
    __ARM_exceptions_init                     - Undefined Weak Reference
    __alloca_initialize                       - Undefined Weak Reference
    __arm_preinit_                            - Undefined Weak Reference
    __cpp_initialize__aeabi_                  - Undefined Weak Reference
    __cxa_finalize                            - Undefined Weak Reference
    __rt_locale                               - Undefined Weak Reference
    __sigvec_lookup                           - Undefined Weak Reference
    _atexit_init                              - Undefined Weak Reference
    _call_atexit_fns                          - Undefined Weak Reference
    _clock_init                               - Undefined Weak Reference
    _fp_trap_init                             - Undefined Weak Reference
    _fp_trap_shutdown                         - Undefined Weak Reference
    _get_lc_collate                           - Undefined Weak Reference
    _get_lc_ctype                             - Undefined Weak Reference
    _get_lc_monetary                          - Undefined Weak Reference
    _get_lc_numeric                           - Undefined Weak Reference
    _get_lc_time                              - Undefined Weak Reference
    _getenv_init                              - Undefined Weak Reference
    _handle_redirection                       - Undefined Weak Reference
    _init_alloc                               - Undefined Weak Reference
    _init_user_alloc                          - Undefined Weak Reference
    _initio                                   - Undefined Weak Reference
    _mutex_acquire                            - Undefined Weak Reference
    _mutex_release                            - Undefined Weak Reference
    _rand_init                                - Undefined Weak Reference
    _signal_finish                            - Undefined Weak Reference
    _signal_init                              - Undefined Weak Reference
    _terminate_alloc                          - Undefined Weak Reference
    _terminate_user_alloc                     - Undefined Weak Reference
    _terminateio                              - Undefined Weak Reference
    __Vectors_Size                           0x00000188   Number         0  startup_stm32f40_41xxx.o ABSOLUTE
    __Vectors                                0x08000000   Data           4  startup_stm32f40_41xxx.o(RESET)
    __Vectors_End                            0x08000188   Data           0  startup_stm32f40_41xxx.o(RESET)
    __main                                   0x08000189   Thumb Code     8  __main.o(!!!main)
    __scatterload                            0x08000191   Thumb Code     0  __scatter.o(!!!scatter)
    __scatterload_rt2                        0x08000191   Thumb Code    44  __scatter.o(!!!scatter)
    __scatterload_rt2_thumb_only             0x08000191   Thumb Code     0  __scatter.o(!!!scatter)
    __scatterload_null                       0x0800019f   Thumb Code     0  __scatter.o(!!!scatter)
    __scatterload_copy                       0x080001c5   Thumb Code    26  __scatter_copy.o(!!handler_copy)
    __scatterload_zeroinit                   0x080001e1   Thumb Code    28  __scatter_zi.o(!!handler_zi)
    __rt_lib_init                            0x080001fd   Thumb Code     0  libinit.o(.ARM.Collect$$libinit$$00000000)
    __rt_lib_init_fp_1                       0x080001ff   Thumb Code     0  libinit2.o(.ARM.Collect$$libinit$$00000001)
    __rt_lib_init_alloca_1                   0x08000203   Thumb Code     0  libinit2.o(.ARM.Collect$$libinit$$0000002E)
    __rt_lib_init_argv_1                     0x08000203   Thumb Code     0  libinit2.o(.ARM.Collect$$libinit$$0000002C)
    __rt_lib_init_atexit_1                   0x08000203   Thumb Code     0  libinit2.o(.ARM.Collect$$libinit$$0000001B)
    __rt_lib_init_clock_1                    0x08000203   Thumb Code     0  libinit2.o(.ARM.Collect$$libinit$$00000021)
    __rt_lib_init_cpp_1                      0x08000203   Thumb Code     0  libinit2.o(.ARM.Collect$$libinit$$00000032)
    __rt_lib_init_exceptions_1               0x08000203   Thumb Code     0  libinit2.o(.ARM.Collect$$libinit$$00000030)
    __rt_lib_init_fp_trap_1                  0x08000203   Thumb Code     0  libinit2.o(.ARM.Collect$$libinit$$0000001F)
    __rt_lib_init_getenv_1                   0x08000203   Thumb Code     0  libinit2.o(.ARM.Collect$$libinit$$00000023)
    __rt_lib_init_heap_1                     0x08000203   Thumb Code     0  libinit2.o(.ARM.Collect$$libinit$$0000000A)
    __rt_lib_init_lc_collate_1               0x08000203   Thumb Code     0  libinit2.o(.ARM.Collect$$libinit$$00000011)
    __rt_lib_init_lc_ctype_1                 0x08000203   Thumb Code     0  libinit2.o(.ARM.Collect$$libinit$$00000013)
    __rt_lib_init_lc_monetary_1              0x08000203   Thumb Code     0  libinit2.o(.ARM.Collect$$libinit$$00000015)
    __rt_lib_init_lc_numeric_1               0x08000203   Thumb Code     0  libinit2.o(.ARM.Collect$$libinit$$00000017)
    __rt_lib_init_lc_time_1                  0x08000203   Thumb Code     0  libinit2.o(.ARM.Collect$$libinit$$00000019)
    __rt_lib_init_preinit_1                  0x08000203   Thumb Code     0  libinit2.o(.ARM.Collect$$libinit$$00000004)
    __rt_lib_init_rand_1                     0x08000203   Thumb Code     0  libinit2.o(.ARM.Collect$$libinit$$0000000E)
    __rt_lib_init_return                     0x08000203   Thumb Code     0  libinit2.o(.ARM.Collect$$libinit$$00000033)
    __rt_lib_init_signal_1                   0x08000203   Thumb Code     0  libinit2.o(.ARM.Collect$$libinit$$0000001D)
    __rt_lib_init_stdio_1                    0x08000203   Thumb Code     0  libinit2.o(.ARM.Collect$$libinit$$00000025)
    __rt_lib_init_user_alloc_1               0x08000203   Thumb Code     0  libinit2.o(.ARM.Collect$$libinit$$0000000C)
    __rt_lib_shutdown                        0x08000205   Thumb Code     0  libshutdown.o(.ARM.Collect$$libshutdown$$00000000)
    __rt_lib_shutdown_fp_trap_1              0x08000207   Thumb Code     0  libshutdown2.o(.ARM.Collect$$libshutdown$$00000006)
    __rt_lib_shutdown_heap_1                 0x08000207   Thumb Code     0  libshutdown2.o(.ARM.Collect$$libshutdown$$0000000E)
    __rt_lib_shutdown_return                 0x08000207   Thumb Code     0  libshutdown2.o(.ARM.Collect$$libshutdown$$0000000F)
    __rt_lib_shutdown_signal_1               0x08000207   Thumb Code     0  libshutdown2.o(.ARM.Collect$$libshutdown$$00000009)
    __rt_lib_shutdown_stdio_1                0x08000207   Thumb Code     0  libshutdown2.o(.ARM.Collect$$libshutdown$$00000003)
    __rt_lib_shutdown_user_alloc_1           0x08000207   Thumb Code     0  libshutdown2.o(.ARM.Collect$$libshutdown$$0000000B)
    __rt_entry                               0x08000209   Thumb Code     0  __rtentry.o(.ARM.Collect$$rtentry$$00000000)
    __rt_entry_presh_1                       0x08000209   Thumb Code     0  __rtentry2.o(.ARM.Collect$$rtentry$$00000002)
    __rt_entry_sh                            0x08000209   Thumb Code     0  __rtentry4.o(.ARM.Collect$$rtentry$$00000004)
    __rt_entry_li                            0x0800020f   Thumb Code     0  __rtentry2.o(.ARM.Collect$$rtentry$$0000000A)
    __rt_entry_postsh_1                      0x0800020f   Thumb Code     0  __rtentry2.o(.ARM.Collect$$rtentry$$00000009)
    __rt_entry_main                          0x08000213   Thumb Code     0  __rtentry2.o(.ARM.Collect$$rtentry$$0000000D)
    __rt_entry_postli_1                      0x08000213   Thumb Code     0  __rtentry2.o(.ARM.Collect$$rtentry$$0000000C)
    __rt_exit                                0x0800021b   Thumb Code     0  rtexit.o(.ARM.Collect$$rtexit$$00000000)
    __rt_exit_ls                             0x0800021d   Thumb Code     0  rtexit2.o(.ARM.Collect$$rtexit$$00000003)
    __rt_exit_prels_1                        0x0800021d   Thumb Code     0  rtexit2.o(.ARM.Collect$$rtexit$$00000002)
    __rt_exit_exit                           0x08000221   Thumb Code     0  rtexit2.o(.ARM.Collect$$rtexit$$00000004)
    Reset_Handler                            0x08000229   Thumb Code    14  startup_stm32f40_41xxx.o(.text)
    NMI_Handler                              0x08000237   Thumb Code     2  startup_stm32f40_41xxx.o(.text)
    HardFault_Handler                        0x08000239   Thumb Code     2  startup_stm32f40_41xxx.o(.text)
    MemManage_Handler                        0x0800023b   Thumb Code     2  startup_stm32f40_41xxx.o(.text)
    BusFault_Handler                         0x0800023d   Thumb Code     2  startup_stm32f40_41xxx.o(.text)
    UsageFault_Handler                       0x0800023f   Thumb Code     2  startup_stm32f40_41xxx.o(.text)
    SVC_Handler                              0x08000241   Thumb Code     2  startup_stm32f40_41xxx.o(.text)
    DebugMon_Handler                         0x08000243   Thumb Code     2  startup_stm32f40_41xxx.o(.text)
    PendSV_Handler                           0x08000245   Thumb Code     2  startup_stm32f40_41xxx.o(.text)
    SysTick_Handler                          0x08000247   Thumb Code     2  startup_stm32f40_41xxx.o(.text)
    ADC_IRQHandler                           0x08000249   Thumb Code     0  startup_stm32f40_41xxx.o(.text)
    CAN1_RX0_IRQHandler                      0x08000249   Thumb Code     0  startup_stm32f40_41xxx.o(.text)
    CAN1_RX1_IRQHandler                      0x08000249   Thumb Code     0  startup_stm32f40_41xxx.o(.text)
    CAN1_SCE_IRQHandler                      0x08000249   Thumb Code     0  startup_stm32f40_41xxx.o(.text)
    CAN1_TX_IRQHandler                       0x08000249   Thumb Code     0  startup_stm32f40_41xxx.o(.text)
    CAN2_RX0_IRQHandler                      0x08000249   Thumb Code     0  startup_stm32f40_41xxx.o(.text)
    CAN2_RX1_IRQHandler                      0x08000249   Thumb Code     0  startup_stm32f40_41xxx.o(.text)
    CAN2_SCE_IRQHandler                      0x08000249   Thumb Code     0  startup_stm32f40_41xxx.o(.text)
    CAN2_TX_IRQHandler                       0x08000249   Thumb Code     0  startup_stm32f40_41xxx.o(.text)
    CRYP_IRQHandler                          0x08000249   Thumb Code     0  startup_stm32f40_41xxx.o(.text)
    DCMI_IRQHandler                          0x08000249   Thumb Code     0  startup_stm32f40_41xxx.o(.text)
    DMA1_Stream0_IRQHandler                  0x08000249   Thumb Code     0  startup_stm32f40_41xxx.o(.text)
    DMA1_Stream1_IRQHandler                  0x08000249   Thumb Code     0  startup_stm32f40_41xxx.o(.text)
    DMA1_Stream2_IRQHandler                  0x08000249   Thumb Code     0  startup_stm32f40_41xxx.o(.text)
    DMA1_Stream3_IRQHandler                  0x08000249   Thumb Code     0  startup_stm32f40_41xxx.o(.text)
    DMA1_Stream4_IRQHandler                  0x08000249   Thumb Code     0  startup_stm32f40_41xxx.o(.text)
    DMA1_Stream5_IRQHandler                  0x08000249   Thumb Code     0  startup_stm32f40_41xxx.o(.text)
    DMA1_Stream6_IRQHandler                  0x08000249   Thumb Code     0  startup_stm32f40_41xxx.o(.text)
    DMA1_Stream7_IRQHandler                  0x08000249   Thumb Code     0  startup_stm32f40_41xxx.o(.text)
    DMA2_Stream0_IRQHandler                  0x08000249   Thumb Code     0  startup_stm32f40_41xxx.o(.text)
    DMA2_Stream1_IRQHandler                  0x08000249   Thumb Code     0  startup_stm32f40_41xxx.o(.text)
    DMA2_Stream2_IRQHandler                  0x08000249   Thumb Code     0  startup_stm32f40_41xxx.o(.text)
    DMA2_Stream3_IRQHandler                  0x08000249   Thumb Code     0  startup_stm32f40_41xxx.o(.text)
    DMA2_Stream4_IRQHandler                  0x08000249   Thumb Code     0  startup_stm32f40_41xxx.o(.text)
    DMA2_Stream5_IRQHandler                  0x08000249   Thumb Code     0  startup_stm32f40_41xxx.o(.text)
    DMA2_Stream6_IRQHandler                  0x08000249   Thumb Code     0  startup_stm32f40_41xxx.o(.text)
    DMA2_Stream7_IRQHandler                  0x08000249   Thumb Code     0  startup_stm32f40_41xxx.o(.text)
    ETH_IRQHandler                           0x08000249   Thumb Code     0  startup_stm32f40_41xxx.o(.text)
    ETH_WKUP_IRQHandler                      0x08000249   Thumb Code     0  startup_stm32f40_41xxx.o(.text)
    EXTI0_IRQHandler                         0x08000249   Thumb Code     0  startup_stm32f40_41xxx.o(.text)
    EXTI15_10_IRQHandler                     0x08000249   Thumb Code     0  startup_stm32f40_41xxx.o(.text)
    EXTI1_IRQHandler                         0x08000249   Thumb Code     0  startup_stm32f40_41xxx.o(.text)
    EXTI2_IRQHandler                         0x08000249   Thumb Code     0  startup_stm32f40_41xxx.o(.text)
    EXTI4_IRQHandler                         0x08000249   Thumb Code     0  startup_stm32f40_41xxx.o(.text)
    FLASH_IRQHandler                         0x08000249   Thumb Code     0  startup_stm32f40_41xxx.o(.text)
    FPU_IRQHandler                           0x08000249   Thumb Code     0  startup_stm32f40_41xxx.o(.text)
    FSMC_IRQHandler                          0x08000249   Thumb Code     0  startup_stm32f40_41xxx.o(.text)
    HASH_RNG_IRQHandler                      0x08000249   Thumb Code     0  startup_stm32f40_41xxx.o(.text)
    I2C1_ER_IRQHandler                       0x08000249   Thumb Code     0  startup_stm32f40_41xxx.o(.text)
    I2C1_EV_IRQHandler                       0x08000249   Thumb Code     0  startup_stm32f40_41xxx.o(.text)
    I2C2_ER_IRQHandler                       0x08000249   Thumb Code     0  startup_stm32f40_41xxx.o(.text)
    I2C2_EV_IRQHandler                       0x08000249   Thumb Code     0  startup_stm32f40_41xxx.o(.text)
    I2C3_ER_IRQHandler                       0x08000249   Thumb Code     0  startup_stm32f40_41xxx.o(.text)
    I2C3_EV_IRQHandler                       0x08000249   Thumb Code     0  startup_stm32f40_41xxx.o(.text)
    OTG_FS_IRQHandler                        0x08000249   Thumb Code     0  startup_stm32f40_41xxx.o(.text)
    OTG_FS_WKUP_IRQHandler                   0x08000249   Thumb Code     0  startup_stm32f40_41xxx.o(.text)
    OTG_HS_EP1_IN_IRQHandler                 0x08000249   Thumb Code     0  startup_stm32f40_41xxx.o(.text)
    OTG_HS_EP1_OUT_IRQHandler                0x08000249   Thumb Code     0  startup_stm32f40_41xxx.o(.text)
    OTG_HS_IRQHandler                        0x08000249   Thumb Code     0  startup_stm32f40_41xxx.o(.text)
    OTG_HS_WKUP_IRQHandler                   0x08000249   Thumb Code     0  startup_stm32f40_41xxx.o(.text)
    PVD_IRQHandler                           0x08000249   Thumb Code     0  startup_stm32f40_41xxx.o(.text)
    RCC_IRQHandler                           0x08000249   Thumb Code     0  startup_stm32f40_41xxx.o(.text)
    RTC_Alarm_IRQHandler                     0x08000249   Thumb Code     0  startup_stm32f40_41xxx.o(.text)
    RTC_WKUP_IRQHandler                      0x08000249   Thumb Code     0  startup_stm32f40_41xxx.o(.text)
    SDIO_IRQHandler                          0x08000249   Thumb Code     0  startup_stm32f40_41xxx.o(.text)
    SPI1_IRQHandler                          0x08000249   Thumb Code     0  startup_stm32f40_41xxx.o(.text)
    SPI2_IRQHandler                          0x08000249   Thumb Code     0  startup_stm32f40_41xxx.o(.text)
    SPI3_IRQHandler                          0x08000249   Thumb Code     0  startup_stm32f40_41xxx.o(.text)
    TAMP_STAMP_IRQHandler                    0x08000249   Thumb Code     0  startup_stm32f40_41xxx.o(.text)
    TIM1_BRK_TIM9_IRQHandler                 0x08000249   Thumb Code     0  startup_stm32f40_41xxx.o(.text)
    TIM1_CC_IRQHandler                       0x08000249   Thumb Code     0  startup_stm32f40_41xxx.o(.text)
    TIM1_TRG_COM_TIM11_IRQHandler            0x08000249   Thumb Code     0  startup_stm32f40_41xxx.o(.text)
    TIM1_UP_TIM10_IRQHandler                 0x08000249   Thumb Code     0  startup_stm32f40_41xxx.o(.text)
    TIM6_DAC_IRQHandler                      0x08000249   Thumb Code     0  startup_stm32f40_41xxx.o(.text)
    TIM7_IRQHandler                          0x08000249   Thumb Code     0  startup_stm32f40_41xxx.o(.text)
    TIM8_BRK_TIM12_IRQHandler                0x08000249   Thumb Code     0  startup_stm32f40_41xxx.o(.text)
    TIM8_CC_IRQHandler                       0x08000249   Thumb Code     0  startup_stm32f40_41xxx.o(.text)
    TIM8_TRG_COM_TIM14_IRQHandler            0x08000249   Thumb Code     0  startup_stm32f40_41xxx.o(.text)
    TIM8_UP_TIM13_IRQHandler                 0x08000249   Thumb Code     0  startup_stm32f40_41xxx.o(.text)
    UART4_IRQHandler                         0x08000249   Thumb Code     0  startup_stm32f40_41xxx.o(.text)
    UART5_IRQHandler                         0x08000249   Thumb Code     0  startup_stm32f40_41xxx.o(.text)
    USART2_IRQHandler                        0x08000249   Thumb Code     0  startup_stm32f40_41xxx.o(.text)
    USART3_IRQHandler                        0x08000249   Thumb Code     0  startup_stm32f40_41xxx.o(.text)
    USART6_IRQHandler                        0x08000249   Thumb Code     0  startup_stm32f40_41xxx.o(.text)
    WWDG_IRQHandler                          0x08000249   Thumb Code     0  startup_stm32f40_41xxx.o(.text)
    __user_initial_stackheap                 0x0800024d   Thumb Code     0  startup_stm32f40_41xxx.o(.text)
    dynamic_check_Glass                      0x0800026d   Thumb Code    76  main.o(.text)
    glass_static_check                       0x080002b9   Thumb Code    76  main.o(.text)
    dynamic_check                            0x08000305   Thumb Code    76  main.o(.text)
    nonGlass_static_check                    0x08000351   Thumb Code    68  main.o(.text)
    main                                     0x08000395   Thumb Code   158  main.o(.text)
    cameraSysInit                            0x08000459   Thumb Code   142  pic_process.o(.text)
    EXTI3_ClearAndForbid                     0x080004e7   Thumb Code    44  pic_process.o(.text)
    CAMERA_Image_Cut_Compress_6080           0x08000513   Thumb Code   298  pic_process.o(.text)
    CAMERA_Image_Cut_Compress_6080_Background 0x0800063d   Thumb Code   316  pic_process.o(.text)
    Image_Histeq                             0x08000779   Thumb Code   634  pic_process.o(.text)
    creatYuzhi                               0x080009f3   Thumb Code   130  pic_process.o(.text)
    Image_Sobel                              0x08000a75   Thumb Code   370  pic_process.o(.text)
    Image_Sobel_Glass                        0x08000be7   Thumb Code   418  pic_process.o(.text)
    Image_Sobel_Background                   0x08000d89   Thumb Code   356  pic_process.o(.text)
    Image_Sub_Background                     0x08000eed   Thumb Code    54  pic_process.o(.text)
    creatYuzhi_After                         0x08000f23   Thumb Code   250  pic_process.o(.text)
    Sobel_After                              0x0800101d   Thumb Code   578  pic_process.o(.text)
    Sobel_After_Glass                        0x0800125f   Thumb Code   540  pic_process.o(.text)
    creatYuzhi_Glass                         0x0800147b   Thumb Code   118  pic_process.o(.text)
    eraseHorizon                             0x080014f1   Thumb Code   176  pic_process.o(.text)
    HoughHelper                              0x080015a1   Thumb Code   366  pic_process.o(.text)
    Hough                                    0x0800170f   Thumb Code   152  pic_process.o(.text)
    HoughAfterHelper                         0x080017a7   Thumb Code   456  pic_process.o(.text)
    HoughAfter                               0x0800196f   Thumb Code   284  pic_process.o(.text)
    send_Image                               0x08001a8b   Thumb Code   186  pic_process.o(.text)
    Image_Send                               0x08001b45   Thumb Code    38  pic_process.o(.text)
    Image_Send_Dynamic                       0x08001b6b   Thumb Code    30  pic_process.o(.text)
    Image_Send_After_Static                  0x08001b89   Thumb Code    40  pic_process.o(.text)
    water_Level_Helper                       0x08001bb1   Thumb Code   346  pic_process.o(.text)
    Water_Level_Static                       0x08001d0b   Thumb Code   376  pic_process.o(.text)
    Glass_Water_Level_Static                 0x08001e83   Thumb Code   308  pic_process.o(.text)
    Water_Level_Dynamic                      0x08001fb7   Thumb Code    94  pic_process.o(.text)
    Glass_Water_Level_Dynamic                0x08002015   Thumb Code    94  pic_process.o(.text)
    OPTATest                                 0x08002073   Thumb Code  1320  pic_process.o(.text)
    OPTA                                     0x0800259b   Thumb Code  1370  pic_process.o(.text)
    clearPic                                 0x08002af5   Thumb Code    38  pic_process.o(.text)
    delay_init                               0x08002b25   Thumb Code    56  delay.o(.text)
    delay_us                                 0x08002b5d   Thumb Code    56  delay.o(.text)
    delay_xms                                0x08002b95   Thumb Code    56  delay.o(.text)
    delay_ms                                 0x08002bcd   Thumb Code    56  delay.o(.text)
    MY_NVIC_SetVectorTable                   0x08002c0d   Thumb Code    12  sys.o(.text)
    MY_NVIC_PriorityGroupConfig              0x08002c19   Thumb Code    36  sys.o(.text)
    MY_NVIC_Init                             0x08002c3d   Thumb Code   116  sys.o(.text)
    Ex_NVIC_Config                           0x08002cb1   Thumb Code   168  sys.o(.text)
    GPIO_AF_Set                              0x08002d59   Thumb Code    64  sys.o(.text)
    GPIO_Set                                 0x08002d99   Thumb Code   222  sys.o(.text)
    WFI_SET                                  0x08002e77   Thumb Code     4  sys.o(.text)
    INTX_DISABLE                             0x08002e7b   Thumb Code     4  sys.o(.text)
    INTX_ENABLE                              0x08002e7f   Thumb Code     4  sys.o(.text)
    Sys_Standby                              0x08002e83   Thumb Code    72  sys.o(.text)
    Sys_Soft_Reset                           0x08002ecb   Thumb Code    12  sys.o(.text)
    Sys_Clock_Set                            0x08002ed7   Thumb Code   266  sys.o(.text)
    Stm32_Clock_Init                         0x08002fe1   Thumb Code   134  sys.o(.text)
    _sys_exit                                0x08003071   Thumb Code     6  usart.o(.text)
    fputc                                    0x08003077   Thumb Code    22  usart.o(.text)
    USART1_IRQHandler                        0x0800308d   Thumb Code    28  usart.o(.text)
    uart_init                                0x080030a9   Thumb Code   240  usart.o(.text)
    USART_SendData                           0x08003199   Thumb Code     8  usart.o(.text)
    OV7670_Init                              0x080031b1   Thumb Code   312  ov7670.o(.text)
    OV7670_Light_Mode                        0x080032e9   Thumb Code    92  ov7670.o(.text)
    OV7670_Color_Saturation                  0x08003345   Thumb Code   122  ov7670.o(.text)
    OV7670_Brightness                        0x080033bf   Thumb Code    50  ov7670.o(.text)
    OV7670_Contrast                          0x080033f1   Thumb Code    50  ov7670.o(.text)
    OV7670_Special_Effects                   0x08003423   Thumb Code   106  ov7670.o(.text)
    OV7670_Window_Set                        0x0800348d   Thumb Code   138  ov7670.o(.text)
    SCCB_Init                                0x0800352d   Thumb Code    68  sccb.o(.text)
    SCCB_Start                               0x08003571   Thumb Code    42  sccb.o(.text)
    SCCB_Stop                                0x0800359b   Thumb Code    42  sccb.o(.text)
    SCCB_No_Ack                              0x080035c5   Thumb Code    56  sccb.o(.text)
    SCCB_WR_Byte                             0x080035fd   Thumb Code   154  sccb.o(.text)
    SCCB_RD_Byte                             0x08003697   Thumb Code   104  sccb.o(.text)
    SCCB_WR_Reg                              0x080036ff   Thumb Code    62  sccb.o(.text)
    SCCB_RD_Reg                              0x0800373d   Thumb Code    78  sccb.o(.text)
    TIM4_Int_Init                            0x0800379d   Thumb Code    84  timer.o(.text)
    TIM3_Int_Init                            0x080037f1   Thumb Code    84  timer.o(.text)
    TIM9_Int_Init                            0x08003845   Thumb Code    74  timer.o(.text)
    TIM2_Init                                0x0800388f   Thumb Code   110  timer.o(.text)
    TIM5_Int_Init                            0x080038fd   Thumb Code    88  timer.o(.text)
    TIM2_IRQHandler                          0x08003955   Thumb Code   174  timer.o(.text)
    TIM5_IRQHandler                          0x08003a03   Thumb Code   194  timer.o(.text)
    TIM3_IRQHandler                          0x08003ac5   Thumb Code   392  timer.o(.text)
    TIM9_IRQHandler                          0x08003c4d   Thumb Code   172  timer.o(.text)
    TIM4_IRQHandler                          0x08003cf9   Thumb Code   110  timer.o(.text)
    EXTI9_5_IRQHandler                       0x08003da9   Thumb Code    64  exti.o(.text)
    EXTI3_IRQHandler                         0x08003de9   Thumb Code   148  exti.o(.text)
    EXTI9_Init                               0x08003e7d   Thumb Code    26  exti.o(.text)
    EXTIX_Init                               0x08003e97   Thumb Code    26  exti.o(.text)
    MYDMA_Config                             0x08003ef1   Thumb Code   284  dma.o(.text)
    MYDMA_Enable                             0x0800400d   Thumb Code    32  dma.o(.text)
    GpioInit                                 0x08004039   Thumb Code   296  gpio.o(.text)
    UltrasonicTrigger                        0x08004161   Thumb Code    24  gpio.o(.text)
    __use_no_semihosting                     0x0800419d   Thumb Code     2  use_no_semi_2.o(.text)
    __2printf                                0x080041a1   Thumb Code    20  noretval__2printf.o(.text)
    __aeabi_memcpy4                          0x080041b9   Thumb Code     0  rt_memcpy_w.o(.text)
    __aeabi_memcpy8                          0x080041b9   Thumb Code     0  rt_memcpy_w.o(.text)
    __rt_memcpy_w                            0x080041b9   Thumb Code   100  rt_memcpy_w.o(.text)
    _memcpy_lastbytes_aligned                0x08004201   Thumb Code     0  rt_memcpy_w.o(.text)
    __aeabi_memclr                           0x0800421d   Thumb Code     0  rt_memclr.o(.text)
    __rt_memclr                              0x0800421d   Thumb Code    68  rt_memclr.o(.text)
    _memset                                  0x08004221   Thumb Code     0  rt_memclr.o(.text)
    __aeabi_memclr4                          0x08004261   Thumb Code     0  rt_memclr_w.o(.text)
    __aeabi_memclr8                          0x08004261   Thumb Code     0  rt_memclr_w.o(.text)
    __rt_memclr_w                            0x08004261   Thumb Code    78  rt_memclr_w.o(.text)
    _memset_w                                0x08004265   Thumb Code     0  rt_memclr_w.o(.text)
    __use_two_region_memory                  0x080042af   Thumb Code     2  heapauxi.o(.text)
    __rt_heap_escrow$2region                 0x080042b1   Thumb Code     2  heapauxi.o(.text)
    __rt_heap_expand$2region                 0x080042b3   Thumb Code     2  heapauxi.o(.text)
    __I$use$semihosting                      0x080042b5   Thumb Code     0  use_no_semi.o(.text)
    __use_no_semihosting_swi                 0x080042b5   Thumb Code     2  use_no_semi.o(.text)
    __read_errno                             0x080042b7   Thumb Code    10  _rserrno.o(.text)
    __set_errno                              0x080042c1   Thumb Code    12  _rserrno.o(.text)
    _printf_char_file                        0x080042cd   Thumb Code    32  _printf_char_file.o(.text)
    __aeabi_errno_addr                       0x080042f1   Thumb Code     8  rt_errno_addr_intlibspace.o(.text)
    __errno$intlibspace                      0x080042f1   Thumb Code     0  rt_errno_addr_intlibspace.o(.text)
    __rt_errno_addr$intlibspace              0x080042f1   Thumb Code     0  rt_errno_addr_intlibspace.o(.text)
    _printf_char_common                      0x08004303   Thumb Code    32  _printf_char_common.o(.text)
    ferror                                   0x08004329   Thumb Code     8  ferror.o(.text)
    __user_libspace                          0x08004331   Thumb Code     8  libspace.o(.text)
    __user_perproc_libspace                  0x08004331   Thumb Code     0  libspace.o(.text)
    __user_perthread_libspace                0x08004331   Thumb Code     0  libspace.o(.text)
    __user_setup_stackheap                   0x08004339   Thumb Code    74  sys_stackheap_outer.o(.text)
    __printf                                 0x08004383   Thumb Code    40  __printf_nopercent.o(.text)
    exit                                     0x080043ab   Thumb Code    12  exit.o(.text)
    __ARM_fpclassify                         0x080043b7   Thumb Code    48  fpclassify.o(i.__ARM_fpclassify)
    __hardfp_cos                             0x080043e9   Thumb Code   180  cos.o(i.__hardfp_cos)
    __hardfp_sin                             0x080044b1   Thumb Code   180  sin.o(i.__hardfp_sin)
    __ieee754_rem_pio2                       0x08004579   Thumb Code   938  rred.o(i.__ieee754_rem_pio2)
    __kernel_cos                             0x080049b1   Thumb Code   322  cos_i.o(i.__kernel_cos)
    __kernel_poly                            0x08004b21   Thumb Code   248  poly.o(i.__kernel_poly)
    __kernel_sin                             0x08004c19   Thumb Code   280  sin_i.o(i.__kernel_sin)
    __mathlib_dbl_infnan                     0x08004d49   Thumb Code    20  dunder.o(i.__mathlib_dbl_infnan)
    __mathlib_dbl_invalid                    0x08004d61   Thumb Code    24  dunder.o(i.__mathlib_dbl_invalid)
    __mathlib_dbl_underflow                  0x08004d81   Thumb Code    24  dunder.o(i.__mathlib_dbl_underflow)
    fabs                                     0x08004da1   Thumb Code    24  fabs.o(i.fabs)
    __aeabi_dneg                             0x08004db9   Thumb Code     0  basic.o(x$fpl$basic)
    _dneg                                    0x08004db9   Thumb Code     6  basic.o(x$fpl$basic)
    __aeabi_fneg                             0x08004dbf   Thumb Code     0  basic.o(x$fpl$basic)
    _fneg                                    0x08004dbf   Thumb Code     6  basic.o(x$fpl$basic)
    _dabs                                    0x08004dc5   Thumb Code     6  basic.o(x$fpl$basic)
    _fabs                                    0x08004dcb   Thumb Code     6  basic.o(x$fpl$basic)
    __aeabi_dadd                             0x08004dd1   Thumb Code     0  daddsub_clz.o(x$fpl$dadd)
    _dadd                                    0x08004dd1   Thumb Code   332  daddsub_clz.o(x$fpl$dadd)
    __fpl_dcmp_Inf                           0x08004f21   Thumb Code    24  dcmpi.o(x$fpl$dcmpinf)
    __aeabi_ddiv                             0x08004f39   Thumb Code     0  ddiv.o(x$fpl$ddiv)
    _ddiv                                    0x08004f39   Thumb Code   552  ddiv.o(x$fpl$ddiv)
    __aeabi_d2iz                             0x080051e9   Thumb Code     0  dfix.o(x$fpl$dfix)
    _dfix                                    0x080051e9   Thumb Code    94  dfix.o(x$fpl$dfix)
    __aeabi_d2uiz                            0x08005249   Thumb Code     0  dfixu.o(x$fpl$dfixu)
    _dfixu                                   0x08005249   Thumb Code    90  dfixu.o(x$fpl$dfixu)
    __aeabi_i2d                              0x080052a3   Thumb Code     0  dflt_clz.o(x$fpl$dflt)
    _dflt                                    0x080052a3   Thumb Code    46  dflt_clz.o(x$fpl$dflt)
    __aeabi_ui2d                             0x080052d1   Thumb Code     0  dflt_clz.o(x$fpl$dfltu)
    _dfltu                                   0x080052d1   Thumb Code    38  dflt_clz.o(x$fpl$dfltu)
    __aeabi_cdcmple                          0x080052f9   Thumb Code     0  dleqf.o(x$fpl$dleqf)
    _dcmple                                  0x080052f9   Thumb Code   120  dleqf.o(x$fpl$dleqf)
    __fpl_dcmple_InfNaN                      0x0800535b   Thumb Code     0  dleqf.o(x$fpl$dleqf)
    __aeabi_dmul                             0x08005371   Thumb Code     0  dmul.o(x$fpl$dmul)
    _dmul                                    0x08005371   Thumb Code   332  dmul.o(x$fpl$dmul)
    __fpl_dnaninf                            0x080054c5   Thumb Code   156  dnaninf.o(x$fpl$dnaninf)
    __fpl_dretinf                            0x08005561   Thumb Code    12  dretinf.o(x$fpl$dretinf)
    __aeabi_cdrcmple                         0x0800556d   Thumb Code     0  drleqf.o(x$fpl$drleqf)
    _drcmple                                 0x0800556d   Thumb Code   108  drleqf.o(x$fpl$drleqf)
    __aeabi_drsub                            0x080055d9   Thumb Code     0  daddsub_clz.o(x$fpl$drsb)
    _drsb                                    0x080055d9   Thumb Code    22  daddsub_clz.o(x$fpl$drsb)
    __aeabi_dsub                             0x080055f1   Thumb Code     0  daddsub_clz.o(x$fpl$dsub)
    _dsub                                    0x080055f1   Thumb Code   464  daddsub_clz.o(x$fpl$dsub)
    __aeabi_f2d                              0x080057c5   Thumb Code     0  f2d.o(x$fpl$f2d)
    _f2d                                     0x080057c5   Thumb Code    86  f2d.o(x$fpl$f2d)
    __fpl_fnaninf                            0x0800581b   Thumb Code   140  fnaninf.o(x$fpl$fnaninf)
    _fp_init                                 0x080058a7   Thumb Code    10  fpinit.o(x$fpl$fpinit)
    __fplib_config_fpu_vfp                   0x080058af   Thumb Code     0  fpinit.o(x$fpl$fpinit)
    __fplib_config_pureend_doubles           0x080058af   Thumb Code     0  fpinit.o(x$fpl$fpinit)
    __I$use$fp                               0x080058b0   Number         0  usenofp.o(x$fpl$usenofp)
    ov7670_init_reg_tbl                      0x080058b0   Data         230  ov7670.o(.constdata)
    ov7670_init_reg_tbl_YUV                  0x08005996   Data         348  ov7670.o(.constdata)
    Region$$Table$$Base                      0x08005c18   Number         0  anon$$obj.o(Region$$Table)
    Region$$Table$$Limit                     0x08005c38   Number         0  anon$$obj.o(Region$$Table)
    timeIsUp                                 0x20000000   Data           1  main.o(.data)
    processingTimeIsUp                       0x20000001   Data           1  main.o(.data)
    AddWaterTime                             0x20000002   Data           2  main.o(.data)
    x_circle                                 0x20000004   Data           4  pic_process.o(.data)
    y_circle                                 0x20000008   Data           4  pic_process.o(.data)
    r_circle                                 0x2000000c   Data           4  pic_process.o(.data)
    max                                      0x20000010   Data           4  pic_process.o(.data)
    max_dynamic                              0x20000014   Data           4  pic_process.o(.data)
    static_flag1                             0x20000018   Data           4  pic_process.o(.data)
    static_flag2                             0x2000001c   Data           4  pic_process.o(.data)
    ThereIsACircle                           0x20000020   Data           1  pic_process.o(.data)
    __stdout                                 0x20000028   Data           4  usart.o(.data)
    USART_RX_STA                             0x2000002c   Data           2  usart.o(.data)
    TIM3_count                               0x2000002e   Data           1  timer.o(.data)
    TIM2_count                               0x2000002f   Data           1  timer.o(.data)
    TIM4_count                               0x20000030   Data           1  timer.o(.data)
    TIM9_count                               0x20000031   Data           1  timer.o(.data)
    temp                                     0x20000032   Data           2  timer.o(.data)
    length                                   0x20000034   Data           2  timer.o(.data)
    TIM2CH1_CAPTURE_STA                      0x20000036   Data           1  timer.o(.data)
    TIM2CH1_CAPTURE_VAL                      0x20000038   Data           2  timer.o(.data)
    ov_sta                                   0x2000003c   Data           1  exti.o(.data)
    isGlass                                  0x2000003d   Data           1  exti.o(.data)
    Processing                               0x2000003e   Data           1  exti.o(.data)
    times                                    0x20000040   Data           4  exti.o(.data)
    i                                        0x20000044   Data           4  exti.o(.data)
    j                                        0x20000048   Data           4  exti.o(.data)
    k                                        0x2000004c   Data           4  exti.o(.data)
    Pic_Buff_Background                      0x20000050   Data        4800  pic_process.o(.bss)
    Pic_Buff_Dup                             0x20001310   Data        4800  pic_process.o(.bss)
    Pic_Buff_Temp                            0x200025d0   Data        4800  pic_process.o(.bss)
    Pic_Buff                                 0x20003890   Data        4800  pic_process.o(.bss)
    SendBuff                                 0x20004b50   Data        4806  pic_process.o(.bss)
    hough_space                              0x20005e16   Data       52800  pic_process.o(.bss)
    gray_density_array                       0x20012c58   Data        1028  pic_process.o(.bss)
    histEQU                                  0x2001305c   Data         256  pic_process.o(.bss)
    gray_array                               0x2001315c   Data         512  pic_process.o(.bss)
    pixel_count                              0x2001335c   Data          36  pic_process.o(.bss)
    __libspace_start                         0x20013380   Data          96  libspace.o(.bss)
    __temporary_stack_top$libspace           0x200133e0   Data           0  libspace.o(.bss)



==============================================================================

Memory Map of the image

  Image Entry point : 0x08000189

  Load Region LR_IROM1 (Base: 0x08000000, Size: 0x00005c88, Max: 0x00100000, ABSOLUTE)

    Execution Region ER_IROM1 (Base: 0x08000000, Size: 0x00005c38, Max: 0x00100000, ABSOLUTE)

    Base Addr    Size         Type   Attr      Idx    E Section Name        Object

    0x08000000   0x00000188   Data   RO            3    RESET               startup_stm32f40_41xxx.o
    0x08000188   0x00000008   Code   RO          375  * !!!main             c_w.l(__main.o)
    0x08000190   0x00000034   Code   RO          651    !!!scatter          c_w.l(__scatter.o)
    0x080001c4   0x0000001a   Code   RO          653    !!handler_copy      c_w.l(__scatter_copy.o)
    0x080001de   0x00000002   PAD
    0x080001e0   0x0000001c   Code   RO          655    !!handler_zi        c_w.l(__scatter_zi.o)
    0x080001fc   0x00000002   Code   RO          529    .ARM.Collect$$libinit$$00000000  c_w.l(libinit.o)
    0x080001fe   0x00000004   Code   RO          532    .ARM.Collect$$libinit$$00000001  c_w.l(libinit2.o)
    0x08000202   0x00000000   Code   RO          535    .ARM.Collect$$libinit$$00000004  c_w.l(libinit2.o)
    0x08000202   0x00000000   Code   RO          538    .ARM.Collect$$libinit$$0000000A  c_w.l(libinit2.o)
    0x08000202   0x00000000   Code   RO          540    .ARM.Collect$$libinit$$0000000C  c_w.l(libinit2.o)
    0x08000202   0x00000000   Code   RO          542    .ARM.Collect$$libinit$$0000000E  c_w.l(libinit2.o)
    0x08000202   0x00000000   Code   RO          545    .ARM.Collect$$libinit$$00000011  c_w.l(libinit2.o)
    0x08000202   0x00000000   Code   RO          547    .ARM.Collect$$libinit$$00000013  c_w.l(libinit2.o)
    0x08000202   0x00000000   Code   RO          549    .ARM.Collect$$libinit$$00000015  c_w.l(libinit2.o)
    0x08000202   0x00000000   Code   RO          551    .ARM.Collect$$libinit$$00000017  c_w.l(libinit2.o)
    0x08000202   0x00000000   Code   RO          553    .ARM.Collect$$libinit$$00000019  c_w.l(libinit2.o)
    0x08000202   0x00000000   Code   RO          555    .ARM.Collect$$libinit$$0000001B  c_w.l(libinit2.o)
    0x08000202   0x00000000   Code   RO          557    .ARM.Collect$$libinit$$0000001D  c_w.l(libinit2.o)
    0x08000202   0x00000000   Code   RO          559    .ARM.Collect$$libinit$$0000001F  c_w.l(libinit2.o)
    0x08000202   0x00000000   Code   RO          561    .ARM.Collect$$libinit$$00000021  c_w.l(libinit2.o)
    0x08000202   0x00000000   Code   RO          563    .ARM.Collect$$libinit$$00000023  c_w.l(libinit2.o)
    0x08000202   0x00000000   Code   RO          565    .ARM.Collect$$libinit$$00000025  c_w.l(libinit2.o)
    0x08000202   0x00000000   Code   RO          569    .ARM.Collect$$libinit$$0000002C  c_w.l(libinit2.o)
    0x08000202   0x00000000   Code   RO          571    .ARM.Collect$$libinit$$0000002E  c_w.l(libinit2.o)
    0x08000202   0x00000000   Code   RO          573    .ARM.Collect$$libinit$$00000030  c_w.l(libinit2.o)
    0x08000202   0x00000000   Code   RO          575    .ARM.Collect$$libinit$$00000032  c_w.l(libinit2.o)
    0x08000202   0x00000002   Code   RO          576    .ARM.Collect$$libinit$$00000033  c_w.l(libinit2.o)
    0x08000204   0x00000002   Code   RO          594    .ARM.Collect$$libshutdown$$00000000  c_w.l(libshutdown.o)
    0x08000206   0x00000000   Code   RO          605    .ARM.Collect$$libshutdown$$00000003  c_w.l(libshutdown2.o)
    0x08000206   0x00000000   Code   RO          608    .ARM.Collect$$libshutdown$$00000006  c_w.l(libshutdown2.o)
    0x08000206   0x00000000   Code   RO          611    .ARM.Collect$$libshutdown$$00000009  c_w.l(libshutdown2.o)
    0x08000206   0x00000000   Code   RO          613    .ARM.Collect$$libshutdown$$0000000B  c_w.l(libshutdown2.o)
    0x08000206   0x00000000   Code   RO          616    .ARM.Collect$$libshutdown$$0000000E  c_w.l(libshutdown2.o)
    0x08000206   0x00000002   Code   RO          617    .ARM.Collect$$libshutdown$$0000000F  c_w.l(libshutdown2.o)
    0x08000208   0x00000000   Code   RO          435    .ARM.Collect$$rtentry$$00000000  c_w.l(__rtentry.o)
    0x08000208   0x00000000   Code   RO          480    .ARM.Collect$$rtentry$$00000002  c_w.l(__rtentry2.o)
    0x08000208   0x00000006   Code   RO          492    .ARM.Collect$$rtentry$$00000004  c_w.l(__rtentry4.o)
    0x0800020e   0x00000000   Code   RO          482    .ARM.Collect$$rtentry$$00000009  c_w.l(__rtentry2.o)
    0x0800020e   0x00000004   Code   RO          483    .ARM.Collect$$rtentry$$0000000A  c_w.l(__rtentry2.o)
    0x08000212   0x00000000   Code   RO          485    .ARM.Collect$$rtentry$$0000000C  c_w.l(__rtentry2.o)
    0x08000212   0x00000008   Code   RO          486    .ARM.Collect$$rtentry$$0000000D  c_w.l(__rtentry2.o)
    0x0800021a   0x00000002   Code   RO          530    .ARM.Collect$$rtexit$$00000000  c_w.l(rtexit.o)
    0x0800021c   0x00000000   Code   RO          578    .ARM.Collect$$rtexit$$00000002  c_w.l(rtexit2.o)
    0x0800021c   0x00000004   Code   RO          579    .ARM.Collect$$rtexit$$00000003  c_w.l(rtexit2.o)
    0x08000220   0x00000006   Code   RO          580    .ARM.Collect$$rtexit$$00000004  c_w.l(rtexit2.o)
    0x08000226   0x00000002   PAD
    0x08000228   0x00000044   Code   RO            4    .text               startup_stm32f40_41xxx.o
    0x0800026c   0x000001ec   Code   RO           12    .text               main.o
    0x08000458   0x000026cc   Code   RO           97    .text               pic_process.o
    0x08002b24   0x000000e8   Code   RO          143    .text               delay.o
    0x08002c0c   0x00000464   Code   RO          166    .text               sys.o
    0x08003070   0x00000140   Code   RO          189    .text               usart.o
    0x080031b0   0x0000037c   Code   RO          220    .text               ov7670.o
    0x0800352c   0x00000270   Code   RO          249    .text               sccb.o
    0x0800379c   0x0000060c   Code   RO          269    .text               timer.o
    0x08003da8   0x00000148   Code   RO          293    .text               exti.o
    0x08003ef0   0x00000148   Code   RO          321    .text               dma.o
    0x08004038   0x00000164   Code   RO          341    .text               gpio.o
    0x0800419c   0x00000002   Code   RO          361    .text               c_w.l(use_no_semi_2.o)
    0x0800419e   0x00000002   PAD
    0x080041a0   0x00000018   Code   RO          365    .text               c_w.l(noretval__2printf.o)
    0x080041b8   0x00000064   Code   RO          367    .text               c_w.l(rt_memcpy_w.o)
    0x0800421c   0x00000044   Code   RO          369    .text               c_w.l(rt_memclr.o)
    0x08004260   0x0000004e   Code   RO          371    .text               c_w.l(rt_memclr_w.o)
    0x080042ae   0x00000006   Code   RO          373    .text               c_w.l(heapauxi.o)
    0x080042b4   0x00000002   Code   RO          433    .text               c_w.l(use_no_semi.o)
    0x080042b6   0x00000016   Code   RO          436    .text               c_w.l(_rserrno.o)
    0x080042cc   0x00000024   Code   RO          438    .text               c_w.l(_printf_char_file.o)
    0x080042f0   0x00000008   Code   RO          497    .text               c_w.l(rt_errno_addr_intlibspace.o)
    0x080042f8   0x00000030   Code   RO          499    .text               c_w.l(_printf_char_common.o)
    0x08004328   0x00000008   Code   RO          501    .text               c_w.l(ferror.o)
    0x08004330   0x00000008   Code   RO          515    .text               c_w.l(libspace.o)
    0x08004338   0x0000004a   Code   RO          518    .text               c_w.l(sys_stackheap_outer.o)
    0x08004382   0x00000028   Code   RO          520    .text               c_w.l(__printf_nopercent.o)
    0x080043aa   0x0000000c   Code   RO          522    .text               c_w.l(exit.o)
    0x080043b6   0x00000030   Code   RO          511    i.__ARM_fpclassify  m_wm.l(fpclassify.o)
    0x080043e6   0x00000002   PAD
    0x080043e8   0x000000c8   Code   RO          409    i.__hardfp_cos      m_wm.l(cos.o)
    0x080044b0   0x000000c8   Code   RO          421    i.__hardfp_sin      m_wm.l(sin.o)
    0x08004578   0x00000438   Code   RO          468    i.__ieee754_rem_pio2  m_wm.l(rred.o)
    0x080049b0   0x00000170   Code   RO          451    i.__kernel_cos      m_wm.l(cos_i.o)
    0x08004b20   0x000000f8   Code   RO          513    i.__kernel_poly     m_wm.l(poly.o)
    0x08004c18   0x00000130   Code   RO          473    i.__kernel_sin      m_wm.l(sin_i.o)
    0x08004d48   0x00000014   Code   RO          455    i.__mathlib_dbl_infnan  m_wm.l(dunder.o)
    0x08004d5c   0x00000004   PAD
    0x08004d60   0x00000020   Code   RO          457    i.__mathlib_dbl_invalid  m_wm.l(dunder.o)
    0x08004d80   0x00000020   Code   RO          460    i.__mathlib_dbl_underflow  m_wm.l(dunder.o)
    0x08004da0   0x00000018   Code   RO          507    i.fabs              m_wm.l(fabs.o)
    0x08004db8   0x00000018   Code   RO          440    x$fpl$basic         fz_wm.l(basic.o)
    0x08004dd0   0x00000150   Code   RO          377    x$fpl$dadd          fz_wm.l(daddsub_clz.o)
    0x08004f20   0x00000018   Code   RO          442    x$fpl$dcmpinf       fz_wm.l(dcmpi.o)
    0x08004f38   0x000002b0   Code   RO          384    x$fpl$ddiv          fz_wm.l(ddiv.o)
    0x080051e8   0x0000005e   Code   RO          387    x$fpl$dfix          fz_wm.l(dfix.o)
    0x08005246   0x00000002   PAD
    0x08005248   0x0000005a   Code   RO          391    x$fpl$dfixu         fz_wm.l(dfixu.o)
    0x080052a2   0x0000002e   Code   RO          396    x$fpl$dflt          fz_wm.l(dflt_clz.o)
    0x080052d0   0x00000026   Code   RO          395    x$fpl$dfltu         fz_wm.l(dflt_clz.o)
    0x080052f6   0x00000002   PAD
    0x080052f8   0x00000078   Code   RO          401    x$fpl$dleqf         fz_wm.l(dleqf.o)
    0x08005370   0x00000154   Code   RO          403    x$fpl$dmul          fz_wm.l(dmul.o)
    0x080054c4   0x0000009c   Code   RO          444    x$fpl$dnaninf       fz_wm.l(dnaninf.o)
    0x08005560   0x0000000c   Code   RO          446    x$fpl$dretinf       fz_wm.l(dretinf.o)
    0x0800556c   0x0000006c   Code   RO          405    x$fpl$drleqf        fz_wm.l(drleqf.o)
    0x080055d8   0x00000016   Code   RO          378    x$fpl$drsb          fz_wm.l(daddsub_clz.o)
    0x080055ee   0x00000002   PAD
    0x080055f0   0x000001d4   Code   RO          379    x$fpl$dsub          fz_wm.l(daddsub_clz.o)
    0x080057c4   0x00000056   Code   RO          407    x$fpl$f2d           fz_wm.l(f2d.o)
    0x0800581a   0x0000008c   Code   RO          448    x$fpl$fnaninf       fz_wm.l(fnaninf.o)
    0x080058a6   0x0000000a   Code   RO          586    x$fpl$fpinit        fz_wm.l(fpinit.o)
    0x080058b0   0x00000000   Code   RO          450    x$fpl$usenofp       fz_wm.l(usenofp.o)
    0x080058b0   0x00000242   Data   RO          221    .constdata          ov7670.o
    0x08005af2   0x00000006   PAD
    0x08005af8   0x00000030   Data   RO          452    .constdata          m_wm.l(cos_i.o)
    0x08005b28   0x000000c8   Data   RO          470    .constdata          m_wm.l(rred.o)
    0x08005bf0   0x00000028   Data   RO          474    .constdata          m_wm.l(sin_i.o)
    0x08005c18   0x00000020   Data   RO          649    Region$$Table       anon$$obj.o


    Execution Region RW_IRAM1 (Base: 0x20000000, Size: 0x000137e0, Max: 0x00020000, ABSOLUTE)

    Base Addr    Size         Type   Attr      Idx    E Section Name        Object

    0x20000000   0x00000004   Data   RW           13    .data               main.o
    0x20000004   0x0000001d   Data   RW           99    .data               pic_process.o
    0x20000021   0x00000001   PAD
    0x20000022   0x00000004   Data   RW          144    .data               delay.o
    0x20000026   0x00000002   PAD
    0x20000028   0x00000006   Data   RW          191    .data               usart.o
    0x2000002e   0x0000000c   Data   RW          270    .data               timer.o
    0x2000003a   0x00000002   PAD
    0x2000003c   0x00000014   Data   RW          294    .data               exti.o
    0x20000050   0x00013330   Zero   RW           98    .bss                pic_process.o
    0x20013380   0x00000060   Zero   RW          516    .bss                c_w.l(libspace.o)
    0x200133e0   0x00000000   Zero   RW            2    HEAP                startup_stm32f40_41xxx.o
    0x200133e0   0x00000400   Zero   RW            1    STACK               startup_stm32f40_41xxx.o


==============================================================================

Image component sizes


      Code (inc. data)   RO Data    RW Data    ZI Data      Debug   Object Name

       232          8          0          4          0       1293   delay.o
       328         12          0          0          0       1396   dma.o
       328         64          0         20          0       2066   exti.o
       356         36          0          0          0        645   gpio.o
       492         38          0          4          0     234277   main.o
       892         30        578          0          0       3037   ov7670.o
      9932        380          0         29      78640      13670   pic_process.o
       624         18          0          0          0       1975   sccb.o
        68         24        392          0       1024        864   startup_stm32f40_41xxx.o
      1124         46          0          0          0       3809   sys.o
      1548        138          0         12          0       3314   timer.o
       320         16          0          6          0       3561   usart.o

    ----------------------------------------------------------------------
     16244        810       1008         80      79664     269907   Object Totals
         0          0         32          0          0          0   (incl. Generated)
         0          0          6          5          0          0   (incl. Padding)

    ----------------------------------------------------------------------

      Code (inc. data)   RO Data    RW Data    ZI Data      Debug   Library Member Name

         8          0          0          0          0         68   __main.o
        40          0          0          0          0         84   __printf_nopercent.o
         0          0          0          0          0          0   __rtentry.o
        12          0          0          0          0          0   __rtentry2.o
         6          0          0          0          0          0   __rtentry4.o
        52          8          0          0          0          0   __scatter.o
        26          0          0          0          0          0   __scatter_copy.o
        28          0          0          0          0          0   __scatter_zi.o
        48          6          0          0          0         96   _printf_char_common.o
        36          4          0          0          0         80   _printf_char_file.o
        22          0          0          0          0        100   _rserrno.o
        12          0          0          0          0         72   exit.o
         8          0          0          0          0         68   ferror.o
         6          0          0          0          0        152   heapauxi.o
         2          0          0          0          0          0   libinit.o
         6          0          0          0          0          0   libinit2.o
         2          0          0          0          0          0   libshutdown.o
         2          0          0          0          0          0   libshutdown2.o
         8          4          0          0         96         68   libspace.o
        24          4          0          0          0         84   noretval__2printf.o
         8          4          0          0          0         68   rt_errno_addr_intlibspace.o
        68          0          0          0          0         68   rt_memclr.o
        78          0          0          0          0         80   rt_memclr_w.o
       100          0          0          0          0         80   rt_memcpy_w.o
         2          0          0          0          0          0   rtexit.o
        10          0          0          0          0          0   rtexit2.o
        74          0          0          0          0         80   sys_stackheap_outer.o
         2          0          0          0          0         68   use_no_semi.o
         2          0          0          0          0         68   use_no_semi_2.o
        24          0          0          0          0        164   basic.o
       826         16          0          0          0        492   daddsub_clz.o
        24          0          0          0          0        116   dcmpi.o
       688        140          0          0          0        256   ddiv.o
        94          4          0          0          0        140   dfix.o
        90          4          0          0          0        140   dfixu.o
        84          0          0          0          0        232   dflt_clz.o
       120          4          0          0          0        140   dleqf.o
       340         12          0          0          0        152   dmul.o
       156          4          0          0          0        140   dnaninf.o
        12          0          0          0          0        116   dretinf.o
       108          0          0          0          0        128   drleqf.o
        86          4          0          0          0        132   f2d.o
       140          4          0          0          0        132   fnaninf.o
        10          0          0          0          0        116   fpinit.o
         0          0          0          0          0          0   usenofp.o
       200         20          0          0          0        164   cos.o
       368         46         48          0          0        200   cos_i.o
        84         16          0          0          0        372   dunder.o
        24          0          0          0          0        124   fabs.o
        48          0          0          0          0        124   fpclassify.o
       248          0          0          0          0        152   poly.o
      1080        142        200          0          0        188   rred.o
       200         20          0          0          0        164   sin.o
       304         24         40          0          0        208   sin_i.o

    ----------------------------------------------------------------------
      6068        490        288          0         96       5676   Library Totals
        18          0          0          0          0          0   (incl. Padding)

    ----------------------------------------------------------------------

      Code (inc. data)   RO Data    RW Data    ZI Data      Debug   Library Name

       692         30          0          0         96       1384   c_w.l
      2802        192          0          0          0       2596   fz_wm.l
      2556        268        288          0          0       1696   m_wm.l

    ----------------------------------------------------------------------
      6068        490        288          0         96       5676   Library Totals

    ----------------------------------------------------------------------

==============================================================================


      Code (inc. data)   RO Data    RW Data    ZI Data      Debug   

     22312       1300       1296         80      79760     270407   Grand Totals
     22312       1300       1296         80      79760     270407   ELF Image Totals
     22312       1300       1296         80          0          0   ROM Totals

==============================================================================

    Total RO  Size (Code + RO Data)                23608 (  23.05kB)
    Total RW  Size (RW Data + ZI Data)             79840 (  77.97kB)
    Total ROM Size (Code + RO Data + RW Data)      23688 (  23.13kB)

==============================================================================

